Archive member included because of file (symbol)

/usr/local/bin/../lib/gcc/avr/4.7.2/../../../../avr/lib/avr5/libm.a(cmpsf2.o)
                              zombie_main.o (__ltsf2)
/usr/local/bin/../lib/gcc/avr/4.7.2/../../../../avr/lib/avr5/libm.a(floatsisf.o)
                              zombie_main.o (__floatsisf)
/usr/local/bin/../lib/gcc/avr/4.7.2/../../../../avr/lib/avr5/libm.a(fp_cmp.o)
                              /usr/local/bin/../lib/gcc/avr/4.7.2/../../../../avr/lib/avr5/libm.a(cmpsf2.o) (__fp_cmp)
/usr/local/bin/../lib/gcc/avr/4.7.2/../../../../avr/lib/avr5/libm.a(gesf2.o)
                              zombie_main.o (__gesf2)
../teensy_graphics/libteensy_graphics.a(graphics.o)
                              zombie_main.o (refresh)
../teensy_graphics/libteensy_graphics.a(lcd.o)
                              ../teensy_graphics/libteensy_graphics.a(graphics.o) (LCDWrite)
../teensy_graphics/libteensy_graphics.a(sprite.o)
                              zombie_main.o (init_sprite)
/usr/local/bin/../lib/gcc/avr/4.7.2/avr5/libgcc.a(_divmodhi4.o)
                              zombie_main.o (__divmodhi4)
/usr/local/bin/../lib/gcc/avr/4.7.2/avr5/libgcc.a(_exit.o)
                              /usr/local/bin/../lib/gcc/avr/4.7.2/../../../../avr/lib/avr5/crtm32u4.o (exit)
/usr/local/bin/../lib/gcc/avr/4.7.2/avr5/libgcc.a(_clear_bss.o)
                              zombie_main.o (__do_clear_bss)
/usr/local/bin/../lib/gcc/avr/4.7.2/avr5/libgcc.a(_udivmodhi4.o)
                              /usr/local/bin/../lib/gcc/avr/4.7.2/avr5/libgcc.a(_divmodhi4.o) (__udivmodhi4)
/usr/local/bin/../lib/gcc/avr/4.7.2/../../../../avr/lib/avr5/libm.a(addsf3.o)
                              ../teensy_graphics/libteensy_graphics.a(graphics.o) (__subsf3)
/usr/local/bin/../lib/gcc/avr/4.7.2/../../../../avr/lib/avr5/libm.a(addsf3x.o)
                              /usr/local/bin/../lib/gcc/avr/4.7.2/../../../../avr/lib/avr5/libm.a(addsf3.o) (__addsf3x)
/usr/local/bin/../lib/gcc/avr/4.7.2/../../../../avr/lib/avr5/libm.a(divsf3.o)
                              ../teensy_graphics/libteensy_graphics.a(graphics.o) (__divsf3)
/usr/local/bin/../lib/gcc/avr/4.7.2/../../../../avr/lib/avr5/libm.a(divsf3x.o)
                              /usr/local/bin/../lib/gcc/avr/4.7.2/../../../../avr/lib/avr5/libm.a(divsf3.o) (__divsf3x)
/usr/local/bin/../lib/gcc/avr/4.7.2/../../../../avr/lib/avr5/libm.a(fixunssfsi.o)
                              ../teensy_graphics/libteensy_graphics.a(sprite.o) (__fixunssfsi)
/usr/local/bin/../lib/gcc/avr/4.7.2/../../../../avr/lib/avr5/libm.a(fp_inf.o)
                              /usr/local/bin/../lib/gcc/avr/4.7.2/../../../../avr/lib/avr5/libm.a(addsf3x.o) (__fp_inf)
/usr/local/bin/../lib/gcc/avr/4.7.2/../../../../avr/lib/avr5/libm.a(fp_nan.o)
                              /usr/local/bin/../lib/gcc/avr/4.7.2/../../../../avr/lib/avr5/libm.a(addsf3x.o) (__fp_nan)
/usr/local/bin/../lib/gcc/avr/4.7.2/../../../../avr/lib/avr5/libm.a(fp_pscA.o)
                              /usr/local/bin/../lib/gcc/avr/4.7.2/../../../../avr/lib/avr5/libm.a(addsf3x.o) (__fp_pscA)
/usr/local/bin/../lib/gcc/avr/4.7.2/../../../../avr/lib/avr5/libm.a(fp_pscB.o)
                              /usr/local/bin/../lib/gcc/avr/4.7.2/../../../../avr/lib/avr5/libm.a(addsf3x.o) (__fp_pscB)
/usr/local/bin/../lib/gcc/avr/4.7.2/../../../../avr/lib/avr5/libm.a(fp_round.o)
                              /usr/local/bin/../lib/gcc/avr/4.7.2/../../../../avr/lib/avr5/libm.a(addsf3.o) (__fp_round)
/usr/local/bin/../lib/gcc/avr/4.7.2/../../../../avr/lib/avr5/libm.a(fp_split3.o)
                              /usr/local/bin/../lib/gcc/avr/4.7.2/../../../../avr/lib/avr5/libm.a(addsf3x.o) (__fp_split3)
/usr/local/bin/../lib/gcc/avr/4.7.2/../../../../avr/lib/avr5/libm.a(fp_zero.o)
                              /usr/local/bin/../lib/gcc/avr/4.7.2/../../../../avr/lib/avr5/libm.a(addsf3x.o) (__fp_zero)
/usr/local/bin/../lib/gcc/avr/4.7.2/../../../../avr/lib/avr5/libm.a(mulsf3.o)
                              ../teensy_graphics/libteensy_graphics.a(graphics.o) (__mulsf3)
/usr/local/bin/../lib/gcc/avr/4.7.2/../../../../avr/lib/avr5/libm.a(mulsf3x.o)
                              /usr/local/bin/../lib/gcc/avr/4.7.2/../../../../avr/lib/avr5/libm.a(mulsf3.o) (__mulsf3x)
/usr/local/bin/../lib/gcc/avr/4.7.2/../../../../avr/lib/avr5/libc.a(rand.o)
                              zombie_main.o (rand)
/usr/local/bin/../lib/gcc/avr/4.7.2/avr5/libgcc.a(_divmodsi4.o)
                              /usr/local/bin/../lib/gcc/avr/4.7.2/../../../../avr/lib/avr5/libc.a(rand.o) (__divmodsi4)
/usr/local/bin/../lib/gcc/avr/4.7.2/avr5/libgcc.a(_copy_data.o)
                              /usr/local/bin/../lib/gcc/avr/4.7.2/../../../../avr/lib/avr5/libc.a(rand.o) (__do_copy_data)
/usr/local/bin/../lib/gcc/avr/4.7.2/avr5/libgcc.a(_muluhisi3.o)
                              /usr/local/bin/../lib/gcc/avr/4.7.2/../../../../avr/lib/avr5/libc.a(rand.o) (__muluhisi3)
/usr/local/bin/../lib/gcc/avr/4.7.2/avr5/libgcc.a(_mulshisi3.o)
                              /usr/local/bin/../lib/gcc/avr/4.7.2/../../../../avr/lib/avr5/libc.a(rand.o) (__mulohisi3)
/usr/local/bin/../lib/gcc/avr/4.7.2/avr5/libgcc.a(_udivmodsi4.o)
                              /usr/local/bin/../lib/gcc/avr/4.7.2/avr5/libgcc.a(_divmodsi4.o) (__udivmodsi4)
/usr/local/bin/../lib/gcc/avr/4.7.2/avr5/libgcc.a(_umulhisi3.o)
                              /usr/local/bin/../lib/gcc/avr/4.7.2/avr5/libgcc.a(_muluhisi3.o) (__umulhisi3)

Allocating common symbols
Common symbol       size              file

screenBuffer        0x1f8             ../teensy_graphics/libteensy_graphics.a(graphics.o)
randy               0x2               zombie_main.o
randx               0x2               zombie_main.o

Discarded input sections

 .bss           0x00000000        0x0 /usr/local/bin/../lib/gcc/avr/4.7.2/../../../../avr/lib/avr5/crtm32u4.o
 .text          0x00000000        0x0 zombie_main.o
 .bss           0x00000000        0x0 zombie_main.o
 .text          0x00000000        0x0 /usr/local/bin/../lib/gcc/avr/4.7.2/../../../../avr/lib/avr5/libm.a(cmpsf2.o)
 .bss           0x00000000        0x0 /usr/local/bin/../lib/gcc/avr/4.7.2/../../../../avr/lib/avr5/libm.a(cmpsf2.o)
 .text          0x00000000        0x0 /usr/local/bin/../lib/gcc/avr/4.7.2/../../../../avr/lib/avr5/libm.a(floatsisf.o)
 .bss           0x00000000        0x0 /usr/local/bin/../lib/gcc/avr/4.7.2/../../../../avr/lib/avr5/libm.a(floatsisf.o)
 .text          0x00000000        0x0 /usr/local/bin/../lib/gcc/avr/4.7.2/../../../../avr/lib/avr5/libm.a(fp_cmp.o)
 .bss           0x00000000        0x0 /usr/local/bin/../lib/gcc/avr/4.7.2/../../../../avr/lib/avr5/libm.a(fp_cmp.o)
 .text          0x00000000        0x0 /usr/local/bin/../lib/gcc/avr/4.7.2/../../../../avr/lib/avr5/libm.a(gesf2.o)
 .bss           0x00000000        0x0 /usr/local/bin/../lib/gcc/avr/4.7.2/../../../../avr/lib/avr5/libm.a(gesf2.o)
 .text          0x00000000        0x0 ../teensy_graphics/libteensy_graphics.a(graphics.o)
 .bss           0x00000000        0x0 ../teensy_graphics/libteensy_graphics.a(graphics.o)
 .text.draw_line
                0x00000000      0x436 ../teensy_graphics/libteensy_graphics.a(graphics.o)
 .text.draw_character
                0x00000000       0xaa ../teensy_graphics/libteensy_graphics.a(graphics.o)
 .text.draw_string
                0x00000000       0x2a ../teensy_graphics/libteensy_graphics.a(graphics.o)
 .progmem.data  0x00000000      0x1e0 ../teensy_graphics/libteensy_graphics.a(graphics.o)
 .text          0x00000000        0x0 ../teensy_graphics/libteensy_graphics.a(lcd.o)
 .bss           0x00000000        0x0 ../teensy_graphics/libteensy_graphics.a(lcd.o)
 .text.LCDClear
                0x00000000       0x1a ../teensy_graphics/libteensy_graphics.a(lcd.o)
 .text.LCDCharacter
                0x00000000       0x52 ../teensy_graphics/libteensy_graphics.a(lcd.o)
 .text.LCDString
                0x00000000       0x18 ../teensy_graphics/libteensy_graphics.a(lcd.o)
 .progmem.data  0x00000000      0x1e0 ../teensy_graphics/libteensy_graphics.a(lcd.o)
 .text          0x00000000        0x0 ../teensy_graphics/libteensy_graphics.a(sprite.o)
 .bss           0x00000000        0x0 ../teensy_graphics/libteensy_graphics.a(sprite.o)
 .text          0x00000000        0x0 /usr/local/bin/../lib/gcc/avr/4.7.2/avr5/libgcc.a(_divmodhi4.o)
 .bss           0x00000000        0x0 /usr/local/bin/../lib/gcc/avr/4.7.2/avr5/libgcc.a(_divmodhi4.o)
 .text.libgcc.mul
                0x00000000        0x0 /usr/local/bin/../lib/gcc/avr/4.7.2/avr5/libgcc.a(_divmodhi4.o)
 .text.libgcc   0x00000000        0x0 /usr/local/bin/../lib/gcc/avr/4.7.2/avr5/libgcc.a(_divmodhi4.o)
 .text.libgcc.prologue
                0x00000000        0x0 /usr/local/bin/../lib/gcc/avr/4.7.2/avr5/libgcc.a(_divmodhi4.o)
 .text.libgcc.builtins
                0x00000000        0x0 /usr/local/bin/../lib/gcc/avr/4.7.2/avr5/libgcc.a(_divmodhi4.o)
 .text.libgcc.fmul
                0x00000000        0x0 /usr/local/bin/../lib/gcc/avr/4.7.2/avr5/libgcc.a(_divmodhi4.o)
 .text          0x00000000        0x0 /usr/local/bin/../lib/gcc/avr/4.7.2/avr5/libgcc.a(_exit.o)
 .bss           0x00000000        0x0 /usr/local/bin/../lib/gcc/avr/4.7.2/avr5/libgcc.a(_exit.o)
 .text.libgcc.mul
                0x00000000        0x0 /usr/local/bin/../lib/gcc/avr/4.7.2/avr5/libgcc.a(_exit.o)
 .text.libgcc.div
                0x00000000        0x0 /usr/local/bin/../lib/gcc/avr/4.7.2/avr5/libgcc.a(_exit.o)
 .text.libgcc   0x00000000        0x0 /usr/local/bin/../lib/gcc/avr/4.7.2/avr5/libgcc.a(_exit.o)
 .text.libgcc.prologue
                0x00000000        0x0 /usr/local/bin/../lib/gcc/avr/4.7.2/avr5/libgcc.a(_exit.o)
 .text.libgcc.builtins
                0x00000000        0x0 /usr/local/bin/../lib/gcc/avr/4.7.2/avr5/libgcc.a(_exit.o)
 .text.libgcc.fmul
                0x00000000        0x0 /usr/local/bin/../lib/gcc/avr/4.7.2/avr5/libgcc.a(_exit.o)
 .text          0x00000000        0x0 /usr/local/bin/../lib/gcc/avr/4.7.2/avr5/libgcc.a(_clear_bss.o)
 .bss           0x00000000        0x0 /usr/local/bin/../lib/gcc/avr/4.7.2/avr5/libgcc.a(_clear_bss.o)
 .text.libgcc.mul
                0x00000000        0x0 /usr/local/bin/../lib/gcc/avr/4.7.2/avr5/libgcc.a(_clear_bss.o)
 .text.libgcc.div
                0x00000000        0x0 /usr/local/bin/../lib/gcc/avr/4.7.2/avr5/libgcc.a(_clear_bss.o)
 .text.libgcc   0x00000000        0x0 /usr/local/bin/../lib/gcc/avr/4.7.2/avr5/libgcc.a(_clear_bss.o)
 .text.libgcc.prologue
                0x00000000        0x0 /usr/local/bin/../lib/gcc/avr/4.7.2/avr5/libgcc.a(_clear_bss.o)
 .text.libgcc.builtins
                0x00000000        0x0 /usr/local/bin/../lib/gcc/avr/4.7.2/avr5/libgcc.a(_clear_bss.o)
 .text.libgcc.fmul
                0x00000000        0x0 /usr/local/bin/../lib/gcc/avr/4.7.2/avr5/libgcc.a(_clear_bss.o)
 .text          0x00000000        0x0 /usr/local/bin/../lib/gcc/avr/4.7.2/avr5/libgcc.a(_udivmodhi4.o)
 .bss           0x00000000        0x0 /usr/local/bin/../lib/gcc/avr/4.7.2/avr5/libgcc.a(_udivmodhi4.o)
 .text.libgcc.mul
                0x00000000        0x0 /usr/local/bin/../lib/gcc/avr/4.7.2/avr5/libgcc.a(_udivmodhi4.o)
 .text.libgcc   0x00000000        0x0 /usr/local/bin/../lib/gcc/avr/4.7.2/avr5/libgcc.a(_udivmodhi4.o)
 .text.libgcc.prologue
                0x00000000        0x0 /usr/local/bin/../lib/gcc/avr/4.7.2/avr5/libgcc.a(_udivmodhi4.o)
 .text.libgcc.builtins
                0x00000000        0x0 /usr/local/bin/../lib/gcc/avr/4.7.2/avr5/libgcc.a(_udivmodhi4.o)
 .text.libgcc.fmul
                0x00000000        0x0 /usr/local/bin/../lib/gcc/avr/4.7.2/avr5/libgcc.a(_udivmodhi4.o)
 .text          0x00000000        0x0 /usr/local/bin/../lib/gcc/avr/4.7.2/../../../../avr/lib/avr5/libm.a(addsf3.o)
 .bss           0x00000000        0x0 /usr/local/bin/../lib/gcc/avr/4.7.2/../../../../avr/lib/avr5/libm.a(addsf3.o)
 .text          0x00000000        0x0 /usr/local/bin/../lib/gcc/avr/4.7.2/../../../../avr/lib/avr5/libm.a(addsf3x.o)
 .bss           0x00000000        0x0 /usr/local/bin/../lib/gcc/avr/4.7.2/../../../../avr/lib/avr5/libm.a(addsf3x.o)
 .text          0x00000000        0x0 /usr/local/bin/../lib/gcc/avr/4.7.2/../../../../avr/lib/avr5/libm.a(divsf3.o)
 .bss           0x00000000        0x0 /usr/local/bin/../lib/gcc/avr/4.7.2/../../../../avr/lib/avr5/libm.a(divsf3.o)
 .text.avr-libc.fplib
                0x00000000        0x4 /usr/local/bin/../lib/gcc/avr/4.7.2/../../../../avr/lib/avr5/libm.a(divsf3.o)
 .text          0x00000000        0x0 /usr/local/bin/../lib/gcc/avr/4.7.2/../../../../avr/lib/avr5/libm.a(divsf3x.o)
 .bss           0x00000000        0x0 /usr/local/bin/../lib/gcc/avr/4.7.2/../../../../avr/lib/avr5/libm.a(divsf3x.o)
 .text.avr-libc.fplib
                0x00000000       0xcc /usr/local/bin/../lib/gcc/avr/4.7.2/../../../../avr/lib/avr5/libm.a(divsf3x.o)
 .text          0x00000000        0x0 /usr/local/bin/../lib/gcc/avr/4.7.2/../../../../avr/lib/avr5/libm.a(fixunssfsi.o)
 .bss           0x00000000        0x0 /usr/local/bin/../lib/gcc/avr/4.7.2/../../../../avr/lib/avr5/libm.a(fixunssfsi.o)
 .text          0x00000000        0x0 /usr/local/bin/../lib/gcc/avr/4.7.2/../../../../avr/lib/avr5/libm.a(fp_inf.o)
 .bss           0x00000000        0x0 /usr/local/bin/../lib/gcc/avr/4.7.2/../../../../avr/lib/avr5/libm.a(fp_inf.o)
 .text          0x00000000        0x0 /usr/local/bin/../lib/gcc/avr/4.7.2/../../../../avr/lib/avr5/libm.a(fp_nan.o)
 .bss           0x00000000        0x0 /usr/local/bin/../lib/gcc/avr/4.7.2/../../../../avr/lib/avr5/libm.a(fp_nan.o)
 .text          0x00000000        0x0 /usr/local/bin/../lib/gcc/avr/4.7.2/../../../../avr/lib/avr5/libm.a(fp_pscA.o)
 .bss           0x00000000        0x0 /usr/local/bin/../lib/gcc/avr/4.7.2/../../../../avr/lib/avr5/libm.a(fp_pscA.o)
 .text          0x00000000        0x0 /usr/local/bin/../lib/gcc/avr/4.7.2/../../../../avr/lib/avr5/libm.a(fp_pscB.o)
 .bss           0x00000000        0x0 /usr/local/bin/../lib/gcc/avr/4.7.2/../../../../avr/lib/avr5/libm.a(fp_pscB.o)
 .text          0x00000000        0x0 /usr/local/bin/../lib/gcc/avr/4.7.2/../../../../avr/lib/avr5/libm.a(fp_round.o)
 .bss           0x00000000        0x0 /usr/local/bin/../lib/gcc/avr/4.7.2/../../../../avr/lib/avr5/libm.a(fp_round.o)
 .text          0x00000000        0x0 /usr/local/bin/../lib/gcc/avr/4.7.2/../../../../avr/lib/avr5/libm.a(fp_split3.o)
 .bss           0x00000000        0x0 /usr/local/bin/../lib/gcc/avr/4.7.2/../../../../avr/lib/avr5/libm.a(fp_split3.o)
 .text          0x00000000        0x0 /usr/local/bin/../lib/gcc/avr/4.7.2/../../../../avr/lib/avr5/libm.a(fp_zero.o)
 .bss           0x00000000        0x0 /usr/local/bin/../lib/gcc/avr/4.7.2/../../../../avr/lib/avr5/libm.a(fp_zero.o)
 .text          0x00000000        0x0 /usr/local/bin/../lib/gcc/avr/4.7.2/../../../../avr/lib/avr5/libm.a(mulsf3.o)
 .bss           0x00000000        0x0 /usr/local/bin/../lib/gcc/avr/4.7.2/../../../../avr/lib/avr5/libm.a(mulsf3.o)
 .text.avr-libc.fplib
                0x00000000        0x4 /usr/local/bin/../lib/gcc/avr/4.7.2/../../../../avr/lib/avr5/libm.a(mulsf3.o)
 .text          0x00000000        0x0 /usr/local/bin/../lib/gcc/avr/4.7.2/../../../../avr/lib/avr5/libm.a(mulsf3x.o)
 .bss           0x00000000        0x0 /usr/local/bin/../lib/gcc/avr/4.7.2/../../../../avr/lib/avr5/libm.a(mulsf3x.o)
 .text.avr-libc.fplib
                0x00000000       0xc2 /usr/local/bin/../lib/gcc/avr/4.7.2/../../../../avr/lib/avr5/libm.a(mulsf3x.o)
 .text          0x00000000        0x0 /usr/local/bin/../lib/gcc/avr/4.7.2/../../../../avr/lib/avr5/libc.a(rand.o)
 .bss           0x00000000        0x0 /usr/local/bin/../lib/gcc/avr/4.7.2/../../../../avr/lib/avr5/libc.a(rand.o)
 .text          0x00000000        0x0 /usr/local/bin/../lib/gcc/avr/4.7.2/avr5/libgcc.a(_divmodsi4.o)
 .bss           0x00000000        0x0 /usr/local/bin/../lib/gcc/avr/4.7.2/avr5/libgcc.a(_divmodsi4.o)
 .text.libgcc.mul
                0x00000000        0x0 /usr/local/bin/../lib/gcc/avr/4.7.2/avr5/libgcc.a(_divmodsi4.o)
 .text.libgcc   0x00000000        0x0 /usr/local/bin/../lib/gcc/avr/4.7.2/avr5/libgcc.a(_divmodsi4.o)
 .text.libgcc.prologue
                0x00000000        0x0 /usr/local/bin/../lib/gcc/avr/4.7.2/avr5/libgcc.a(_divmodsi4.o)
 .text.libgcc.builtins
                0x00000000        0x0 /usr/local/bin/../lib/gcc/avr/4.7.2/avr5/libgcc.a(_divmodsi4.o)
 .text.libgcc.fmul
                0x00000000        0x0 /usr/local/bin/../lib/gcc/avr/4.7.2/avr5/libgcc.a(_divmodsi4.o)
 .text          0x00000000        0x0 /usr/local/bin/../lib/gcc/avr/4.7.2/avr5/libgcc.a(_copy_data.o)
 .bss           0x00000000        0x0 /usr/local/bin/../lib/gcc/avr/4.7.2/avr5/libgcc.a(_copy_data.o)
 .text.libgcc.mul
                0x00000000        0x0 /usr/local/bin/../lib/gcc/avr/4.7.2/avr5/libgcc.a(_copy_data.o)
 .text.libgcc.div
                0x00000000        0x0 /usr/local/bin/../lib/gcc/avr/4.7.2/avr5/libgcc.a(_copy_data.o)
 .text.libgcc   0x00000000        0x0 /usr/local/bin/../lib/gcc/avr/4.7.2/avr5/libgcc.a(_copy_data.o)
 .text.libgcc.prologue
                0x00000000        0x0 /usr/local/bin/../lib/gcc/avr/4.7.2/avr5/libgcc.a(_copy_data.o)
 .text.libgcc.builtins
                0x00000000        0x0 /usr/local/bin/../lib/gcc/avr/4.7.2/avr5/libgcc.a(_copy_data.o)
 .text.libgcc.fmul
                0x00000000        0x0 /usr/local/bin/../lib/gcc/avr/4.7.2/avr5/libgcc.a(_copy_data.o)
 .text          0x00000000        0x0 /usr/local/bin/../lib/gcc/avr/4.7.2/avr5/libgcc.a(_muluhisi3.o)
 .bss           0x00000000        0x0 /usr/local/bin/../lib/gcc/avr/4.7.2/avr5/libgcc.a(_muluhisi3.o)
 .text.libgcc.div
                0x00000000        0x0 /usr/local/bin/../lib/gcc/avr/4.7.2/avr5/libgcc.a(_muluhisi3.o)
 .text.libgcc   0x00000000        0x0 /usr/local/bin/../lib/gcc/avr/4.7.2/avr5/libgcc.a(_muluhisi3.o)
 .text.libgcc.prologue
                0x00000000        0x0 /usr/local/bin/../lib/gcc/avr/4.7.2/avr5/libgcc.a(_muluhisi3.o)
 .text.libgcc.builtins
                0x00000000        0x0 /usr/local/bin/../lib/gcc/avr/4.7.2/avr5/libgcc.a(_muluhisi3.o)
 .text.libgcc.fmul
                0x00000000        0x0 /usr/local/bin/../lib/gcc/avr/4.7.2/avr5/libgcc.a(_muluhisi3.o)
 .text          0x00000000        0x0 /usr/local/bin/../lib/gcc/avr/4.7.2/avr5/libgcc.a(_mulshisi3.o)
 .bss           0x00000000        0x0 /usr/local/bin/../lib/gcc/avr/4.7.2/avr5/libgcc.a(_mulshisi3.o)
 .text.libgcc.div
                0x00000000        0x0 /usr/local/bin/../lib/gcc/avr/4.7.2/avr5/libgcc.a(_mulshisi3.o)
 .text.libgcc   0x00000000        0x0 /usr/local/bin/../lib/gcc/avr/4.7.2/avr5/libgcc.a(_mulshisi3.o)
 .text.libgcc.prologue
                0x00000000        0x0 /usr/local/bin/../lib/gcc/avr/4.7.2/avr5/libgcc.a(_mulshisi3.o)
 .text.libgcc.builtins
                0x00000000        0x0 /usr/local/bin/../lib/gcc/avr/4.7.2/avr5/libgcc.a(_mulshisi3.o)
 .text.libgcc.fmul
                0x00000000        0x0 /usr/local/bin/../lib/gcc/avr/4.7.2/avr5/libgcc.a(_mulshisi3.o)
 .text          0x00000000        0x0 /usr/local/bin/../lib/gcc/avr/4.7.2/avr5/libgcc.a(_udivmodsi4.o)
 .bss           0x00000000        0x0 /usr/local/bin/../lib/gcc/avr/4.7.2/avr5/libgcc.a(_udivmodsi4.o)
 .text.libgcc.mul
                0x00000000        0x0 /usr/local/bin/../lib/gcc/avr/4.7.2/avr5/libgcc.a(_udivmodsi4.o)
 .text.libgcc   0x00000000        0x0 /usr/local/bin/../lib/gcc/avr/4.7.2/avr5/libgcc.a(_udivmodsi4.o)
 .text.libgcc.prologue
                0x00000000        0x0 /usr/local/bin/../lib/gcc/avr/4.7.2/avr5/libgcc.a(_udivmodsi4.o)
 .text.libgcc.builtins
                0x00000000        0x0 /usr/local/bin/../lib/gcc/avr/4.7.2/avr5/libgcc.a(_udivmodsi4.o)
 .text.libgcc.fmul
                0x00000000        0x0 /usr/local/bin/../lib/gcc/avr/4.7.2/avr5/libgcc.a(_udivmodsi4.o)
 .text          0x00000000        0x0 /usr/local/bin/../lib/gcc/avr/4.7.2/avr5/libgcc.a(_umulhisi3.o)
 .bss           0x00000000        0x0 /usr/local/bin/../lib/gcc/avr/4.7.2/avr5/libgcc.a(_umulhisi3.o)
 .text.libgcc.div
                0x00000000        0x0 /usr/local/bin/../lib/gcc/avr/4.7.2/avr5/libgcc.a(_umulhisi3.o)
 .text.libgcc   0x00000000        0x0 /usr/local/bin/../lib/gcc/avr/4.7.2/avr5/libgcc.a(_umulhisi3.o)
 .text.libgcc.prologue
                0x00000000        0x0 /usr/local/bin/../lib/gcc/avr/4.7.2/avr5/libgcc.a(_umulhisi3.o)
 .text.libgcc.builtins
                0x00000000        0x0 /usr/local/bin/../lib/gcc/avr/4.7.2/avr5/libgcc.a(_umulhisi3.o)
 .text.libgcc.fmul
                0x00000000        0x0 /usr/local/bin/../lib/gcc/avr/4.7.2/avr5/libgcc.a(_umulhisi3.o)

Memory Configuration

Name             Origin             Length             Attributes
text             0x00000000         0x00020000         xr
data             0x00800060         0x0000ffa0         rw !x
eeprom           0x00810000         0x00010000         rw !x
fuse             0x00820000         0x00000400         rw !x
lock             0x00830000         0x00000400         rw !x
signature        0x00840000         0x00000400         rw !x
user_signatures  0x00850000         0x00000400         rw !x
*default*        0x00000000         0xffffffff

Linker script and memory map

Address of section .data set to 0x800100
LOAD /usr/local/bin/../lib/gcc/avr/4.7.2/../../../../avr/lib/avr5/crtm32u4.o
LOAD zombie_main.o
LOAD /usr/local/bin/../lib/gcc/avr/4.7.2/../../../../avr/lib/avr5/libm.a
LOAD ../teensy_graphics/libteensy_graphics.a
START GROUP
LOAD /usr/local/bin/../lib/gcc/avr/4.7.2/avr5/libgcc.a
LOAD /usr/local/bin/../lib/gcc/avr/4.7.2/../../../../avr/lib/avr5/libm.a
LOAD /usr/local/bin/../lib/gcc/avr/4.7.2/../../../../avr/lib/avr5/libc.a
END GROUP

.hash
 *(.hash)

.dynsym
 *(.dynsym)

.dynstr
 *(.dynstr)

.gnu.version
 *(.gnu.version)

.gnu.version_d
 *(.gnu.version_d)

.gnu.version_r
 *(.gnu.version_r)

.rel.init
 *(.rel.init)

.rela.init
 *(.rela.init)

.rel.text
 *(.rel.text)
 *(.rel.text.*)
 *(.rel.gnu.linkonce.t*)

.rela.text
 *(.rela.text)
 *(.rela.text.*)
 *(.rela.gnu.linkonce.t*)

.rel.fini
 *(.rel.fini)

.rela.fini
 *(.rela.fini)

.rel.rodata
 *(.rel.rodata)
 *(.rel.rodata.*)
 *(.rel.gnu.linkonce.r*)

.rela.rodata
 *(.rela.rodata)
 *(.rela.rodata.*)
 *(.rela.gnu.linkonce.r*)

.rel.data
 *(.rel.data)
 *(.rel.data.*)
 *(.rel.gnu.linkonce.d*)

.rela.data
 *(.rela.data)
 *(.rela.data.*)
 *(.rela.gnu.linkonce.d*)

.rel.ctors
 *(.rel.ctors)

.rela.ctors
 *(.rela.ctors)

.rel.dtors
 *(.rel.dtors)

.rela.dtors
 *(.rela.dtors)

.rel.got
 *(.rel.got)

.rela.got
 *(.rela.got)

.rel.bss
 *(.rel.bss)

.rela.bss
 *(.rela.bss)

.rel.plt
 *(.rel.plt)

.rela.plt
 *(.rela.plt)

.text           0x00000000      0xae2
 *(.vectors)
 .vectors       0x00000000       0xac /usr/local/bin/../lib/gcc/avr/4.7.2/../../../../avr/lib/avr5/crtm32u4.o
                0x00000000                __vectors
                0x00000000                __vector_default
 *(.vectors)
 *(.progmem.gcc*)
 *(.progmem*)
                0x000000ac                . = ALIGN (0x2)
                0x000000ac                __trampolines_start = .
 *(.trampolines)
 .trampolines   0x000000ac        0x0 linker stubs
 *(.trampolines*)
                0x000000ac                __trampolines_end = .
 *(.jumptables)
 *(.jumptables*)
 *(.lowtext)
 *(.lowtext*)
                0x000000ac                __ctors_start = .
 *(.ctors)
                0x000000ac                __ctors_end = .
                0x000000ac                __dtors_start = .
 *(.dtors)
                0x000000ac                __dtors_end = .
 SORT(*)(.ctors)
 SORT(*)(.dtors)
 *(.init0)
 .init0         0x000000ac        0x0 /usr/local/bin/../lib/gcc/avr/4.7.2/../../../../avr/lib/avr5/crtm32u4.o
                0x000000ac                __init
 *(.init0)
 *(.init1)
 *(.init1)
 *(.init2)
 .init2         0x000000ac        0xc /usr/local/bin/../lib/gcc/avr/4.7.2/../../../../avr/lib/avr5/crtm32u4.o
 *(.init2)
 *(.init3)
 *(.init3)
 *(.init4)
 .init4         0x000000b8       0x10 /usr/local/bin/../lib/gcc/avr/4.7.2/avr5/libgcc.a(_clear_bss.o)
                0x000000b8                __do_clear_bss
 .init4         0x000000c8       0x16 /usr/local/bin/../lib/gcc/avr/4.7.2/avr5/libgcc.a(_copy_data.o)
                0x000000c8                __do_copy_data
 *(.init4)
 *(.init5)
 *(.init5)
 *(.init6)
 *(.init6)
 *(.init7)
 *(.init7)
 *(.init8)
 *(.init8)
 *(.init9)
 .init9         0x000000de        0x4 /usr/local/bin/../lib/gcc/avr/4.7.2/../../../../avr/lib/avr5/crtm32u4.o
 *(.init9)
 *(.text)
 .text          0x000000e2        0x2 /usr/local/bin/../lib/gcc/avr/4.7.2/../../../../avr/lib/avr5/crtm32u4.o
                0x000000e2                __vector_42
                0x000000e2                __vector_22
                0x000000e2                __vector_28
                0x000000e2                __vector_1
                0x000000e2                __vector_32
                0x000000e2                __vector_34
                0x000000e2                __vector_24
                0x000000e2                __vector_12
                0x000000e2                __bad_interrupt
                0x000000e2                __vector_6
                0x000000e2                __vector_31
                0x000000e2                __vector_35
                0x000000e2                __vector_39
                0x000000e2                __vector_3
                0x000000e2                __vector_23
                0x000000e2                __vector_30
                0x000000e2                __vector_25
                0x000000e2                __vector_11
                0x000000e2                __vector_13
                0x000000e2                __vector_17
                0x000000e2                __vector_19
                0x000000e2                __vector_7
                0x000000e2                __vector_41
                0x000000e2                __vector_27
                0x000000e2                __vector_5
                0x000000e2                __vector_33
                0x000000e2                __vector_37
                0x000000e2                __vector_4
                0x000000e2                __vector_9
                0x000000e2                __vector_2
                0x000000e2                __vector_21
                0x000000e2                __vector_15
                0x000000e2                __vector_36
                0x000000e2                __vector_29
                0x000000e2                __vector_40
                0x000000e2                __vector_8
                0x000000e2                __vector_26
                0x000000e2                __vector_14
                0x000000e2                __vector_10
                0x000000e2                __vector_16
                0x000000e2                __vector_18
                0x000000e2                __vector_20
                0x000000e2                __vector_38
                0x000000e4                . = ALIGN (0x2)
 *(.text.*)
 .text.section_selector
                0x000000e4       0x52 zombie_main.o
                0x000000e4                section_selector
 .text.setup_zombies
                0x00000136       0x98 zombie_main.o
                0x00000136                setup_zombies
 .text.draw_zombies
                0x000001ce       0x28 zombie_main.o
                0x000001ce                draw_zombies
 .text.update_one_zombie
                0x000001f6       0xc4 zombie_main.o
                0x000001f6                update_one_zombie
 .text.update_zombies
                0x000002ba       0x24 zombie_main.o
                0x000002ba                update_zombies
 .text.setup_device
                0x000002de       0x1e zombie_main.o
                0x000002de                setup_device
 .text.startup.main
                0x000002fc       0x78 zombie_main.o
                0x000002fc                main
 .text.avr-libc.fplib
                0x00000374        0x8 /usr/local/bin/../lib/gcc/avr/4.7.2/../../../../avr/lib/avr5/libm.a(cmpsf2.o)
                0x00000374                __lesf2
                0x00000374                __nesf2
                0x00000374                __eqsf2
                0x00000374                __cmpsf2
                0x00000374                __ltsf2
 .text.avr-libc.fplib
                0x0000037c       0x7a /usr/local/bin/../lib/gcc/avr/4.7.2/../../../../avr/lib/avr5/libm.a(floatsisf.o)
                0x0000037c                __floatunsisf
                0x00000380                __floatsisf
 .text.avr-libc.fplib
                0x000003f6       0x48 /usr/local/bin/../lib/gcc/avr/4.7.2/../../../../avr/lib/avr5/libm.a(fp_cmp.o)
                0x000003f6                __fp_cmp
 .text.avr-libc.fplib
                0x0000043e        0x8 /usr/local/bin/../lib/gcc/avr/4.7.2/../../../../avr/lib/avr5/libm.a(gesf2.o)
                0x0000043e                __gtsf2
                0x0000043e                __gesf2
 .text.refresh  0x00000446       0x22 ../teensy_graphics/libteensy_graphics.a(graphics.o)
                0x00000446                refresh
 .text.clear    0x00000468       0x10 ../teensy_graphics/libteensy_graphics.a(graphics.o)
                0x00000468                clear
 .text.set_pixel
                0x00000478       0x46 ../teensy_graphics/libteensy_graphics.a(graphics.o)
                0x00000478                set_pixel
 .text.LCDWrite
                0x000004be       0x3c ../teensy_graphics/libteensy_graphics.a(lcd.o)
                0x000004be                LCDWrite
 .text.LCDInitialise
                0x000004fa       0x4e ../teensy_graphics/libteensy_graphics.a(lcd.o)
                0x000004fa                LCDInitialise
 .text.LCDPosition
                0x00000548       0x14 ../teensy_graphics/libteensy_graphics.a(lcd.o)
                0x00000548                LCDPosition
 .text.init_sprite
                0x0000055c       0x60 ../teensy_graphics/libteensy_graphics.a(sprite.o)
                0x0000055c                init_sprite
 .text.draw_sprite
                0x000005bc      0x1aa ../teensy_graphics/libteensy_graphics.a(sprite.o)
                0x000005bc                draw_sprite
 .text.libgcc.div
                0x00000766       0x26 /usr/local/bin/../lib/gcc/avr/4.7.2/avr5/libgcc.a(_divmodhi4.o)
                0x00000766                __divmodhi4
                0x00000766                _div
 .text.libgcc.div
                0x0000078c       0x28 /usr/local/bin/../lib/gcc/avr/4.7.2/avr5/libgcc.a(_udivmodhi4.o)
                0x0000078c                __udivmodhi4
 .text.avr-libc.fplib
                0x000007b4        0xa /usr/local/bin/../lib/gcc/avr/4.7.2/../../../../avr/lib/avr5/libm.a(addsf3.o)
                0x000007b4                __subsf3
                0x000007b6                __addsf3
 .text.avr-libc.fplib
                0x000007be       0xc0 /usr/local/bin/../lib/gcc/avr/4.7.2/../../../../avr/lib/avr5/libm.a(addsf3x.o)
                0x000007d8                __addsf3x
 .text.avr-libc.fplib
                0x0000087e       0x58 /usr/local/bin/../lib/gcc/avr/4.7.2/../../../../avr/lib/avr5/libm.a(fixunssfsi.o)
                0x0000087e                __fixunssfsi
 .text.avr-libc.fplib
                0x000008d6        0xc /usr/local/bin/../lib/gcc/avr/4.7.2/../../../../avr/lib/avr5/libm.a(fp_inf.o)
                0x000008d6                __fp_inf
 .text.avr-libc.fplib
                0x000008e2        0x6 /usr/local/bin/../lib/gcc/avr/4.7.2/../../../../avr/lib/avr5/libm.a(fp_nan.o)
                0x000008e2                __fp_nan
 .text.avr-libc.fplib
                0x000008e8        0xe /usr/local/bin/../lib/gcc/avr/4.7.2/../../../../avr/lib/avr5/libm.a(fp_pscA.o)
                0x000008e8                __fp_pscA
 .text.avr-libc.fplib
                0x000008f6        0xe /usr/local/bin/../lib/gcc/avr/4.7.2/../../../../avr/lib/avr5/libm.a(fp_pscB.o)
                0x000008f6                __fp_pscB
 .text.avr-libc.fplib
                0x00000904       0x22 /usr/local/bin/../lib/gcc/avr/4.7.2/../../../../avr/lib/avr5/libm.a(fp_round.o)
                0x00000904                __fp_round
 .text.avr-libc.fplib
                0x00000926       0x44 /usr/local/bin/../lib/gcc/avr/4.7.2/../../../../avr/lib/avr5/libm.a(fp_split3.o)
                0x00000926                __fp_split3
                0x00000936                __fp_splitA
 .text.avr-libc.fplib
                0x0000096a        0xe /usr/local/bin/../lib/gcc/avr/4.7.2/../../../../avr/lib/avr5/libm.a(fp_zero.o)
                0x0000096a                __fp_zero
                0x0000096c                __fp_szero
 .text.avr-libc
                0x00000978       0xb4 /usr/local/bin/../lib/gcc/avr/4.7.2/../../../../avr/lib/avr5/libc.a(rand.o)
                0x00000a0e                rand_r
                0x00000a10                rand
                0x00000a16                srand
 .text.libgcc.div
                0x00000a2c       0x36 /usr/local/bin/../lib/gcc/avr/4.7.2/avr5/libgcc.a(_divmodsi4.o)
                0x00000a2c                __divmodsi4
 .text.libgcc.mul
                0x00000a62       0x14 /usr/local/bin/../lib/gcc/avr/4.7.2/avr5/libgcc.a(_muluhisi3.o)
                0x00000a62                __muluhisi3
 .text.libgcc.mul
                0x00000a76        0xc /usr/local/bin/../lib/gcc/avr/4.7.2/avr5/libgcc.a(_mulshisi3.o)
                0x00000a76                __mulshisi3
                0x00000a7a                __mulohisi3
 .text.libgcc.div
                0x00000a82       0x44 /usr/local/bin/../lib/gcc/avr/4.7.2/avr5/libgcc.a(_udivmodsi4.o)
                0x00000a82                __udivmodsi4
 .text.libgcc.mul
                0x00000ac6       0x18 /usr/local/bin/../lib/gcc/avr/4.7.2/avr5/libgcc.a(_umulhisi3.o)
                0x00000ac6                __umulhisi3
                0x00000ade                . = ALIGN (0x2)
 *(.fini9)
 .fini9         0x00000ade        0x0 /usr/local/bin/../lib/gcc/avr/4.7.2/avr5/libgcc.a(_exit.o)
                0x00000ade                exit
                0x00000ade                _exit
 *(.fini9)
 *(.fini8)
 *(.fini8)
 *(.fini7)
 *(.fini7)
 *(.fini6)
 *(.fini6)
 *(.fini5)
 *(.fini5)
 *(.fini4)
 *(.fini4)
 *(.fini3)
 *(.fini3)
 *(.fini2)
 *(.fini2)
 *(.fini1)
 *(.fini1)
 *(.fini0)
 .fini0         0x00000ade        0x4 /usr/local/bin/../lib/gcc/avr/4.7.2/avr5/libgcc.a(_exit.o)
 *(.fini0)
                0x00000ae2                _etext = .

.data           0x00800100        0x4 load address 0x00000ae2
                0x00800100                PROVIDE (__data_start, .)
 *(.data)
 .data          0x00800100        0x0 /usr/local/bin/../lib/gcc/avr/4.7.2/../../../../avr/lib/avr5/crtm32u4.o
 .data          0x00800100        0x0 zombie_main.o
 .data          0x00800100        0x0 /usr/local/bin/../lib/gcc/avr/4.7.2/../../../../avr/lib/avr5/libm.a(cmpsf2.o)
 .data          0x00800100        0x0 /usr/local/bin/../lib/gcc/avr/4.7.2/../../../../avr/lib/avr5/libm.a(floatsisf.o)
 .data          0x00800100        0x0 /usr/local/bin/../lib/gcc/avr/4.7.2/../../../../avr/lib/avr5/libm.a(fp_cmp.o)
 .data          0x00800100        0x0 /usr/local/bin/../lib/gcc/avr/4.7.2/../../../../avr/lib/avr5/libm.a(gesf2.o)
 .data          0x00800100        0x0 ../teensy_graphics/libteensy_graphics.a(graphics.o)
 .data          0x00800100        0x0 ../teensy_graphics/libteensy_graphics.a(lcd.o)
 .data          0x00800100        0x0 ../teensy_graphics/libteensy_graphics.a(sprite.o)
 .data          0x00800100        0x0 /usr/local/bin/../lib/gcc/avr/4.7.2/avr5/libgcc.a(_divmodhi4.o)
 .data          0x00800100        0x0 /usr/local/bin/../lib/gcc/avr/4.7.2/avr5/libgcc.a(_exit.o)
 .data          0x00800100        0x0 /usr/local/bin/../lib/gcc/avr/4.7.2/avr5/libgcc.a(_clear_bss.o)
 .data          0x00800100        0x0 /usr/local/bin/../lib/gcc/avr/4.7.2/avr5/libgcc.a(_udivmodhi4.o)
 .data          0x00800100        0x0 /usr/local/bin/../lib/gcc/avr/4.7.2/../../../../avr/lib/avr5/libm.a(addsf3.o)
 .data          0x00800100        0x0 /usr/local/bin/../lib/gcc/avr/4.7.2/../../../../avr/lib/avr5/libm.a(addsf3x.o)
 .data          0x00800100        0x0 /usr/local/bin/../lib/gcc/avr/4.7.2/../../../../avr/lib/avr5/libm.a(divsf3.o)
 .data          0x00800100        0x0 /usr/local/bin/../lib/gcc/avr/4.7.2/../../../../avr/lib/avr5/libm.a(divsf3x.o)
 .data          0x00800100        0x0 /usr/local/bin/../lib/gcc/avr/4.7.2/../../../../avr/lib/avr5/libm.a(fixunssfsi.o)
 .data          0x00800100        0x0 /usr/local/bin/../lib/gcc/avr/4.7.2/../../../../avr/lib/avr5/libm.a(fp_inf.o)
 .data          0x00800100        0x0 /usr/local/bin/../lib/gcc/avr/4.7.2/../../../../avr/lib/avr5/libm.a(fp_nan.o)
 .data          0x00800100        0x0 /usr/local/bin/../lib/gcc/avr/4.7.2/../../../../avr/lib/avr5/libm.a(fp_pscA.o)
 .data          0x00800100        0x0 /usr/local/bin/../lib/gcc/avr/4.7.2/../../../../avr/lib/avr5/libm.a(fp_pscB.o)
 .data          0x00800100        0x0 /usr/local/bin/../lib/gcc/avr/4.7.2/../../../../avr/lib/avr5/libm.a(fp_round.o)
 .data          0x00800100        0x0 /usr/local/bin/../lib/gcc/avr/4.7.2/../../../../avr/lib/avr5/libm.a(fp_split3.o)
 .data          0x00800100        0x0 /usr/local/bin/../lib/gcc/avr/4.7.2/../../../../avr/lib/avr5/libm.a(fp_zero.o)
 .data          0x00800100        0x0 /usr/local/bin/../lib/gcc/avr/4.7.2/../../../../avr/lib/avr5/libm.a(mulsf3.o)
 .data          0x00800100        0x0 /usr/local/bin/../lib/gcc/avr/4.7.2/../../../../avr/lib/avr5/libm.a(mulsf3x.o)
 .data          0x00800100        0x4 /usr/local/bin/../lib/gcc/avr/4.7.2/../../../../avr/lib/avr5/libc.a(rand.o)
 .data          0x00800104        0x0 /usr/local/bin/../lib/gcc/avr/4.7.2/avr5/libgcc.a(_divmodsi4.o)
 .data          0x00800104        0x0 /usr/local/bin/../lib/gcc/avr/4.7.2/avr5/libgcc.a(_copy_data.o)
 .data          0x00800104        0x0 /usr/local/bin/../lib/gcc/avr/4.7.2/avr5/libgcc.a(_muluhisi3.o)
 .data          0x00800104        0x0 /usr/local/bin/../lib/gcc/avr/4.7.2/avr5/libgcc.a(_mulshisi3.o)
 .data          0x00800104        0x0 /usr/local/bin/../lib/gcc/avr/4.7.2/avr5/libgcc.a(_udivmodsi4.o)
 .data          0x00800104        0x0 /usr/local/bin/../lib/gcc/avr/4.7.2/avr5/libgcc.a(_umulhisi3.o)
 *(.data*)
 *(.rodata)
 *(.rodata*)
 *(.gnu.linkonce.d*)
                0x00800104                . = ALIGN (0x2)
                0x00800104                _edata = .
                0x00800104                PROVIDE (__data_end, .)

.bss            0x00800104      0x1fc
                0x00800104                PROVIDE (__bss_start, .)
 *(.bss)
 *(.bss*)
 *(COMMON)
 COMMON         0x00800104        0x4 zombie_main.o
                0x00800104                randy
                0x00800106                randx
 COMMON         0x00800108      0x1f8 ../teensy_graphics/libteensy_graphics.a(graphics.o)
                0x00800108                screenBuffer
                0x00800300                PROVIDE (__bss_end, .)
                0x00000ae2                __data_load_start = LOADADDR (.data)
                0x00000ae6                __data_load_end = (__data_load_start + SIZEOF (.data))

.noinit         0x00800300        0x0
                0x00800300                PROVIDE (__noinit_start, .)
 *(.noinit*)
                0x00800300                PROVIDE (__noinit_end, .)
                0x00800300                _end = .
                0x00800300                PROVIDE (__heap_start, .)

.eeprom         0x00810000        0x0
 *(.eeprom*)
                0x00810000                __eeprom_end = .

.fuse
 *(.fuse)
 *(.lfuse)
 *(.hfuse)
 *(.efuse)

.lock
 *(.lock*)

.signature
 *(.signature*)

.user_signatures
 *(.user_signatures*)

.stab           0x00000000     0x23dc
 *(.stab)
 .stab          0x00000000      0x6cc /usr/local/bin/../lib/gcc/avr/4.7.2/../../../../avr/lib/avr5/crtm32u4.o
 .stab          0x000006cc       0x90 /usr/local/bin/../lib/gcc/avr/4.7.2/../../../../avr/lib/avr5/libm.a(cmpsf2.o)
                                 0x9c (size before relaxing)
 .stab          0x0000075c      0x318 /usr/local/bin/../lib/gcc/avr/4.7.2/../../../../avr/lib/avr5/libm.a(floatsisf.o)
                                0x324 (size before relaxing)
 .stab          0x00000a74      0x1e0 /usr/local/bin/../lib/gcc/avr/4.7.2/../../../../avr/lib/avr5/libm.a(fp_cmp.o)
                                0x1ec (size before relaxing)
 .stab          0x00000c54       0x6c /usr/local/bin/../lib/gcc/avr/4.7.2/../../../../avr/lib/avr5/libm.a(gesf2.o)
                                 0x78 (size before relaxing)
 .stab          0x00000cc0       0x78 /usr/local/bin/../lib/gcc/avr/4.7.2/../../../../avr/lib/avr5/libm.a(addsf3.o)
                                 0x84 (size before relaxing)
 .stab          0x00000d38      0x4bc /usr/local/bin/../lib/gcc/avr/4.7.2/../../../../avr/lib/avr5/libm.a(addsf3x.o)
                                0x4c8 (size before relaxing)
 .stab          0x000011f4       0x48 /usr/local/bin/../lib/gcc/avr/4.7.2/../../../../avr/lib/avr5/libm.a(divsf3.o)
                                 0x54 (size before relaxing)
 .stab          0x0000123c      0x510 /usr/local/bin/../lib/gcc/avr/4.7.2/../../../../avr/lib/avr5/libm.a(divsf3x.o)
                                0x51c (size before relaxing)
 .stab          0x0000174c      0x240 /usr/local/bin/../lib/gcc/avr/4.7.2/../../../../avr/lib/avr5/libm.a(fixunssfsi.o)
                                0x24c (size before relaxing)
 .stab          0x0000198c       0x78 /usr/local/bin/../lib/gcc/avr/4.7.2/../../../../avr/lib/avr5/libm.a(fp_inf.o)
                                 0x84 (size before relaxing)
 .stab          0x00001a04       0x54 /usr/local/bin/../lib/gcc/avr/4.7.2/../../../../avr/lib/avr5/libm.a(fp_nan.o)
                                 0x60 (size before relaxing)
 .stab          0x00001a58       0x84 /usr/local/bin/../lib/gcc/avr/4.7.2/../../../../avr/lib/avr5/libm.a(fp_pscA.o)
                                 0x90 (size before relaxing)
 .stab          0x00001adc       0x84 /usr/local/bin/../lib/gcc/avr/4.7.2/../../../../avr/lib/avr5/libm.a(fp_pscB.o)
                                 0x90 (size before relaxing)
 .stab          0x00001b60       0xfc /usr/local/bin/../lib/gcc/avr/4.7.2/../../../../avr/lib/avr5/libm.a(fp_round.o)
                                0x108 (size before relaxing)
 .stab          0x00001c5c      0x1d4 /usr/local/bin/../lib/gcc/avr/4.7.2/../../../../avr/lib/avr5/libm.a(fp_split3.o)
                                0x1e0 (size before relaxing)
 .stab          0x00001e30       0x90 /usr/local/bin/../lib/gcc/avr/4.7.2/../../../../avr/lib/avr5/libm.a(fp_zero.o)
                                 0x9c (size before relaxing)
 .stab          0x00001ec0       0x48 /usr/local/bin/../lib/gcc/avr/4.7.2/../../../../avr/lib/avr5/libm.a(mulsf3.o)
                                 0x54 (size before relaxing)
 .stab          0x00001f08      0x4d4 /usr/local/bin/../lib/gcc/avr/4.7.2/../../../../avr/lib/avr5/libm.a(mulsf3x.o)
                                0x4e0 (size before relaxing)

.stabstr        0x00000000      0x6e6
 *(.stabstr)
 .stabstr       0x00000000      0x6e6 /usr/local/bin/../lib/gcc/avr/4.7.2/../../../../avr/lib/avr5/crtm32u4.o

.stab.excl
 *(.stab.excl)

.stab.exclstr
 *(.stab.exclstr)

.stab.index
 *(.stab.index)

.stab.indexstr
 *(.stab.indexstr)

.comment        0x00000000       0x11
 *(.comment)
 .comment       0x00000000       0x11 zombie_main.o
                                 0x12 (size before relaxing)
 .comment       0x00000000       0x12 ../teensy_graphics/libteensy_graphics.a(graphics.o)
 .comment       0x00000000       0x12 ../teensy_graphics/libteensy_graphics.a(lcd.o)
 .comment       0x00000000       0x12 ../teensy_graphics/libteensy_graphics.a(sprite.o)
 .comment       0x00000000       0x12 /usr/local/bin/../lib/gcc/avr/4.7.2/../../../../avr/lib/avr5/libc.a(rand.o)

.debug
 *(.debug)

.line
 *(.line)

.debug_srcinfo
 *(.debug_srcinfo)

.debug_sfnames
 *(.debug_sfnames)

.debug_aranges  0x00000000      0x280
 *(.debug_aranges)
 .debug_aranges
                0x00000000       0x50 zombie_main.o
 .debug_aranges
                0x00000050       0x48 ../teensy_graphics/libteensy_graphics.a(graphics.o)
 .debug_aranges
                0x00000098       0x48 ../teensy_graphics/libteensy_graphics.a(lcd.o)
 .debug_aranges
                0x000000e0       0x28 ../teensy_graphics/libteensy_graphics.a(sprite.o)
 .debug_aranges
                0x00000108       0x20 /usr/local/bin/../lib/gcc/avr/4.7.2/avr5/libgcc.a(_divmodhi4.o)
 .debug_aranges
                0x00000128       0x20 /usr/local/bin/../lib/gcc/avr/4.7.2/avr5/libgcc.a(_exit.o)
 .debug_aranges
                0x00000148       0x20 /usr/local/bin/../lib/gcc/avr/4.7.2/avr5/libgcc.a(_clear_bss.o)
 .debug_aranges
                0x00000168       0x20 /usr/local/bin/../lib/gcc/avr/4.7.2/avr5/libgcc.a(_udivmodhi4.o)
 .debug_aranges
                0x00000188       0x38 /usr/local/bin/../lib/gcc/avr/4.7.2/../../../../avr/lib/avr5/libc.a(rand.o)
 .debug_aranges
                0x000001c0       0x20 /usr/local/bin/../lib/gcc/avr/4.7.2/avr5/libgcc.a(_divmodsi4.o)
 .debug_aranges
                0x000001e0       0x20 /usr/local/bin/../lib/gcc/avr/4.7.2/avr5/libgcc.a(_copy_data.o)
 .debug_aranges
                0x00000200       0x20 /usr/local/bin/../lib/gcc/avr/4.7.2/avr5/libgcc.a(_muluhisi3.o)
 .debug_aranges
                0x00000220       0x20 /usr/local/bin/../lib/gcc/avr/4.7.2/avr5/libgcc.a(_mulshisi3.o)
 .debug_aranges
                0x00000240       0x20 /usr/local/bin/../lib/gcc/avr/4.7.2/avr5/libgcc.a(_udivmodsi4.o)
 .debug_aranges
                0x00000260       0x20 /usr/local/bin/../lib/gcc/avr/4.7.2/avr5/libgcc.a(_umulhisi3.o)

.debug_pubnames
 *(.debug_pubnames)

.debug_info     0x00000000     0x196e
 *(.debug_info)
 .debug_info    0x00000000      0x5dc zombie_main.o
 .debug_info    0x000005dc      0x4de ../teensy_graphics/libteensy_graphics.a(graphics.o)
 .debug_info    0x00000aba      0x377 ../teensy_graphics/libteensy_graphics.a(lcd.o)
 .debug_info    0x00000e31      0x276 ../teensy_graphics/libteensy_graphics.a(sprite.o)
 .debug_info    0x000010a7       0xbe /usr/local/bin/../lib/gcc/avr/4.7.2/avr5/libgcc.a(_divmodhi4.o)
 .debug_info    0x00001165       0xbe /usr/local/bin/../lib/gcc/avr/4.7.2/avr5/libgcc.a(_exit.o)
 .debug_info    0x00001223       0xbe /usr/local/bin/../lib/gcc/avr/4.7.2/avr5/libgcc.a(_clear_bss.o)
 .debug_info    0x000012e1       0xbe /usr/local/bin/../lib/gcc/avr/4.7.2/avr5/libgcc.a(_udivmodhi4.o)
 .debug_info    0x0000139f      0x15b /usr/local/bin/../lib/gcc/avr/4.7.2/../../../../avr/lib/avr5/libc.a(rand.o)
 .debug_info    0x000014fa       0xbe /usr/local/bin/../lib/gcc/avr/4.7.2/avr5/libgcc.a(_divmodsi4.o)
 .debug_info    0x000015b8       0xbe /usr/local/bin/../lib/gcc/avr/4.7.2/avr5/libgcc.a(_copy_data.o)
 .debug_info    0x00001676       0xbe /usr/local/bin/../lib/gcc/avr/4.7.2/avr5/libgcc.a(_muluhisi3.o)
 .debug_info    0x00001734       0xbe /usr/local/bin/../lib/gcc/avr/4.7.2/avr5/libgcc.a(_mulshisi3.o)
 .debug_info    0x000017f2       0xbe /usr/local/bin/../lib/gcc/avr/4.7.2/avr5/libgcc.a(_udivmodsi4.o)
 .debug_info    0x000018b0       0xbe /usr/local/bin/../lib/gcc/avr/4.7.2/avr5/libgcc.a(_umulhisi3.o)
 *(.gnu.linkonce.wi.*)

.debug_abbrev   0x00000000      0x7ea
 *(.debug_abbrev)
 .debug_abbrev  0x00000000      0x1c4 zombie_main.o
 .debug_abbrev  0x000001c4      0x21e ../teensy_graphics/libteensy_graphics.a(graphics.o)
 .debug_abbrev  0x000003e2      0x13e ../teensy_graphics/libteensy_graphics.a(lcd.o)
 .debug_abbrev  0x00000520      0x12a ../teensy_graphics/libteensy_graphics.a(sprite.o)
 .debug_abbrev  0x0000064a       0x14 /usr/local/bin/../lib/gcc/avr/4.7.2/avr5/libgcc.a(_divmodhi4.o)
 .debug_abbrev  0x0000065e       0x14 /usr/local/bin/../lib/gcc/avr/4.7.2/avr5/libgcc.a(_exit.o)
 .debug_abbrev  0x00000672       0x14 /usr/local/bin/../lib/gcc/avr/4.7.2/avr5/libgcc.a(_clear_bss.o)
 .debug_abbrev  0x00000686       0x14 /usr/local/bin/../lib/gcc/avr/4.7.2/avr5/libgcc.a(_udivmodhi4.o)
 .debug_abbrev  0x0000069a       0xd8 /usr/local/bin/../lib/gcc/avr/4.7.2/../../../../avr/lib/avr5/libc.a(rand.o)
 .debug_abbrev  0x00000772       0x14 /usr/local/bin/../lib/gcc/avr/4.7.2/avr5/libgcc.a(_divmodsi4.o)
 .debug_abbrev  0x00000786       0x14 /usr/local/bin/../lib/gcc/avr/4.7.2/avr5/libgcc.a(_copy_data.o)
 .debug_abbrev  0x0000079a       0x14 /usr/local/bin/../lib/gcc/avr/4.7.2/avr5/libgcc.a(_muluhisi3.o)
 .debug_abbrev  0x000007ae       0x14 /usr/local/bin/../lib/gcc/avr/4.7.2/avr5/libgcc.a(_mulshisi3.o)
 .debug_abbrev  0x000007c2       0x14 /usr/local/bin/../lib/gcc/avr/4.7.2/avr5/libgcc.a(_udivmodsi4.o)
 .debug_abbrev  0x000007d6       0x14 /usr/local/bin/../lib/gcc/avr/4.7.2/avr5/libgcc.a(_umulhisi3.o)

.debug_line     0x00000000      0x9d8
 *(.debug_line)
 .debug_line    0x00000000      0x1b9 zombie_main.o
 .debug_line    0x000001b9      0x1f6 ../teensy_graphics/libteensy_graphics.a(graphics.o)
 .debug_line    0x000003af      0x124 ../teensy_graphics/libteensy_graphics.a(lcd.o)
 .debug_line    0x000004d3       0xb9 ../teensy_graphics/libteensy_graphics.a(sprite.o)
 .debug_line    0x0000058c       0x69 /usr/local/bin/../lib/gcc/avr/4.7.2/avr5/libgcc.a(_divmodhi4.o)
 .debug_line    0x000005f5       0x58 /usr/local/bin/../lib/gcc/avr/4.7.2/avr5/libgcc.a(_exit.o)
 .debug_line    0x0000064d       0x5e /usr/local/bin/../lib/gcc/avr/4.7.2/avr5/libgcc.a(_clear_bss.o)
 .debug_line    0x000006ab       0x6a /usr/local/bin/../lib/gcc/avr/4.7.2/avr5/libgcc.a(_udivmodhi4.o)
 .debug_line    0x00000715       0x5b /usr/local/bin/../lib/gcc/avr/4.7.2/../../../../avr/lib/avr5/libc.a(rand.o)
 .debug_line    0x00000770       0x71 /usr/local/bin/../lib/gcc/avr/4.7.2/avr5/libgcc.a(_divmodsi4.o)
 .debug_line    0x000007e1       0x61 /usr/local/bin/../lib/gcc/avr/4.7.2/avr5/libgcc.a(_copy_data.o)
 .debug_line    0x00000842       0x60 /usr/local/bin/../lib/gcc/avr/4.7.2/avr5/libgcc.a(_muluhisi3.o)
 .debug_line    0x000008a2       0x5c /usr/local/bin/../lib/gcc/avr/4.7.2/avr5/libgcc.a(_mulshisi3.o)
 .debug_line    0x000008fe       0x78 /usr/local/bin/../lib/gcc/avr/4.7.2/avr5/libgcc.a(_udivmodsi4.o)
 .debug_line    0x00000976       0x62 /usr/local/bin/../lib/gcc/avr/4.7.2/avr5/libgcc.a(_umulhisi3.o)

.debug_frame    0x00000000      0x4dc
 *(.debug_frame)
 .debug_frame   0x00000000      0x16c zombie_main.o
 .debug_frame   0x0000016c      0x15c ../teensy_graphics/libteensy_graphics.a(graphics.o)
 .debug_frame   0x000002c8       0xb4 ../teensy_graphics/libteensy_graphics.a(lcd.o)
 .debug_frame   0x0000037c       0xd8 ../teensy_graphics/libteensy_graphics.a(sprite.o)
 .debug_frame   0x00000454       0x88 /usr/local/bin/../lib/gcc/avr/4.7.2/../../../../avr/lib/avr5/libc.a(rand.o)

.debug_str      0x00000000      0x3b2
 *(.debug_str)
 .debug_str     0x00000000      0x192 zombie_main.o
                                0x1ee (size before relaxing)
 .debug_str     0x00000192      0x12c ../teensy_graphics/libteensy_graphics.a(graphics.o)
                                0x1d9 (size before relaxing)
 .debug_str     0x000002be       0x3a ../teensy_graphics/libteensy_graphics.a(lcd.o)
                                0x17c (size before relaxing)
 .debug_str     0x000002f8       0x23 ../teensy_graphics/libteensy_graphics.a(sprite.o)
                                0x16a (size before relaxing)
 .debug_str     0x0000031b       0x97 /usr/local/bin/../lib/gcc/avr/4.7.2/../../../../avr/lib/avr5/libc.a(rand.o)
                                 0xd0 (size before relaxing)

.debug_loc      0x00000000     0x155b
 *(.debug_loc)
 .debug_loc     0x00000000      0x4a9 zombie_main.o
 .debug_loc     0x000004a9      0x872 ../teensy_graphics/libteensy_graphics.a(graphics.o)
 .debug_loc     0x00000d1b      0x238 ../teensy_graphics/libteensy_graphics.a(lcd.o)
 .debug_loc     0x00000f53      0x420 ../teensy_graphics/libteensy_graphics.a(sprite.o)
 .debug_loc     0x00001373      0x1e8 /usr/local/bin/../lib/gcc/avr/4.7.2/../../../../avr/lib/avr5/libc.a(rand.o)

.debug_macinfo
 *(.debug_macinfo)

.debug_pubtypes
 *(.debug_pubtypes)

.debug_ranges   0x00000000      0x120
 *(.debug_ranges)
 .debug_ranges  0x00000000       0x40 zombie_main.o
 .debug_ranges  0x00000040       0x50 ../teensy_graphics/libteensy_graphics.a(graphics.o)
 .debug_ranges  0x00000090       0x38 ../teensy_graphics/libteensy_graphics.a(lcd.o)
 .debug_ranges  0x000000c8       0x30 ../teensy_graphics/libteensy_graphics.a(sprite.o)
 .debug_ranges  0x000000f8       0x28 /usr/local/bin/../lib/gcc/avr/4.7.2/../../../../avr/lib/avr5/libc.a(rand.o)

.debug_macro
 *(.debug_macro)
OUTPUT(zombie_main.elf elf32-avr)
LOAD linker stubs

Cross Reference Table

Symbol                                            File
LCDCharacter                                      ../teensy_graphics/libteensy_graphics.a(lcd.o)
LCDClear                                          ../teensy_graphics/libteensy_graphics.a(lcd.o)
LCDInitialise                                     ../teensy_graphics/libteensy_graphics.a(lcd.o)
                                                  zombie_main.o
LCDPosition                                       ../teensy_graphics/libteensy_graphics.a(lcd.o)
                                                  ../teensy_graphics/libteensy_graphics.a(graphics.o)
LCDString                                         ../teensy_graphics/libteensy_graphics.a(lcd.o)
LCDWrite                                          ../teensy_graphics/libteensy_graphics.a(lcd.o)
                                                  ../teensy_graphics/libteensy_graphics.a(graphics.o)
__addsf3                                          /usr/local/bin/../lib/gcc/avr/4.7.2/../../../../avr/lib/avr5/libm.a(addsf3.o)
                                                  ../teensy_graphics/libteensy_graphics.a(sprite.o)
                                                  ../teensy_graphics/libteensy_graphics.a(graphics.o)
__addsf3x                                         /usr/local/bin/../lib/gcc/avr/4.7.2/../../../../avr/lib/avr5/libm.a(addsf3x.o)
                                                  /usr/local/bin/../lib/gcc/avr/4.7.2/../../../../avr/lib/avr5/libm.a(addsf3.o)
__bad_interrupt                                   /usr/local/bin/../lib/gcc/avr/4.7.2/../../../../avr/lib/avr5/crtm32u4.o
__bss_end                                         /usr/local/bin/../lib/gcc/avr/4.7.2/avr5/libgcc.a(_clear_bss.o)
__bss_start                                       /usr/local/bin/../lib/gcc/avr/4.7.2/avr5/libgcc.a(_clear_bss.o)
__cmpsf2                                          /usr/local/bin/../lib/gcc/avr/4.7.2/../../../../avr/lib/avr5/libm.a(cmpsf2.o)
__data_end                                        /usr/local/bin/../lib/gcc/avr/4.7.2/avr5/libgcc.a(_copy_data.o)
__data_load_start                                 /usr/local/bin/../lib/gcc/avr/4.7.2/avr5/libgcc.a(_copy_data.o)
__data_start                                      /usr/local/bin/../lib/gcc/avr/4.7.2/avr5/libgcc.a(_copy_data.o)
__divmodhi4                                       /usr/local/bin/../lib/gcc/avr/4.7.2/avr5/libgcc.a(_divmodhi4.o)
                                                  zombie_main.o
__divmodsi4                                       /usr/local/bin/../lib/gcc/avr/4.7.2/avr5/libgcc.a(_divmodsi4.o)
                                                  /usr/local/bin/../lib/gcc/avr/4.7.2/../../../../avr/lib/avr5/libc.a(rand.o)
__divsf3                                          /usr/local/bin/../lib/gcc/avr/4.7.2/../../../../avr/lib/avr5/libm.a(divsf3.o)
                                                  ../teensy_graphics/libteensy_graphics.a(graphics.o)
__divsf3_pse                                      /usr/local/bin/../lib/gcc/avr/4.7.2/../../../../avr/lib/avr5/libm.a(divsf3x.o)
__divsf3x                                         /usr/local/bin/../lib/gcc/avr/4.7.2/../../../../avr/lib/avr5/libm.a(divsf3x.o)
                                                  /usr/local/bin/../lib/gcc/avr/4.7.2/../../../../avr/lib/avr5/libm.a(divsf3.o)
__do_clear_bss                                    /usr/local/bin/../lib/gcc/avr/4.7.2/avr5/libgcc.a(_clear_bss.o)
                                                  ../teensy_graphics/libteensy_graphics.a(graphics.o)
                                                  zombie_main.o
__do_copy_data                                    /usr/local/bin/../lib/gcc/avr/4.7.2/avr5/libgcc.a(_copy_data.o)
                                                  /usr/local/bin/../lib/gcc/avr/4.7.2/../../../../avr/lib/avr5/libc.a(rand.o)
__eqsf2                                           /usr/local/bin/../lib/gcc/avr/4.7.2/../../../../avr/lib/avr5/libm.a(cmpsf2.o)
__fixunssfsi                                      /usr/local/bin/../lib/gcc/avr/4.7.2/../../../../avr/lib/avr5/libm.a(fixunssfsi.o)
                                                  ../teensy_graphics/libteensy_graphics.a(sprite.o)
__floatsisf                                       /usr/local/bin/../lib/gcc/avr/4.7.2/../../../../avr/lib/avr5/libm.a(floatsisf.o)
                                                  ../teensy_graphics/libteensy_graphics.a(sprite.o)
                                                  ../teensy_graphics/libteensy_graphics.a(graphics.o)
                                                  zombie_main.o
__floatunsisf                                     /usr/local/bin/../lib/gcc/avr/4.7.2/../../../../avr/lib/avr5/libm.a(floatsisf.o)
                                                  ../teensy_graphics/libteensy_graphics.a(sprite.o)
                                                  ../teensy_graphics/libteensy_graphics.a(graphics.o)
__fp_cmp                                          /usr/local/bin/../lib/gcc/avr/4.7.2/../../../../avr/lib/avr5/libm.a(fp_cmp.o)
                                                  /usr/local/bin/../lib/gcc/avr/4.7.2/../../../../avr/lib/avr5/libm.a(gesf2.o)
                                                  /usr/local/bin/../lib/gcc/avr/4.7.2/../../../../avr/lib/avr5/libm.a(cmpsf2.o)
__fp_inf                                          /usr/local/bin/../lib/gcc/avr/4.7.2/../../../../avr/lib/avr5/libm.a(fp_inf.o)
                                                  /usr/local/bin/../lib/gcc/avr/4.7.2/../../../../avr/lib/avr5/libm.a(mulsf3x.o)
                                                  /usr/local/bin/../lib/gcc/avr/4.7.2/../../../../avr/lib/avr5/libm.a(divsf3x.o)
                                                  /usr/local/bin/../lib/gcc/avr/4.7.2/../../../../avr/lib/avr5/libm.a(addsf3x.o)
__fp_nan                                          /usr/local/bin/../lib/gcc/avr/4.7.2/../../../../avr/lib/avr5/libm.a(fp_nan.o)
                                                  /usr/local/bin/../lib/gcc/avr/4.7.2/../../../../avr/lib/avr5/libm.a(mulsf3x.o)
                                                  /usr/local/bin/../lib/gcc/avr/4.7.2/../../../../avr/lib/avr5/libm.a(divsf3x.o)
                                                  /usr/local/bin/../lib/gcc/avr/4.7.2/../../../../avr/lib/avr5/libm.a(addsf3x.o)
__fp_pscA                                         /usr/local/bin/../lib/gcc/avr/4.7.2/../../../../avr/lib/avr5/libm.a(fp_pscA.o)
                                                  /usr/local/bin/../lib/gcc/avr/4.7.2/../../../../avr/lib/avr5/libm.a(mulsf3x.o)
                                                  /usr/local/bin/../lib/gcc/avr/4.7.2/../../../../avr/lib/avr5/libm.a(divsf3x.o)
                                                  /usr/local/bin/../lib/gcc/avr/4.7.2/../../../../avr/lib/avr5/libm.a(addsf3x.o)
__fp_pscB                                         /usr/local/bin/../lib/gcc/avr/4.7.2/../../../../avr/lib/avr5/libm.a(fp_pscB.o)
                                                  /usr/local/bin/../lib/gcc/avr/4.7.2/../../../../avr/lib/avr5/libm.a(mulsf3x.o)
                                                  /usr/local/bin/../lib/gcc/avr/4.7.2/../../../../avr/lib/avr5/libm.a(divsf3x.o)
                                                  /usr/local/bin/../lib/gcc/avr/4.7.2/../../../../avr/lib/avr5/libm.a(addsf3x.o)
__fp_round                                        /usr/local/bin/../lib/gcc/avr/4.7.2/../../../../avr/lib/avr5/libm.a(fp_round.o)
                                                  /usr/local/bin/../lib/gcc/avr/4.7.2/../../../../avr/lib/avr5/libm.a(mulsf3.o)
                                                  /usr/local/bin/../lib/gcc/avr/4.7.2/../../../../avr/lib/avr5/libm.a(divsf3.o)
                                                  /usr/local/bin/../lib/gcc/avr/4.7.2/../../../../avr/lib/avr5/libm.a(addsf3.o)
__fp_split3                                       /usr/local/bin/../lib/gcc/avr/4.7.2/../../../../avr/lib/avr5/libm.a(fp_split3.o)
                                                  /usr/local/bin/../lib/gcc/avr/4.7.2/../../../../avr/lib/avr5/libm.a(mulsf3x.o)
                                                  /usr/local/bin/../lib/gcc/avr/4.7.2/../../../../avr/lib/avr5/libm.a(divsf3x.o)
                                                  /usr/local/bin/../lib/gcc/avr/4.7.2/../../../../avr/lib/avr5/libm.a(addsf3x.o)
__fp_splitA                                       /usr/local/bin/../lib/gcc/avr/4.7.2/../../../../avr/lib/avr5/libm.a(fp_split3.o)
                                                  /usr/local/bin/../lib/gcc/avr/4.7.2/../../../../avr/lib/avr5/libm.a(fixunssfsi.o)
__fp_szero                                        /usr/local/bin/../lib/gcc/avr/4.7.2/../../../../avr/lib/avr5/libm.a(fp_zero.o)
                                                  /usr/local/bin/../lib/gcc/avr/4.7.2/../../../../avr/lib/avr5/libm.a(mulsf3x.o)
                                                  /usr/local/bin/../lib/gcc/avr/4.7.2/../../../../avr/lib/avr5/libm.a(divsf3x.o)
__fp_zero                                         /usr/local/bin/../lib/gcc/avr/4.7.2/../../../../avr/lib/avr5/libm.a(fp_zero.o)
                                                  /usr/local/bin/../lib/gcc/avr/4.7.2/../../../../avr/lib/avr5/libm.a(fixunssfsi.o)
                                                  /usr/local/bin/../lib/gcc/avr/4.7.2/../../../../avr/lib/avr5/libm.a(addsf3x.o)
__gesf2                                           /usr/local/bin/../lib/gcc/avr/4.7.2/../../../../avr/lib/avr5/libm.a(gesf2.o)
                                                  ../teensy_graphics/libteensy_graphics.a(sprite.o)
                                                  ../teensy_graphics/libteensy_graphics.a(graphics.o)
                                                  zombie_main.o
__gtsf2                                           /usr/local/bin/../lib/gcc/avr/4.7.2/../../../../avr/lib/avr5/libm.a(gesf2.o)
                                                  ../teensy_graphics/libteensy_graphics.a(graphics.o)
__heap_end                                        /usr/local/bin/../lib/gcc/avr/4.7.2/../../../../avr/lib/avr5/crtm32u4.o
__init                                            /usr/local/bin/../lib/gcc/avr/4.7.2/../../../../avr/lib/avr5/crtm32u4.o
__lesf2                                           /usr/local/bin/../lib/gcc/avr/4.7.2/../../../../avr/lib/avr5/libm.a(cmpsf2.o)
                                                  ../teensy_graphics/libteensy_graphics.a(graphics.o)
__ltsf2                                           /usr/local/bin/../lib/gcc/avr/4.7.2/../../../../avr/lib/avr5/libm.a(cmpsf2.o)
                                                  ../teensy_graphics/libteensy_graphics.a(sprite.o)
                                                  ../teensy_graphics/libteensy_graphics.a(graphics.o)
                                                  zombie_main.o
__mulohisi3                                       /usr/local/bin/../lib/gcc/avr/4.7.2/avr5/libgcc.a(_mulshisi3.o)
                                                  /usr/local/bin/../lib/gcc/avr/4.7.2/../../../../avr/lib/avr5/libc.a(rand.o)
__mulsf3                                          /usr/local/bin/../lib/gcc/avr/4.7.2/../../../../avr/lib/avr5/libm.a(mulsf3.o)
                                                  ../teensy_graphics/libteensy_graphics.a(graphics.o)
__mulsf3_pse                                      /usr/local/bin/../lib/gcc/avr/4.7.2/../../../../avr/lib/avr5/libm.a(mulsf3x.o)
__mulsf3x                                         /usr/local/bin/../lib/gcc/avr/4.7.2/../../../../avr/lib/avr5/libm.a(mulsf3x.o)
                                                  /usr/local/bin/../lib/gcc/avr/4.7.2/../../../../avr/lib/avr5/libm.a(mulsf3.o)
__mulshisi3                                       /usr/local/bin/../lib/gcc/avr/4.7.2/avr5/libgcc.a(_mulshisi3.o)
__muluhisi3                                       /usr/local/bin/../lib/gcc/avr/4.7.2/avr5/libgcc.a(_muluhisi3.o)
                                                  /usr/local/bin/../lib/gcc/avr/4.7.2/avr5/libgcc.a(_mulshisi3.o)
                                                  /usr/local/bin/../lib/gcc/avr/4.7.2/../../../../avr/lib/avr5/libc.a(rand.o)
__nesf2                                           /usr/local/bin/../lib/gcc/avr/4.7.2/../../../../avr/lib/avr5/libm.a(cmpsf2.o)
__stack                                           /usr/local/bin/../lib/gcc/avr/4.7.2/../../../../avr/lib/avr5/crtm32u4.o
__subsf3                                          /usr/local/bin/../lib/gcc/avr/4.7.2/../../../../avr/lib/avr5/libm.a(addsf3.o)
                                                  ../teensy_graphics/libteensy_graphics.a(graphics.o)
__udivmodhi4                                      /usr/local/bin/../lib/gcc/avr/4.7.2/avr5/libgcc.a(_udivmodhi4.o)
                                                  /usr/local/bin/../lib/gcc/avr/4.7.2/avr5/libgcc.a(_divmodhi4.o)
__udivmodsi4                                      /usr/local/bin/../lib/gcc/avr/4.7.2/avr5/libgcc.a(_udivmodsi4.o)
                                                  /usr/local/bin/../lib/gcc/avr/4.7.2/avr5/libgcc.a(_divmodsi4.o)
__umulhisi3                                       /usr/local/bin/../lib/gcc/avr/4.7.2/avr5/libgcc.a(_umulhisi3.o)
                                                  /usr/local/bin/../lib/gcc/avr/4.7.2/avr5/libgcc.a(_muluhisi3.o)
__vector_1                                        /usr/local/bin/../lib/gcc/avr/4.7.2/../../../../avr/lib/avr5/crtm32u4.o
__vector_10                                       /usr/local/bin/../lib/gcc/avr/4.7.2/../../../../avr/lib/avr5/crtm32u4.o
__vector_11                                       /usr/local/bin/../lib/gcc/avr/4.7.2/../../../../avr/lib/avr5/crtm32u4.o
__vector_12                                       /usr/local/bin/../lib/gcc/avr/4.7.2/../../../../avr/lib/avr5/crtm32u4.o
__vector_13                                       /usr/local/bin/../lib/gcc/avr/4.7.2/../../../../avr/lib/avr5/crtm32u4.o
__vector_14                                       /usr/local/bin/../lib/gcc/avr/4.7.2/../../../../avr/lib/avr5/crtm32u4.o
__vector_15                                       /usr/local/bin/../lib/gcc/avr/4.7.2/../../../../avr/lib/avr5/crtm32u4.o
__vector_16                                       /usr/local/bin/../lib/gcc/avr/4.7.2/../../../../avr/lib/avr5/crtm32u4.o
__vector_17                                       /usr/local/bin/../lib/gcc/avr/4.7.2/../../../../avr/lib/avr5/crtm32u4.o
__vector_18                                       /usr/local/bin/../lib/gcc/avr/4.7.2/../../../../avr/lib/avr5/crtm32u4.o
__vector_19                                       /usr/local/bin/../lib/gcc/avr/4.7.2/../../../../avr/lib/avr5/crtm32u4.o
__vector_2                                        /usr/local/bin/../lib/gcc/avr/4.7.2/../../../../avr/lib/avr5/crtm32u4.o
__vector_20                                       /usr/local/bin/../lib/gcc/avr/4.7.2/../../../../avr/lib/avr5/crtm32u4.o
__vector_21                                       /usr/local/bin/../lib/gcc/avr/4.7.2/../../../../avr/lib/avr5/crtm32u4.o
__vector_22                                       /usr/local/bin/../lib/gcc/avr/4.7.2/../../../../avr/lib/avr5/crtm32u4.o
__vector_23                                       /usr/local/bin/../lib/gcc/avr/4.7.2/../../../../avr/lib/avr5/crtm32u4.o
__vector_24                                       /usr/local/bin/../lib/gcc/avr/4.7.2/../../../../avr/lib/avr5/crtm32u4.o
__vector_25                                       /usr/local/bin/../lib/gcc/avr/4.7.2/../../../../avr/lib/avr5/crtm32u4.o
__vector_26                                       /usr/local/bin/../lib/gcc/avr/4.7.2/../../../../avr/lib/avr5/crtm32u4.o
__vector_27                                       /usr/local/bin/../lib/gcc/avr/4.7.2/../../../../avr/lib/avr5/crtm32u4.o
__vector_28                                       /usr/local/bin/../lib/gcc/avr/4.7.2/../../../../avr/lib/avr5/crtm32u4.o
__vector_29                                       /usr/local/bin/../lib/gcc/avr/4.7.2/../../../../avr/lib/avr5/crtm32u4.o
__vector_3                                        /usr/local/bin/../lib/gcc/avr/4.7.2/../../../../avr/lib/avr5/crtm32u4.o
__vector_30                                       /usr/local/bin/../lib/gcc/avr/4.7.2/../../../../avr/lib/avr5/crtm32u4.o
__vector_31                                       /usr/local/bin/../lib/gcc/avr/4.7.2/../../../../avr/lib/avr5/crtm32u4.o
__vector_32                                       /usr/local/bin/../lib/gcc/avr/4.7.2/../../../../avr/lib/avr5/crtm32u4.o
__vector_33                                       /usr/local/bin/../lib/gcc/avr/4.7.2/../../../../avr/lib/avr5/crtm32u4.o
__vector_34                                       /usr/local/bin/../lib/gcc/avr/4.7.2/../../../../avr/lib/avr5/crtm32u4.o
__vector_35                                       /usr/local/bin/../lib/gcc/avr/4.7.2/../../../../avr/lib/avr5/crtm32u4.o
__vector_36                                       /usr/local/bin/../lib/gcc/avr/4.7.2/../../../../avr/lib/avr5/crtm32u4.o
__vector_37                                       /usr/local/bin/../lib/gcc/avr/4.7.2/../../../../avr/lib/avr5/crtm32u4.o
__vector_38                                       /usr/local/bin/../lib/gcc/avr/4.7.2/../../../../avr/lib/avr5/crtm32u4.o
__vector_39                                       /usr/local/bin/../lib/gcc/avr/4.7.2/../../../../avr/lib/avr5/crtm32u4.o
__vector_4                                        /usr/local/bin/../lib/gcc/avr/4.7.2/../../../../avr/lib/avr5/crtm32u4.o
__vector_40                                       /usr/local/bin/../lib/gcc/avr/4.7.2/../../../../avr/lib/avr5/crtm32u4.o
__vector_41                                       /usr/local/bin/../lib/gcc/avr/4.7.2/../../../../avr/lib/avr5/crtm32u4.o
__vector_42                                       /usr/local/bin/../lib/gcc/avr/4.7.2/../../../../avr/lib/avr5/crtm32u4.o
__vector_5                                        /usr/local/bin/../lib/gcc/avr/4.7.2/../../../../avr/lib/avr5/crtm32u4.o
__vector_6                                        /usr/local/bin/../lib/gcc/avr/4.7.2/../../../../avr/lib/avr5/crtm32u4.o
__vector_7                                        /usr/local/bin/../lib/gcc/avr/4.7.2/../../../../avr/lib/avr5/crtm32u4.o
__vector_8                                        /usr/local/bin/../lib/gcc/avr/4.7.2/../../../../avr/lib/avr5/crtm32u4.o
__vector_9                                        /usr/local/bin/../lib/gcc/avr/4.7.2/../../../../avr/lib/avr5/crtm32u4.o
__vector_default                                  /usr/local/bin/../lib/gcc/avr/4.7.2/../../../../avr/lib/avr5/crtm32u4.o
__vectors                                         /usr/local/bin/../lib/gcc/avr/4.7.2/../../../../avr/lib/avr5/crtm32u4.o
_div                                              /usr/local/bin/../lib/gcc/avr/4.7.2/avr5/libgcc.a(_divmodhi4.o)
_exit                                             /usr/local/bin/../lib/gcc/avr/4.7.2/avr5/libgcc.a(_exit.o)
clear                                             ../teensy_graphics/libteensy_graphics.a(graphics.o)
                                                  zombie_main.o
draw_character                                    ../teensy_graphics/libteensy_graphics.a(graphics.o)
draw_line                                         ../teensy_graphics/libteensy_graphics.a(graphics.o)
draw_sprite                                       ../teensy_graphics/libteensy_graphics.a(sprite.o)
                                                  zombie_main.o
draw_string                                       ../teensy_graphics/libteensy_graphics.a(graphics.o)
draw_zombies                                      zombie_main.o
exit                                              /usr/local/bin/../lib/gcc/avr/4.7.2/avr5/libgcc.a(_exit.o)
                                                  /usr/local/bin/../lib/gcc/avr/4.7.2/../../../../avr/lib/avr5/crtm32u4.o
init_sprite                                       ../teensy_graphics/libteensy_graphics.a(sprite.o)
                                                  zombie_main.o
main                                              zombie_main.o
                                                  /usr/local/bin/../lib/gcc/avr/4.7.2/../../../../avr/lib/avr5/crtm32u4.o
rand                                              /usr/local/bin/../lib/gcc/avr/4.7.2/../../../../avr/lib/avr5/libc.a(rand.o)
                                                  zombie_main.o
rand_r                                            /usr/local/bin/../lib/gcc/avr/4.7.2/../../../../avr/lib/avr5/libc.a(rand.o)
randx                                             zombie_main.o
randy                                             zombie_main.o
refresh                                           ../teensy_graphics/libteensy_graphics.a(graphics.o)
                                                  zombie_main.o
screenBuffer                                      ../teensy_graphics/libteensy_graphics.a(graphics.o)
section_selector                                  zombie_main.o
set_pixel                                         ../teensy_graphics/libteensy_graphics.a(graphics.o)
                                                  ../teensy_graphics/libteensy_graphics.a(sprite.o)
setup_device                                      zombie_main.o
setup_zombies                                     zombie_main.o
srand                                             /usr/local/bin/../lib/gcc/avr/4.7.2/../../../../avr/lib/avr5/libc.a(rand.o)
update_one_zombie                                 zombie_main.o
update_zombies                                    zombie_main.o
