Archive member included because of file (symbol)

/usr/local/bin/../lib/gcc/avr/4.7.2/../../../../avr/lib/avr5/libm.a(addsf3.o)
                              hero.o (__subsf3)
/usr/local/bin/../lib/gcc/avr/4.7.2/../../../../avr/lib/avr5/libm.a(addsf3x.o)
                              /usr/local/bin/../lib/gcc/avr/4.7.2/../../../../avr/lib/avr5/libm.a(addsf3.o) (__addsf3x)
/usr/local/bin/../lib/gcc/avr/4.7.2/../../../../avr/lib/avr5/libm.a(cmpsf2.o)
                              hero.o (__eqsf2)
/usr/local/bin/../lib/gcc/avr/4.7.2/../../../../avr/lib/avr5/libm.a(floatsisf.o)
                              hero.o (__floatsisf)
/usr/local/bin/../lib/gcc/avr/4.7.2/../../../../avr/lib/avr5/libm.a(fp_cmp.o)
                              /usr/local/bin/../lib/gcc/avr/4.7.2/../../../../avr/lib/avr5/libm.a(cmpsf2.o) (__fp_cmp)
/usr/local/bin/../lib/gcc/avr/4.7.2/../../../../avr/lib/avr5/libm.a(fp_inf.o)
                              /usr/local/bin/../lib/gcc/avr/4.7.2/../../../../avr/lib/avr5/libm.a(addsf3x.o) (__fp_inf)
/usr/local/bin/../lib/gcc/avr/4.7.2/../../../../avr/lib/avr5/libm.a(fp_nan.o)
                              /usr/local/bin/../lib/gcc/avr/4.7.2/../../../../avr/lib/avr5/libm.a(addsf3x.o) (__fp_nan)
/usr/local/bin/../lib/gcc/avr/4.7.2/../../../../avr/lib/avr5/libm.a(fp_pscA.o)
                              /usr/local/bin/../lib/gcc/avr/4.7.2/../../../../avr/lib/avr5/libm.a(addsf3x.o) (__fp_pscA)
/usr/local/bin/../lib/gcc/avr/4.7.2/../../../../avr/lib/avr5/libm.a(fp_pscB.o)
                              /usr/local/bin/../lib/gcc/avr/4.7.2/../../../../avr/lib/avr5/libm.a(addsf3x.o) (__fp_pscB)
/usr/local/bin/../lib/gcc/avr/4.7.2/../../../../avr/lib/avr5/libm.a(fp_round.o)
                              /usr/local/bin/../lib/gcc/avr/4.7.2/../../../../avr/lib/avr5/libm.a(addsf3.o) (__fp_round)
/usr/local/bin/../lib/gcc/avr/4.7.2/../../../../avr/lib/avr5/libm.a(fp_split3.o)
                              /usr/local/bin/../lib/gcc/avr/4.7.2/../../../../avr/lib/avr5/libm.a(addsf3x.o) (__fp_split3)
/usr/local/bin/../lib/gcc/avr/4.7.2/../../../../avr/lib/avr5/libm.a(fp_zero.o)
                              /usr/local/bin/../lib/gcc/avr/4.7.2/../../../../avr/lib/avr5/libm.a(addsf3x.o) (__fp_zero)
/usr/local/bin/../lib/gcc/avr/4.7.2/../../../../avr/lib/avr5/libm.a(gesf2.o)
                              hero.o (__gesf2)
../teensy_graphics/libteensy_graphics.a(graphics.o)
                              main.o (refresh)
../teensy_graphics/libteensy_graphics.a(lcd.o)
                              ../teensy_graphics/libteensy_graphics.a(graphics.o) (LCDWrite)
../teensy_graphics/libteensy_graphics.a(sprite.o)
                              hero.o (init_sprite)
/usr/local/bin/../lib/gcc/avr/4.7.2/avr5/libgcc.a(_divmodhi4.o)
                              zombies.o (__divmodhi4)
/usr/local/bin/../lib/gcc/avr/4.7.2/avr5/libgcc.a(_exit.o)
                              /usr/local/bin/../lib/gcc/avr/4.7.2/../../../../avr/lib/avr5/crtm32u4.o (exit)
/usr/local/bin/../lib/gcc/avr/4.7.2/avr5/libgcc.a(_copy_data.o)
                              main.o (__do_copy_data)
/usr/local/bin/../lib/gcc/avr/4.7.2/avr5/libgcc.a(_clear_bss.o)
                              main.o (__do_clear_bss)
/usr/local/bin/../lib/gcc/avr/4.7.2/avr5/libgcc.a(_udivmodhi4.o)
                              /usr/local/bin/../lib/gcc/avr/4.7.2/avr5/libgcc.a(_divmodhi4.o) (__udivmodhi4)
/usr/local/bin/../lib/gcc/avr/4.7.2/../../../../avr/lib/avr5/libm.a(divsf3.o)
                              ../teensy_graphics/libteensy_graphics.a(graphics.o) (__divsf3)
/usr/local/bin/../lib/gcc/avr/4.7.2/../../../../avr/lib/avr5/libm.a(divsf3x.o)
                              /usr/local/bin/../lib/gcc/avr/4.7.2/../../../../avr/lib/avr5/libm.a(divsf3.o) (__divsf3x)
/usr/local/bin/../lib/gcc/avr/4.7.2/../../../../avr/lib/avr5/libm.a(fixunssfsi.o)
                              ../teensy_graphics/libteensy_graphics.a(sprite.o) (__fixunssfsi)
/usr/local/bin/../lib/gcc/avr/4.7.2/../../../../avr/lib/avr5/libm.a(mulsf3.o)
                              ../teensy_graphics/libteensy_graphics.a(graphics.o) (__mulsf3)
/usr/local/bin/../lib/gcc/avr/4.7.2/../../../../avr/lib/avr5/libm.a(mulsf3x.o)
                              /usr/local/bin/../lib/gcc/avr/4.7.2/../../../../avr/lib/avr5/libm.a(mulsf3.o) (__mulsf3x)
/usr/local/bin/../lib/gcc/avr/4.7.2/../../../../avr/lib/avr5/libc.a(rand.o)
                              zombies.o (rand)
/usr/local/bin/../lib/gcc/avr/4.7.2/../../../../avr/lib/avr5/libc.a(sprintf.o)
                              lives.o (sprintf)
/usr/local/bin/../lib/gcc/avr/4.7.2/../../../../avr/lib/avr5/libc.a(vfprintf_std.o)
                              /usr/local/bin/../lib/gcc/avr/4.7.2/../../../../avr/lib/avr5/libc.a(sprintf.o) (vfprintf)
/usr/local/bin/../lib/gcc/avr/4.7.2/../../../../avr/lib/avr5/libc.a(strnlen_P.o)
                              /usr/local/bin/../lib/gcc/avr/4.7.2/../../../../avr/lib/avr5/libc.a(vfprintf_std.o) (strnlen_P)
[...]
Memory Configuration

Name             Origin             Length             Attributes
text             0x00000000         0x00020000         xr
data             0x00800060         0x0000ffa0         rw !x
eeprom           0x00810000         0x00010000         rw !x
fuse             0x00820000         0x00000400         rw !x
lock             0x00830000         0x00000400         rw !x
signature        0x00840000         0x00000400         rw !x
user_signatures  0x00850000         0x00000400         rw !x
*default*        0x00000000         0xffffffff

Linker script and memory map

Address of section .data set to 0x800100
LOAD /usr/local/bin/../lib/gcc/avr/4.7.2/../../../../avr/lib/avr5/crtm32u4.o
LOAD main.o
LOAD start_screen.o
LOAD screen.o
LOAD lives.o
LOAD score.o
LOAD hero.o
LOAD zombies.o
LOAD game_over.o
LOAD game_set.o
LOAD pit.o
LOAD random_seed.o
LOAD items.o
LOAD /usr/local/bin/../lib/gcc/avr/4.7.2/../../../../avr/lib/avr5/libm.a
LOAD ../teensy_graphics/libteensy_graphics.a
START GROUP
LOAD /usr/local/bin/../lib/gcc/avr/4.7.2/avr5/libgcc.a
LOAD /usr/local/bin/../lib/gcc/avr/4.7.2/../../../../avr/lib/avr5/libm.a
LOAD /usr/local/bin/../lib/gcc/avr/4.7.2/../../../../avr/lib/avr5/libc.a
END GROUP

.hash
 *(.hash)

.dynsym
 *(.dynsym)

.dynstr
 *(.dynstr)

.gnu.version
 *(.gnu.version)

.gnu.version_d
 *(.gnu.version_d)

.gnu.version_r
 *(.gnu.version_r)

.rel.init
 *(.rel.init)

.rela.init
 *(.rela.init)

.rel.text
 *(.rel.text)
 *(.rel.text.*)
 *(.rel.gnu.linkonce.t*)

.rela.text
 *(.rela.text)
 *(.rela.text.*)
 *(.rela.gnu.linkonce.t*)

.rel.fini
 *(.rel.fini)

.rela.fini
 *(.rela.fini)

.rel.rodata
 *(.rel.rodata)
 *(.rel.rodata.*)
 *(.rel.gnu.linkonce.r*)

.rela.rodata
 *(.rela.rodata)
 *(.rela.rodata.*)
 *(.rela.gnu.linkonce.r*)

.rel.data
 *(.rel.data)
 *(.rel.data.*)
 *(.rel.gnu.linkonce.d*)

.rela.data
 *(.rela.data)
 *(.rela.data.*)
 *(.rela.gnu.linkonce.d*)

.rel.ctors
 *(.rel.ctors)

.rela.ctors
 *(.rela.ctors)

.rel.dtors
 *(.rel.dtors)

.rela.dtors
 *(.rela.dtors)

.rel.got
 *(.rel.got)

.rela.got
 *(.rela.got)

.rel.bss
 *(.rel.bss)

.rela.bss
 *(.rela.bss)

.rel.plt
 *(.rel.plt)

.rela.plt
 *(.rela.plt)

.text           0x00000000     0x320c
 *(.vectors)
 .vectors       0x00000000       0xac /usr/local/bin/../lib/gcc/avr/4.7.2/../../../../avr/lib/avr5/crtm32u4.o
                0x00000000                __vectors
                0x00000000                __vector_default
 *(.vectors)
 *(.progmem.gcc*)
 *(.progmem*)
 .progmem.data  0x000000ac      0x1e0 ../teensy_graphics/libteensy_graphics.a(graphics.o)
                0x0000028c                . = ALIGN (0x2)
                0x0000028c                __trampolines_start = .
 *(.trampolines)
 .trampolines   0x0000028c        0x0 linker stubs
 *(.trampolines*)
                0x0000028c                __trampolines_end = .
 *(.jumptables)
 *(.jumptables*)
 *(.lowtext)
 *(.lowtext*)
                0x0000028c                __ctors_start = .
 *(.ctors)
                0x0000028c                __ctors_end = .
                0x0000028c                __dtors_start = .
 *(.dtors)
                0x0000028c                __dtors_end = .
 SORT(*)(.ctors)
 SORT(*)(.dtors)
 *(.init0)
 .init0         0x0000028c        0x0 /usr/local/bin/../lib/gcc/avr/4.7.2/../../../../avr/lib/avr5/crtm32u4.o
                0x0000028c                __init
 *(.init0)
 *(.init1)
 *(.init1)
 *(.init2)
 .init2         0x0000028c        0xc /usr/local/bin/../lib/gcc/avr/4.7.2/../../../../avr/lib/avr5/crtm32u4.o
 *(.init2)
 *(.init3)
 *(.init3)
 *(.init4)
 .init4         0x00000298       0x16 /usr/local/bin/../lib/gcc/avr/4.7.2/avr5/libgcc.a(_copy_data.o)
                0x00000298                __do_copy_data
 .init4         0x000002ae       0x10 /usr/local/bin/../lib/gcc/avr/4.7.2/avr5/libgcc.a(_clear_bss.o)
                0x000002ae                __do_clear_bss
 *(.init4)
 *(.init5)
 *(.init5)
 *(.init6)
 *(.init6)
 *(.init7)
 *(.init7)
 *(.init8)
 *(.init8)
 *(.init9)
 .init9         0x000002be        0x6 /usr/local/bin/../lib/gcc/avr/4.7.2/../../../../avr/lib/avr5/crtm32u4.o
 *(.init9)
 *(.text)
 .text          0x000002c4        0x2 /usr/local/bin/../lib/gcc/avr/4.7.2/../../../../avr/lib/avr5/crtm32u4.o
                0x000002c4                __vector_42
                0x000002c4                __vector_22
                0x000002c4                __vector_28
                0x000002c4                __vector_1
                0x000002c4                __vector_32
                0x000002c4                __vector_34
                0x000002c4                __vector_24
                0x000002c4                __vector_12
                0x000002c4                __bad_interrupt
                0x000002c4                __vector_6
                0x000002c4                __vector_31
                0x000002c4                __vector_35
                0x000002c4                __vector_39
                0x000002c4                __vector_3
                0x000002c4                __vector_23
                0x000002c4                __vector_30
                0x000002c4                __vector_25
                0x000002c4                __vector_11
                0x000002c4                __vector_13
                0x000002c4                __vector_17
                0x000002c4                __vector_19
                0x000002c4                __vector_7
                0x000002c4                __vector_41
                0x000002c4                __vector_27
                0x000002c4                __vector_5
                0x000002c4                __vector_33
                0x000002c4                __vector_37
                0x000002c4                __vector_4
                0x000002c4                __vector_9
                0x000002c4                __vector_2
                0x000002c4                __vector_21
                0x000002c4                __vector_15
                0x000002c4                __vector_36
                0x000002c4                __vector_29
                0x000002c4                __vector_40
                0x000002c4                __vector_8
                0x000002c4                __vector_26
                0x000002c4                __vector_14
                0x000002c4                __vector_10
                0x000002c4                __vector_16
                0x000002c4                __vector_18
                0x000002c4                __vector_20
                0x000002c4                __vector_38
                0x000002c6                . = ALIGN (0x2)
 *(.text.*)
 .text.setup_device
                0x000002c6       0x22 main.o
                0x000002c6                setup_device
 .text.startup.main
                0x000002e8       0xd8 main.o
                0x000002e8                main
 .text.game_countdown
                0x000003c0       0xa0 start_screen.o
                0x000003c0                game_countdown
 .text.setup_start_screen
                0x00000460       0x5a start_screen.o
                0x00000460                setup_start_screen
 .text.screen_lines
                0x000004ba       0x64 screen.o
                0x000004ba                screen_lines
 .text.lives_setup
                0x0000051e       0x4c lives.o
                0x0000051e                lives_setup
 .text.reset_lives
                0x0000056a        0xe lives.o
                0x0000056a                reset_lives
 .text.score_setup
                0x00000578       0x4c score.o
                0x00000578                score_setup
 .text.update_score_time
                0x000005c4       0x14 score.o
                0x000005c4                update_score_time
 .text.reset_score
                0x000005d8        0xa score.o
                0x000005d8                reset_score
 .text.start_hero
                0x000005e2       0x64 hero.o
                0x000005e2                start_hero
 .text.pit_hero
                0x00000646      0x224 hero.o
                0x00000646                pit_hero
 .text.move_hero
                0x0000086a      0x418 hero.o
                0x0000086a                move_hero
 .text.update_checker
                0x00000c82       0x1a hero.o
                0x00000c82                update_checker
 .text.update_hero
                0x00000c9c        0xe hero.o
                0x00000c9c                update_hero
 .text.section_selector
                0x00000caa       0x60 zombies.o
                0x00000caa                section_selector
 .text.setup_zombies
                0x00000d0a       0xa6 zombies.o
                0x00000d0a                setup_zombies
 .text.draw_zombies
                0x00000db0       0x2a zombies.o
                0x00000db0                draw_zombies
 .text.start_zombies
                0x00000dda       0x48 zombies.o
                0x00000dda                start_zombies
 .text.zombie_drawer
                0x00000e22        0xa zombies.o
                0x00000e22                zombie_drawer
 .text.update_zombies
                0x00000e2c      0x456 zombies.o
                0x00000e2c                update_zombies
 .text.zombie_updater
                0x00001282       0x14 zombies.o
                0x00001282                zombie_updater
 .text.zombie_collision
                0x00001296      0x2c4 zombies.o
                0x00001296                zombie_collision
 .text.zombies_collission
                0x0000155a       0x28 zombies.o
                0x0000155a                zombies_collission
 .text.kill_zombie
                0x00001582       0xa2 zombies.o
                0x00001582                kill_zombie
 .text.kill_zombies
                0x00001624       0x28 zombies.o
                0x00001624                kill_zombies
 .text.check_zombie
                0x0000164c       0x14 zombies.o
                0x0000164c                check_zombie
 .text.hero_die
                0x00001660        0xc game_set.o
                0x00001660                hero_die
 .text.start_pit
                0x0000166c       0x64 pit.o
                0x0000166c                start_pit
 .text.draw_pit
                0x000016d0        0x8 pit.o
                0x000016d0                draw_pit
 .text.pit_collision
                0x000016d8      0x126 pit.o
                0x000016d8                pit_collision
 .text.random_seed
                0x000017fe       0x12 random_seed.o
                0x000017fe                random_seed
 .text.sword_setup
                0x00001810       0x6a items.o
                0x00001810                sword_setup
 .text.sword_pickup_title
                0x0000187a       0x62 items.o
                0x0000187a                sword_pickup_title
 .text.draw_sword
                0x000018dc       0x7e items.o
                0x000018dc                draw_sword
 .text.pickup_sword
                0x0000195a      0x1c0 items.o
                0x0000195a                pickup_sword
 .text.grenades_setup
                0x00001b1a       0x38 items.o
                0x00001b1a                grenades_setup
 .text.grenades_pickup_title
                0x00001b52       0x98 items.o
                0x00001b52                grenades_pickup_title
 .text.pickup_granades
                0x00001bea      0x1d2 items.o
                0x00001bea                pickup_granades
 .text.bang_setup
                0x00001dbc       0x38 items.o
                0x00001dbc                bang_setup
 .text.draw_granades
                0x00001df4       0x46 items.o
                0x00001df4                draw_granades
 .text.granade_use
                0x00001e3a       0x7c items.o
                0x00001e3a                granade_use
 .text.avr-libc.fplib
                0x00001eb6        0xa /usr/local/bin/../lib/gcc/avr/4.7.2/../../../../avr/lib/avr5/libm.a(addsf3.o)
                0x00001eb6                __subsf3
                0x00001eb8                __addsf3
 .text.avr-libc.fplib
                0x00001ec0       0xc0 /usr/local/bin/../lib/gcc/avr/4.7.2/../../../../avr/lib/avr5/libm.a(addsf3x.o)
                0x00001eda                __addsf3x
 .text.avr-libc.fplib
                0x00001f80        0x8 /usr/local/bin/../lib/gcc/avr/4.7.2/../../../../avr/lib/avr5/libm.a(cmpsf2.o)
                0x00001f80                __lesf2
                0x00001f80                __nesf2
                0x00001f80                __eqsf2
                0x00001f80                __cmpsf2
                0x00001f80                __ltsf2
 .text.avr-libc.fplib
                0x00001f88       0x7a /usr/local/bin/../lib/gcc/avr/4.7.2/../../../../avr/lib/avr5/libm.a(floatsisf.o)
                0x00001f88                __floatunsisf
                0x00001f8c                __floatsisf
 .text.avr-libc.fplib
                0x00002002       0x48 /usr/local/bin/../lib/gcc/avr/4.7.2/../../../../avr/lib/avr5/libm.a(fp_cmp.o)
                0x00002002                __fp_cmp
 .text.avr-libc.fplib
                0x0000204a        0xc /usr/local/bin/../lib/gcc/avr/4.7.2/../../../../avr/lib/avr5/libm.a(fp_inf.o)
                0x0000204a                __fp_inf
 .text.avr-libc.fplib
                0x00002056        0x6 /usr/local/bin/../lib/gcc/avr/4.7.2/../../../../avr/lib/avr5/libm.a(fp_nan.o)
                0x00002056                __fp_nan
 .text.avr-libc.fplib
                0x0000205c        0xe /usr/local/bin/../lib/gcc/avr/4.7.2/../../../../avr/lib/avr5/libm.a(fp_pscA.o)
                0x0000205c                __fp_pscA
 .text.avr-libc.fplib
                0x0000206a        0xe /usr/local/bin/../lib/gcc/avr/4.7.2/../../../../avr/lib/avr5/libm.a(fp_pscB.o)
                0x0000206a                __fp_pscB
 .text.avr-libc.fplib
                0x00002078       0x22 /usr/local/bin/../lib/gcc/avr/4.7.2/../../../../avr/lib/avr5/libm.a(fp_round.o)
                0x00002078                __fp_round
 .text.avr-libc.fplib
                0x0000209a       0x44 /usr/local/bin/../lib/gcc/avr/4.7.2/../../../../avr/lib/avr5/libm.a(fp_split3.o)
                0x0000209a                __fp_split3
                0x000020aa                __fp_splitA
 .text.avr-libc.fplib
                0x000020de        0xe /usr/local/bin/../lib/gcc/avr/4.7.2/../../../../avr/lib/avr5/libm.a(fp_zero.o)
                0x000020de                __fp_zero
                0x000020e0                __fp_szero
 .text.avr-libc.fplib
                0x000020ec        0x8 /usr/local/bin/../lib/gcc/avr/4.7.2/../../../../avr/lib/avr5/libm.a(gesf2.o)
                0x000020ec                __gtsf2
                0x000020ec                __gesf2
 .text.refresh  0x000020f4       0x22 ../teensy_graphics/libteensy_graphics.a(graphics.o)
                0x000020f4                refresh
 .text.clear    0x00002116       0x10 ../teensy_graphics/libteensy_graphics.a(graphics.o)
                0x00002116                clear
 .text.set_pixel
                0x00002126       0x46 ../teensy_graphics/libteensy_graphics.a(graphics.o)
                0x00002126                set_pixel
 .text.draw_line
                0x0000216c      0x3fc ../teensy_graphics/libteensy_graphics.a(graphics.o)
                0x0000216c                draw_line
 .text.draw_character
                0x00002568       0xa8 ../teensy_graphics/libteensy_graphics.a(graphics.o)
                0x00002568                draw_character
 .text.draw_string
                0x00002610       0x28 ../teensy_graphics/libteensy_graphics.a(graphics.o)
                0x00002610                draw_string
 .text.LCDWrite
                0x00002638       0x3c ../teensy_graphics/libteensy_graphics.a(lcd.o)
                0x00002638                LCDWrite
 .text.LCDInitialise
                0x00002674       0x4e ../teensy_graphics/libteensy_graphics.a(lcd.o)
                0x00002674                LCDInitialise
 .text.LCDPosition
                0x000026c2       0x14 ../teensy_graphics/libteensy_graphics.a(lcd.o)
                0x000026c2                LCDPosition
 .text.init_sprite
                0x000026d6       0x60 ../teensy_graphics/libteensy_graphics.a(sprite.o)
                0x000026d6                init_sprite
 .text.draw_sprite
                0x00002736      0x1aa ../teensy_graphics/libteensy_graphics.a(sprite.o)
                0x00002736                draw_sprite
 .text.libgcc.div
                0x000028e0       0x26 /usr/local/bin/../lib/gcc/avr/4.7.2/avr5/libgcc.a(_divmodhi4.o)
                0x000028e0                __divmodhi4
                0x000028e0                _div
 .text.libgcc.div
                0x00002906       0x28 /usr/local/bin/../lib/gcc/avr/4.7.2/avr5/libgcc.a(_udivmodhi4.o)
                0x00002906                __udivmodhi4
 .text.avr-libc.fplib
                0x0000292e        0x4 /usr/local/bin/../lib/gcc/avr/4.7.2/../../../../avr/lib/avr5/libm.a(divsf3.o)
                0x0000292e                __divsf3
 .text.avr-libc.fplib
                0x00002932       0xcc /usr/local/bin/../lib/gcc/avr/4.7.2/../../../../avr/lib/avr5/libm.a(divsf3x.o)
                0x00002948                __divsf3x
                0x0000294c                __divsf3_pse
 .text.avr-libc.fplib
                0x000029fe       0x58 /usr/local/bin/../lib/gcc/avr/4.7.2/../../../../avr/lib/avr5/libm.a(fixunssfsi.o)
                0x000029fe                __fixunssfsi
 .text.avr-libc.fplib
                0x00002a56        0x4 /usr/local/bin/../lib/gcc/avr/4.7.2/../../../../avr/lib/avr5/libm.a(mulsf3.o)
                0x00002a56                __mulsf3
 .text.avr-libc.fplib
                0x00002a5a       0xc2 /usr/local/bin/../lib/gcc/avr/4.7.2/../../../../avr/lib/avr5/libm.a(mulsf3x.o)
                0x00002a6e                __mulsf3x
                0x00002a72                __mulsf3_pse
 .text.avr-libc
                0x00002b1c       0xb4 /usr/local/bin/../lib/gcc/avr/4.7.2/../../../../avr/lib/avr5/libc.a(rand.o)
                0x00002bb2                rand_r
                0x00002bb4                rand
                0x00002bba                srand
 .text.avr-libc
                0x00002bd0       0x3e /usr/local/bin/../lib/gcc/avr/4.7.2/../../../../avr/lib/avr5/libc.a(sprintf.o)
                0x00002bd0                sprintf
 .text.avr-libc
                0x00002c0e      0x39a /usr/local/bin/../lib/gcc/avr/4.7.2/../../../../avr/lib/avr5/libc.a(vfprintf_std.o)
                0x00002c0e                vfprintf
 .text.avr-libc
                0x00002fa8       0x16 /usr/local/bin/../lib/gcc/avr/4.7.2/../../../../avr/lib/avr5/libc.a(strnlen_P.o)
                0x00002fa8                strnlen_P
 .text.avr-libc
                0x00002fbe       0x16 /usr/local/bin/../lib/gcc/avr/4.7.2/../../../../avr/lib/avr5/libc.a(strnlen.o)
                0x00002fbe                strnlen
 .text.avr-libc
                0x00002fd4       0x58 /usr/local/bin/../lib/gcc/avr/4.7.2/../../../../avr/lib/avr5/libc.a(fputc.o)
                0x00002fd4                fputc
 .text.avr-libc
                0x0000302c       0xbc /usr/local/bin/../lib/gcc/avr/4.7.2/../../../../avr/lib/avr5/libc.a(ultoa_invert.o)
                0x0000302c                __ultoa_invert
 .text.libgcc.div
                0x000030e8       0x36 /usr/local/bin/../lib/gcc/avr/4.7.2/avr5/libgcc.a(_divmodsi4.o)
                0x000030e8                __divmodsi4
 .text.libgcc.mul
                0x0000311e       0x14 /usr/local/bin/../lib/gcc/avr/4.7.2/avr5/libgcc.a(_muluhisi3.o)
                0x0000311e                __muluhisi3
 .text.libgcc.mul
                0x00003132        0xc /usr/local/bin/../lib/gcc/avr/4.7.2/avr5/libgcc.a(_mulshisi3.o)
                0x00003132                __mulshisi3
                0x00003136                __mulohisi3
 .text.libgcc.prologue
                0x0000313e       0x38 /usr/local/bin/../lib/gcc/avr/4.7.2/avr5/libgcc.a(_prologue.o)
                0x0000313e                __prologue_saves__
 .text.libgcc.prologue
                0x00003176       0x36 /usr/local/bin/../lib/gcc/avr/4.7.2/avr5/libgcc.a(_epilogue.o)
                0x00003176                __epilogue_restores__
 .text.libgcc.div
                0x000031ac       0x44 /usr/local/bin/../lib/gcc/avr/4.7.2/avr5/libgcc.a(_udivmodsi4.o)
                0x000031ac                __udivmodsi4
 .text.libgcc.mul
                0x000031f0       0x18 /usr/local/bin/../lib/gcc/avr/4.7.2/avr5/libgcc.a(_umulhisi3.o)
                0x000031f0                __umulhisi3
                0x00003208                . = ALIGN (0x2)
 *(.fini9)
 .fini9         0x00003208        0x0 /usr/local/bin/../lib/gcc/avr/4.7.2/avr5/libgcc.a(_exit.o)
                0x00003208                exit
                0x00003208                _exit
 *(.fini9)
 *(.fini8)
 *(.fini8)
 *(.fini7)
 *(.fini7)
 *(.fini6)
 *(.fini6)
 *(.fini5)
 *(.fini5)
 *(.fini4)
 *(.fini4)
 *(.fini3)
 *(.fini3)
 *(.fini2)
 *(.fini2)
 *(.fini1)
 *(.fini1)
 *(.fini0)
 .fini0         0x00003208        0x4 /usr/local/bin/../lib/gcc/avr/4.7.2/avr5/libgcc.a(_exit.o)
 *(.fini0)
                0x0000320c                _etext = .

.data           0x00800100       0x8e load address 0x0000320c
                0x00800100                PROVIDE (__data_start, .)
 *(.data)
 .data          0x00800100        0x0 /usr/local/bin/../lib/gcc/avr/4.7.2/../../../../avr/lib/avr5/crtm32u4.o
 .data          0x00800100        0x0 main.o
 .data          0x00800100        0x0 start_screen.o
 .data          0x00800100        0x0 screen.o
 .data          0x00800100        0x2 lives.o
                0x00800100                lives
 .data          0x00800102        0x0 score.o
 .data          0x00800102        0x5 hero.o
                0x00800102                bitmap_hero
                0x00800105                hero_prt
 .data          0x00800107        0x5 zombies.o
                0x00800107                bitmap1
                0x0080010a                z
 .data          0x0080010c        0x0 game_over.o
 .data          0x0080010c        0x0 game_set.o
 .data          0x0080010c        0x8 pit.o
                0x0080010c                bitmap_pit
                0x00800112                pit_prt
 .data          0x00800114        0x0 random_seed.o
 .data          0x00800114       0x20 items.o
                0x00800114                grenade_count
                0x00800116                bitmap_grenades
                0x0080011a                bomb_prt
                0x0080011c                grenades_prt
                0x0080011e                bitmap_sword
                0x00800122                bitmap_sword_top
                0x00800126                bitmap_sword_bottom
                0x0080012a                bitmap_sword_left
                0x0080012e                bitmap_sword_right
                0x00800132                sword_prt
 .data          0x00800134        0x0 /usr/local/bin/../lib/gcc/avr/4.7.2/../../../../avr/lib/avr5/libm.a(addsf3.o)
 .data          0x00800134        0x0 /usr/local/bin/../lib/gcc/avr/4.7.2/../../../../avr/lib/avr5/libm.a(addsf3x.o)
 .data          0x00800134        0x0 /usr/local/bin/../lib/gcc/avr/4.7.2/../../../../avr/lib/avr5/libm.a(cmpsf2.o)
 .data          0x00800134        0x0 /usr/local/bin/../lib/gcc/avr/4.7.2/../../../../avr/lib/avr5/libm.a(floatsisf.o)
 .data          0x00800134        0x0 /usr/local/bin/../lib/gcc/avr/4.7.2/../../../../avr/lib/avr5/libm.a(fp_cmp.o)
 .data          0x00800134        0x0 /usr/local/bin/../lib/gcc/avr/4.7.2/../../../../avr/lib/avr5/libm.a(fp_inf.o)
 .data          0x00800134        0x0 /usr/local/bin/../lib/gcc/avr/4.7.2/../../../../avr/lib/avr5/libm.a(fp_nan.o)
 .data          0x00800134        0x0 /usr/local/bin/../lib/gcc/avr/4.7.2/../../../../avr/lib/avr5/libm.a(fp_pscA.o)
 .data          0x00800134        0x0 /usr/local/bin/../lib/gcc/avr/4.7.2/../../../../avr/lib/avr5/libm.a(fp_pscB.o)
 .data          0x00800134        0x0 /usr/local/bin/../lib/gcc/avr/4.7.2/../../../../avr/lib/avr5/libm.a(fp_round.o)
 .data          0x00800134        0x0 /usr/local/bin/../lib/gcc/avr/4.7.2/../../../../avr/lib/avr5/libm.a(fp_split3.o)
 .data          0x00800134        0x0 /usr/local/bin/../lib/gcc/avr/4.7.2/../../../../avr/lib/avr5/libm.a(fp_zero.o)
 .data          0x00800134        0x0 /usr/local/bin/../lib/gcc/avr/4.7.2/../../../../avr/lib/avr5/libm.a(gesf2.o)
 .data          0x00800134        0x0 ../teensy_graphics/libteensy_graphics.a(graphics.o)
 .data          0x00800134        0x0 ../teensy_graphics/libteensy_graphics.a(lcd.o)
 .data          0x00800134        0x0 ../teensy_graphics/libteensy_graphics.a(sprite.o)
 .data          0x00800134        0x0 /usr/local/bin/../lib/gcc/avr/4.7.2/avr5/libgcc.a(_divmodhi4.o)
 .data          0x00800134        0x0 /usr/local/bin/../lib/gcc/avr/4.7.2/avr5/libgcc.a(_exit.o)
 .data          0x00800134        0x0 /usr/local/bin/../lib/gcc/avr/4.7.2/avr5/libgcc.a(_copy_data.o)
 .data          0x00800134        0x0 /usr/local/bin/../lib/gcc/avr/4.7.2/avr5/libgcc.a(_clear_bss.o)
 .data          0x00800134        0x0 /usr/local/bin/../lib/gcc/avr/4.7.2/avr5/libgcc.a(_udivmodhi4.o)
 .data          0x00800134        0x0 /usr/local/bin/../lib/gcc/avr/4.7.2/../../../../avr/lib/avr5/libm.a(divsf3.o)
 .data          0x00800134        0x0 /usr/local/bin/../lib/gcc/avr/4.7.2/../../../../avr/lib/avr5/libm.a(divsf3x.o)
 .data          0x00800134        0x0 /usr/local/bin/../lib/gcc/avr/4.7.2/../../../../avr/lib/avr5/libm.a(fixunssfsi.o)
 .data          0x00800134        0x0 /usr/local/bin/../lib/gcc/avr/4.7.2/../../../../avr/lib/avr5/libm.a(mulsf3.o)
 .data          0x00800134        0x0 /usr/local/bin/../lib/gcc/avr/4.7.2/../../../../avr/lib/avr5/libm.a(mulsf3x.o)
 .data          0x00800134        0x4 /usr/local/bin/../lib/gcc/avr/4.7.2/../../../../avr/lib/avr5/libc.a(rand.o)
 .data          0x00800138        0x0 /usr/local/bin/../lib/gcc/avr/4.7.2/../../../../avr/lib/avr5/libc.a(sprintf.o)
 .data          0x00800138        0x0 /usr/local/bin/../lib/gcc/avr/4.7.2/../../../../avr/lib/avr5/libc.a(vfprintf_std.o)
 .data          0x00800138        0x0 /usr/local/bin/../lib/gcc/avr/4.7.2/../../../../avr/lib/avr5/libc.a(strnlen_P.o)
 .data          0x00800138        0x0 /usr/local/bin/../lib/gcc/avr/4.7.2/../../../../avr/lib/avr5/libc.a(strnlen.o)
 .data          0x00800138        0x0 /usr/local/bin/../lib/gcc/avr/4.7.2/../../../../avr/lib/avr5/libc.a(fputc.o)
 .data          0x00800138        0x0 /usr/local/bin/../lib/gcc/avr/4.7.2/../../../../avr/lib/avr5/libc.a(ultoa_invert.o)
 .data          0x00800138        0x0 /usr/local/bin/../lib/gcc/avr/4.7.2/avr5/libgcc.a(_divmodsi4.o)
 .data          0x00800138        0x0 /usr/local/bin/../lib/gcc/avr/4.7.2/avr5/libgcc.a(_muluhisi3.o)
 .data          0x00800138        0x0 /usr/local/bin/../lib/gcc/avr/4.7.2/avr5/libgcc.a(_mulshisi3.o)
 .data          0x00800138        0x0 /usr/local/bin/../lib/gcc/avr/4.7.2/avr5/libgcc.a(_prologue.o)
 .data          0x00800138        0x0 /usr/local/bin/../lib/gcc/avr/4.7.2/avr5/libgcc.a(_epilogue.o)
 .data          0x00800138        0x0 /usr/local/bin/../lib/gcc/avr/4.7.2/avr5/libgcc.a(_udivmodsi4.o)
 .data          0x00800138        0x0 /usr/local/bin/../lib/gcc/avr/4.7.2/avr5/libgcc.a(_umulhisi3.o)
 *(.data*)
 *(.rodata)
 .rodata        0x00800138       0x10 items.o
 *(.rodata*)
 .rodata.str1.1
                0x00800148        0x9 main.o
 .rodata.str1.1
                0x00800151       0x34 start_screen.o
 .rodata.str1.1
                0x00800185        0x6 lives.o
 .rodata.str1.1
                0x0080018b        0x3 score.o
                                  0x6 (size before relaxing)
 .rodata.str1.1
                0x00000000        0x3 items.o
 *(.gnu.linkonce.d*)
                0x0080018e                . = ALIGN (0x2)
                0x0080018e                _edata = .
                0x0080018e                PROVIDE (__data_end, .)

.bss            0x0080018e      0x33a
                0x0080018e                PROVIDE (__bss_start, .)
 *(.bss)
 .bss           0x0080018e        0x2 score.o
                0x0080018e                score
 .bss           0x00800190        0x2 zombies.o
                0x00800190                dead_zombies
 .bss           0x00800192        0x2 pit.o
                0x00800192                in_pit
 .bss           0x00800194        0x6 items.o
                0x00800194                grenade_drop
                0x00800196                grenades_pickup
                0x00800198                sword_pickup
 *(.bss*)
 *(COMMON)
 COMMON         0x0080019a      0x111 main.o
                0x0080019a                sword
                0x008001af                pit
                0x008001c4                hero
                0x008001d9                zombies
                0x00800281                bomb
                0x00800296                grenades
 COMMON         0x008002ab        0xf lives.o
                0x008002ab                l
 COMMON         0x008002ba        0xf score.o
                0x008002ba                s
 COMMON         0x008002c9        0x2 hero.o
                0x008002c9                hero_d
 COMMON         0x008002cb        0x4 zombies.o
                0x008002cb                randy
                0x008002cd                randx
 COMMON         0x008002cf        0x1 items.o
                0x008002cf                g
 COMMON         0x008002d0      0x1f8 ../teensy_graphics/libteensy_graphics.a(graphics.o)
                0x008002d0                screenBuffer
                0x008004c8                PROVIDE (__bss_end, .)
                0x0000320c                __data_load_start = LOADADDR (.data)
                0x0000329a                __data_load_end = (__data_load_start + SIZEOF (.data))

.noinit         0x008004c8        0x0
                0x008004c8                PROVIDE (__noinit_start, .)
 *(.noinit*)
                0x008004c8                PROVIDE (__noinit_end, .)
                0x008004c8                _end = .
                0x008004c8                PROVIDE (__heap_start, .)

.eeprom         0x00810000        0x0
 *(.eeprom*)
                0x00810000                __eeprom_end = .

.fuse
 *(.fuse)
 *(.lfuse)
 *(.hfuse)
 *(.efuse)

.lock
 *(.lock*)

.signature
 *(.signature*)

.user_signatures
 *(.user_signatures*)

.stab           0x00000000     0x2994
 *(.stab)
 .stab          0x00000000      0x6cc /usr/local/bin/../lib/gcc/avr/4.7.2/../../../../avr/lib/avr5/crtm32u4.o
 .stab          0x000006cc       0x78 /usr/local/bin/../lib/gcc/avr/4.7.2/../../../../avr/lib/avr5/libm.a(addsf3.o)
                                 0x84 (size before relaxing)
 .stab          0x00000744      0x4bc /usr/local/bin/../lib/gcc/avr/4.7.2/../../../../avr/lib/avr5/libm.a(addsf3x.o)
                                0x4c8 (size before relaxing)
 .stab          0x00000c00       0x90 /usr/local/bin/../lib/gcc/avr/4.7.2/../../../../avr/lib/avr5/libm.a(cmpsf2.o)
                                 0x9c (size before relaxing)
 .stab          0x00000c90      0x318 /usr/local/bin/../lib/gcc/avr/4.7.2/../../../../avr/lib/avr5/libm.a(floatsisf.o)
                                0x324 (size before relaxing)
 .stab          0x00000fa8      0x1e0 /usr/local/bin/../lib/gcc/avr/4.7.2/../../../../avr/lib/avr5/libm.a(fp_cmp.o)
                                0x1ec (size before relaxing)
 .stab          0x00001188       0x78 /usr/local/bin/../lib/gcc/avr/4.7.2/../../../../avr/lib/avr5/libm.a(fp_inf.o)
                                 0x84 (size before relaxing)
 .stab          0x00001200       0x54 /usr/local/bin/../lib/gcc/avr/4.7.2/../../../../avr/lib/avr5/libm.a(fp_nan.o)
                                 0x60 (size before relaxing)
 .stab          0x00001254       0x84 /usr/local/bin/../lib/gcc/avr/4.7.2/../../../../avr/lib/avr5/libm.a(fp_pscA.o)
                                 0x90 (size before relaxing)
 .stab          0x000012d8       0x84 /usr/local/bin/../lib/gcc/avr/4.7.2/../../../../avr/lib/avr5/libm.a(fp_pscB.o)
                                 0x90 (size before relaxing)
 .stab          0x0000135c       0xfc /usr/local/bin/../lib/gcc/avr/4.7.2/../../../../avr/lib/avr5/libm.a(fp_round.o)
                                0x108 (size before relaxing)
 .stab          0x00001458      0x1d4 /usr/local/bin/../lib/gcc/avr/4.7.2/../../../../avr/lib/avr5/libm.a(fp_split3.o)
                                0x1e0 (size before relaxing)
 .stab          0x0000162c       0x90 /usr/local/bin/../lib/gcc/avr/4.7.2/../../../../avr/lib/avr5/libm.a(fp_zero.o)
                                 0x9c (size before relaxing)
 .stab          0x000016bc       0x6c /usr/local/bin/../lib/gcc/avr/4.7.2/../../../../avr/lib/avr5/libm.a(gesf2.o)
                                 0x78 (size before relaxing)
 .stab          0x00001728       0x48 /usr/local/bin/../lib/gcc/avr/4.7.2/../../../../avr/lib/avr5/libm.a(divsf3.o)
                                 0x54 (size before relaxing)
 .stab          0x00001770      0x510 /usr/local/bin/../lib/gcc/avr/4.7.2/../../../../avr/lib/avr5/libm.a(divsf3x.o)
                                0x51c (size before relaxing)
 .stab          0x00001c80      0x240 /usr/local/bin/../lib/gcc/avr/4.7.2/../../../../avr/lib/avr5/libm.a(fixunssfsi.o)
                                0x24c (size before relaxing)
 .stab          0x00001ec0       0x48 /usr/local/bin/../lib/gcc/avr/4.7.2/../../../../avr/lib/avr5/libm.a(mulsf3.o)
                                 0x54 (size before relaxing)
 .stab          0x00001f08      0x4d4 /usr/local/bin/../lib/gcc/avr/4.7.2/../../../../avr/lib/avr5/libm.a(mulsf3x.o)
                                0x4e0 (size before relaxing)
 .stab          0x000023dc       0x9c /usr/local/bin/../lib/gcc/avr/4.7.2/../../../../avr/lib/avr5/libc.a(strnlen_P.o)
                                 0xa8 (size before relaxing)
 .stab          0x00002478       0x9c /usr/local/bin/../lib/gcc/avr/4.7.2/../../../../avr/lib/avr5/libc.a(strnlen.o)
                                 0xa8 (size before relaxing)
 .stab          0x00002514      0x480 /usr/local/bin/../lib/gcc/avr/4.7.2/../../../../avr/lib/avr5/libc.a(ultoa_invert.o)
                                0x48c (size before relaxing)

.stabstr        0x00000000      0x802
 *(.stabstr)
 .stabstr       0x00000000      0x802 /usr/local/bin/../lib/gcc/avr/4.7.2/../../../../avr/lib/avr5/crtm32u4.o

.stab.excl
 *(.stab.excl)

.stab.exclstr
 *(.stab.exclstr)

.stab.index
 *(.stab.index)

.stab.indexstr
 *(.stab.indexstr)

.comment        0x00000000       0x11
 *(.comment)
 .comment       0x00000000       0x11 main.o
                                 0x12 (size before relaxing)
 .comment       0x00000000       0x12 start_screen.o
 .comment       0x00000000       0x12 screen.o
 .comment       0x00000000       0x12 lives.o
 .comment       0x00000000       0x12 score.o
 .comment       0x00000000       0x12 hero.o
 .comment       0x00000000       0x12 zombies.o
 .comment       0x00000000       0x12 game_over.o
 .comment       0x00000000       0x12 game_set.o
 .comment       0x00000000       0x12 pit.o
 .comment       0x00000000       0x12 random_seed.o
 .comment       0x00000000       0x12 items.o
 .comment       0x00000000       0x12 ../teensy_graphics/libteensy_graphics.a(graphics.o)
 .comment       0x00000000       0x12 ../teensy_graphics/libteensy_graphics.a(lcd.o)
 .comment       0x00000000       0x12 ../teensy_graphics/libteensy_graphics.a(sprite.o)
 .comment       0x00000000       0x12 /usr/local/bin/../lib/gcc/avr/4.7.2/../../../../avr/lib/avr5/libc.a(rand.o)
 .comment       0x00000000       0x12 /usr/local/bin/../lib/gcc/avr/4.7.2/../../../../avr/lib/avr5/libc.a(sprintf.o)
 .comment       0x00000000       0x12 /usr/local/bin/../lib/gcc/avr/4.7.2/../../../../avr/lib/avr5/libc.a(vfprintf_std.o)
 .comment       0x00000000       0x12 /usr/local/bin/../lib/gcc/avr/4.7.2/../../../../avr/lib/avr5/libc.a(fputc.o)

.debug
 *(.debug)

.line
 *(.line)

.debug_srcinfo
 *(.debug_srcinfo)

.debug_sfnames
 *(.debug_sfnames)

.debug_aranges  0x00000000      0x560
 *(.debug_aranges)
 .debug_aranges
                0x00000000       0x28 main.o
 .debug_aranges
                0x00000028       0x28 start_screen.o
 .debug_aranges
                0x00000050       0x20 screen.o
 .debug_aranges
                0x00000070       0x30 lives.o
 .debug_aranges
                0x000000a0       0x38 score.o
 .debug_aranges
                0x000000d8       0x40 hero.o
 .debug_aranges
                0x00000118       0x80 zombies.o
 .debug_aranges
                0x00000198       0x20 game_over.o
 .debug_aranges
                0x000001b8       0x20 game_set.o
 .debug_aranges
                0x000001d8       0x30 pit.o
 .debug_aranges
                0x00000208       0x20 random_seed.o
 .debug_aranges
                0x00000228       0x68 items.o
 .debug_aranges
                0x00000290       0x48 ../teensy_graphics/libteensy_graphics.a(graphics.o)
 .debug_aranges
                0x000002d8       0x48 ../teensy_graphics/libteensy_graphics.a(lcd.o)
 .debug_aranges
                0x00000320       0x28 ../teensy_graphics/libteensy_graphics.a(sprite.o)
 .debug_aranges
                0x00000348       0x20 /usr/local/bin/../lib/gcc/avr/4.7.2/avr5/libgcc.a(_divmodhi4.o)
 .debug_aranges
                0x00000368       0x20 /usr/local/bin/../lib/gcc/avr/4.7.2/avr5/libgcc.a(_exit.o)
 .debug_aranges
                0x00000388       0x20 /usr/local/bin/../lib/gcc/avr/4.7.2/avr5/libgcc.a(_copy_data.o)
 .debug_aranges
                0x000003a8       0x20 /usr/local/bin/../lib/gcc/avr/4.7.2/avr5/libgcc.a(_clear_bss.o)
 .debug_aranges
                0x000003c8       0x20 /usr/local/bin/../lib/gcc/avr/4.7.2/avr5/libgcc.a(_udivmodhi4.o)
 .debug_aranges
                0x000003e8       0x38 /usr/local/bin/../lib/gcc/avr/4.7.2/../../../../avr/lib/avr5/libc.a(rand.o)
 .debug_aranges
                0x00000420       0x20 /usr/local/bin/../lib/gcc/avr/4.7.2/../../../../avr/lib/avr5/libc.a(sprintf.o)
 .debug_aranges
                0x00000440       0x20 /usr/local/bin/../lib/gcc/avr/4.7.2/../../../../avr/lib/avr5/libc.a(vfprintf_std.o)
 .debug_aranges
                0x00000460       0x20 /usr/local/bin/../lib/gcc/avr/4.7.2/../../../../avr/lib/avr5/libc.a(fputc.o)
 .debug_aranges
                0x00000480       0x20 /usr/local/bin/../lib/gcc/avr/4.7.2/avr5/libgcc.a(_divmodsi4.o)
 .debug_aranges
                0x000004a0       0x20 /usr/local/bin/../lib/gcc/avr/4.7.2/avr5/libgcc.a(_muluhisi3.o)
 .debug_aranges
                0x000004c0       0x20 /usr/local/bin/../lib/gcc/avr/4.7.2/avr5/libgcc.a(_mulshisi3.o)
 .debug_aranges
                0x000004e0       0x20 /usr/local/bin/../lib/gcc/avr/4.7.2/avr5/libgcc.a(_prologue.o)
 .debug_aranges
                0x00000500       0x20 /usr/local/bin/../lib/gcc/avr/4.7.2/avr5/libgcc.a(_epilogue.o)
 .debug_aranges
                0x00000520       0x20 /usr/local/bin/../lib/gcc/avr/4.7.2/avr5/libgcc.a(_udivmodsi4.o)
 .debug_aranges
                0x00000540       0x20 /usr/local/bin/../lib/gcc/avr/4.7.2/avr5/libgcc.a(_umulhisi3.o)

.debug_pubnames
 *(.debug_pubnames)

.debug_info     0x00000000     0x4988
 *(.debug_info)
 .debug_info    0x00000000      0x5f2 main.o
 .debug_info    0x000005f2      0x480 start_screen.o
 .debug_info    0x00000a72      0x182 screen.o
 .debug_info    0x00000bf4      0x18c lives.o
 .debug_info    0x00000d80      0x23e score.o
 .debug_info    0x00000fbe      0x5f0 hero.o
 .debug_info    0x000015ae      0x805 zombies.o
 .debug_info    0x00001db3       0xb4 game_over.o
 .debug_info    0x00001e67      0x1da game_set.o
 .debug_info    0x00002041      0x2f9 pit.o
 .debug_info    0x0000233a       0xc3 random_seed.o
 .debug_info    0x000023fd      0x7b0 items.o
 .debug_info    0x00002bad      0x4de ../teensy_graphics/libteensy_graphics.a(graphics.o)
 .debug_info    0x0000308b      0x377 ../teensy_graphics/libteensy_graphics.a(lcd.o)
 .debug_info    0x00003402      0x276 ../teensy_graphics/libteensy_graphics.a(sprite.o)
 .debug_info    0x00003678       0xbe /usr/local/bin/../lib/gcc/avr/4.7.2/avr5/libgcc.a(_divmodhi4.o)
 .debug_info    0x00003736       0xbe /usr/local/bin/../lib/gcc/avr/4.7.2/avr5/libgcc.a(_exit.o)
 .debug_info    0x000037f4       0xbe /usr/local/bin/../lib/gcc/avr/4.7.2/avr5/libgcc.a(_copy_data.o)
 .debug_info    0x000038b2       0xbe /usr/local/bin/../lib/gcc/avr/4.7.2/avr5/libgcc.a(_clear_bss.o)
 .debug_info    0x00003970       0xbe /usr/local/bin/../lib/gcc/avr/4.7.2/avr5/libgcc.a(_udivmodhi4.o)
 .debug_info    0x00003a2e      0x15b /usr/local/bin/../lib/gcc/avr/4.7.2/../../../../avr/lib/avr5/libc.a(rand.o)
 .debug_info    0x00003b89      0x208 /usr/local/bin/../lib/gcc/avr/4.7.2/../../../../avr/lib/avr5/libc.a(sprintf.o)
 .debug_info    0x00003d91      0x54d /usr/local/bin/../lib/gcc/avr/4.7.2/../../../../avr/lib/avr5/libc.a(vfprintf_std.o)
 .debug_info    0x000042de      0x178 /usr/local/bin/../lib/gcc/avr/4.7.2/../../../../avr/lib/avr5/libc.a(fputc.o)
 .debug_info    0x00004456       0xbe /usr/local/bin/../lib/gcc/avr/4.7.2/avr5/libgcc.a(_divmodsi4.o)
 .debug_info    0x00004514       0xbe /usr/local/bin/../lib/gcc/avr/4.7.2/avr5/libgcc.a(_muluhisi3.o)
 .debug_info    0x000045d2       0xbe /usr/local/bin/../lib/gcc/avr/4.7.2/avr5/libgcc.a(_mulshisi3.o)
 .debug_info    0x00004690       0xbe /usr/local/bin/../lib/gcc/avr/4.7.2/avr5/libgcc.a(_prologue.o)
 .debug_info    0x0000474e       0xbe /usr/local/bin/../lib/gcc/avr/4.7.2/avr5/libgcc.a(_epilogue.o)
 .debug_info    0x0000480c       0xbe /usr/local/bin/../lib/gcc/avr/4.7.2/avr5/libgcc.a(_udivmodsi4.o)
 .debug_info    0x000048ca       0xbe /usr/local/bin/../lib/gcc/avr/4.7.2/avr5/libgcc.a(_umulhisi3.o)
 *(.gnu.linkonce.wi.*)

.debug_abbrev   0x00000000     0x1a75
 *(.debug_abbrev)
 .debug_abbrev  0x00000000      0x1ed main.o
 .debug_abbrev  0x000001ed      0x154 start_screen.o
 .debug_abbrev  0x00000341       0x8b screen.o
 .debug_abbrev  0x000003cc      0x131 lives.o
 .debug_abbrev  0x000004fd      0x131 score.o
 .debug_abbrev  0x0000062e      0x23a hero.o
 .debug_abbrev  0x00000868      0x1f5 zombies.o
 .debug_abbrev  0x00000a5d       0x8b game_over.o
 .debug_abbrev  0x00000ae8       0xf9 game_set.o
 .debug_abbrev  0x00000be1      0x1a1 pit.o
 .debug_abbrev  0x00000d82       0x99 random_seed.o
 .debug_abbrev  0x00000e1b      0x215 items.o
 .debug_abbrev  0x00001030      0x21e ../teensy_graphics/libteensy_graphics.a(graphics.o)
 .debug_abbrev  0x0000124e      0x13e ../teensy_graphics/libteensy_graphics.a(lcd.o)
 .debug_abbrev  0x0000138c      0x12a ../teensy_graphics/libteensy_graphics.a(sprite.o)
 .debug_abbrev  0x000014b6       0x14 /usr/local/bin/../lib/gcc/avr/4.7.2/avr5/libgcc.a(_divmodhi4.o)
 .debug_abbrev  0x000014ca       0x14 /usr/local/bin/../lib/gcc/avr/4.7.2/avr5/libgcc.a(_exit.o)
 .debug_abbrev  0x000014de       0x14 /usr/local/bin/../lib/gcc/avr/4.7.2/avr5/libgcc.a(_copy_data.o)
 .debug_abbrev  0x000014f2       0x14 /usr/local/bin/../lib/gcc/avr/4.7.2/avr5/libgcc.a(_clear_bss.o)
 .debug_abbrev  0x00001506       0x14 /usr/local/bin/../lib/gcc/avr/4.7.2/avr5/libgcc.a(_udivmodhi4.o)
 .debug_abbrev  0x0000151a       0xd8 /usr/local/bin/../lib/gcc/avr/4.7.2/../../../../avr/lib/avr5/libc.a(rand.o)
 .debug_abbrev  0x000015f2      0x12c /usr/local/bin/../lib/gcc/avr/4.7.2/../../../../avr/lib/avr5/libc.a(sprintf.o)
 .debug_abbrev  0x0000171e      0x1d8 /usr/local/bin/../lib/gcc/avr/4.7.2/../../../../avr/lib/avr5/libc.a(vfprintf_std.o)
 .debug_abbrev  0x000018f6       0xf3 /usr/local/bin/../lib/gcc/avr/4.7.2/../../../../avr/lib/avr5/libc.a(fputc.o)
 .debug_abbrev  0x000019e9       0x14 /usr/local/bin/../lib/gcc/avr/4.7.2/avr5/libgcc.a(_divmodsi4.o)
 .debug_abbrev  0x000019fd       0x14 /usr/local/bin/../lib/gcc/avr/4.7.2/avr5/libgcc.a(_muluhisi3.o)
 .debug_abbrev  0x00001a11       0x14 /usr/local/bin/../lib/gcc/avr/4.7.2/avr5/libgcc.a(_mulshisi3.o)
 .debug_abbrev  0x00001a25       0x14 /usr/local/bin/../lib/gcc/avr/4.7.2/avr5/libgcc.a(_prologue.o)
 .debug_abbrev  0x00001a39       0x14 /usr/local/bin/../lib/gcc/avr/4.7.2/avr5/libgcc.a(_epilogue.o)
 .debug_abbrev  0x00001a4d       0x14 /usr/local/bin/../lib/gcc/avr/4.7.2/avr5/libgcc.a(_udivmodsi4.o)
 .debug_abbrev  0x00001a61       0x14 /usr/local/bin/../lib/gcc/avr/4.7.2/avr5/libgcc.a(_umulhisi3.o)

.debug_line     0x00000000     0x19da
 *(.debug_line)
 .debug_line    0x00000000      0x1da main.o
 .debug_line    0x000001da      0x126 start_screen.o
 .debug_line    0x00000300       0x3a screen.o
 .debug_line    0x0000033a       0x65 lives.o
 .debug_line    0x0000039f       0x77 score.o
 .debug_line    0x00000416      0x234 hero.o
 .debug_line    0x0000064a      0x29d zombies.o
 .debug_line    0x000008e7       0x45 game_over.o
 .debug_line    0x0000092c       0xa5 game_set.o
 .debug_line    0x000009d1       0xb6 pit.o
 .debug_line    0x00000a87       0x8b random_seed.o
 .debug_line    0x00000b12      0x21d items.o
 .debug_line    0x00000d2f      0x1f6 ../teensy_graphics/libteensy_graphics.a(graphics.o)
 .debug_line    0x00000f25      0x124 ../teensy_graphics/libteensy_graphics.a(lcd.o)
 .debug_line    0x00001049       0xb9 ../teensy_graphics/libteensy_graphics.a(sprite.o)
 .debug_line    0x00001102       0x69 /usr/local/bin/../lib/gcc/avr/4.7.2/avr5/libgcc.a(_divmodhi4.o)
 .debug_line    0x0000116b       0x58 /usr/local/bin/../lib/gcc/avr/4.7.2/avr5/libgcc.a(_exit.o)
 .debug_line    0x000011c3       0x61 /usr/local/bin/../lib/gcc/avr/4.7.2/avr5/libgcc.a(_copy_data.o)
 .debug_line    0x00001224       0x5e /usr/local/bin/../lib/gcc/avr/4.7.2/avr5/libgcc.a(_clear_bss.o)
 .debug_line    0x00001282       0x6a /usr/local/bin/../lib/gcc/avr/4.7.2/avr5/libgcc.a(_udivmodhi4.o)
 .debug_line    0x000012ec       0x5b /usr/local/bin/../lib/gcc/avr/4.7.2/../../../../avr/lib/avr5/libc.a(rand.o)
 .debug_line    0x00001347       0xd7 /usr/local/bin/../lib/gcc/avr/4.7.2/../../../../avr/lib/avr5/libc.a(sprintf.o)
 .debug_line    0x0000141e      0x256 /usr/local/bin/../lib/gcc/avr/4.7.2/../../../../avr/lib/avr5/libc.a(vfprintf_std.o)
 .debug_line    0x00001674       0x78 /usr/local/bin/../lib/gcc/avr/4.7.2/../../../../avr/lib/avr5/libc.a(fputc.o)
 .debug_line    0x000016ec       0x71 /usr/local/bin/../lib/gcc/avr/4.7.2/avr5/libgcc.a(_divmodsi4.o)
 .debug_line    0x0000175d       0x60 /usr/local/bin/../lib/gcc/avr/4.7.2/avr5/libgcc.a(_muluhisi3.o)
 .debug_line    0x000017bd       0x5c /usr/local/bin/../lib/gcc/avr/4.7.2/avr5/libgcc.a(_mulshisi3.o)
 .debug_line    0x00001819       0x74 /usr/local/bin/../lib/gcc/avr/4.7.2/avr5/libgcc.a(_prologue.o)
 .debug_line    0x0000188d       0x73 /usr/local/bin/../lib/gcc/avr/4.7.2/avr5/libgcc.a(_epilogue.o)
 .debug_line    0x00001900       0x78 /usr/local/bin/../lib/gcc/avr/4.7.2/avr5/libgcc.a(_udivmodsi4.o)
 .debug_line    0x00001978       0x62 /usr/local/bin/../lib/gcc/avr/4.7.2/avr5/libgcc.a(_umulhisi3.o)

.debug_frame    0x00000000      0xd50
 *(.debug_frame)
 .debug_frame   0x00000000       0x34 main.o
 .debug_frame   0x00000034       0x34 start_screen.o
 .debug_frame   0x00000068       0x24 screen.o
 .debug_frame   0x0000008c       0x5c lives.o
 .debug_frame   0x000000e8       0x84 score.o
 .debug_frame   0x0000016c      0x114 hero.o
 .debug_frame   0x00000280      0x324 zombies.o
 .debug_frame   0x000005a4       0x24 game_over.o
 .debug_frame   0x000005c8       0x24 game_set.o
 .debug_frame   0x000005ec       0xcc pit.o
 .debug_frame   0x000006b8       0x24 random_seed.o
 .debug_frame   0x000006dc      0x250 items.o
 .debug_frame   0x0000092c      0x15c ../teensy_graphics/libteensy_graphics.a(graphics.o)
 .debug_frame   0x00000a88       0xb4 ../teensy_graphics/libteensy_graphics.a(lcd.o)
 .debug_frame   0x00000b3c       0xd8 ../teensy_graphics/libteensy_graphics.a(sprite.o)
 .debug_frame   0x00000c14       0x88 /usr/local/bin/../lib/gcc/avr/4.7.2/../../../../avr/lib/avr5/libc.a(rand.o)
 .debug_frame   0x00000c9c       0x30 /usr/local/bin/../lib/gcc/avr/4.7.2/../../../../avr/lib/avr5/libc.a(sprintf.o)
 .debug_frame   0x00000ccc       0x4c /usr/local/bin/../lib/gcc/avr/4.7.2/../../../../avr/lib/avr5/libc.a(vfprintf_std.o)
 .debug_frame   0x00000d18       0x38 /usr/local/bin/../lib/gcc/avr/4.7.2/../../../../avr/lib/avr5/libc.a(fputc.o)

.debug_str      0x00000000      0x990
 *(.debug_str)
 .debug_str     0x00000000      0x2cb main.o
                                0x33a (size before relaxing)
 .debug_str     0x000002cb       0x30 start_screen.o
                                0x181 (size before relaxing)
 .debug_str     0x000002fb        0xa screen.o
                                 0x79 (size before relaxing)
 .debug_str     0x00000305       0x1d lives.o
                                 0xae (size before relaxing)
 .debug_str     0x00000322       0x18 score.o
                                 0xc3 (size before relaxing)
 .debug_str     0x0000033a       0x7b hero.o
                                0x20a (size before relaxing)
 .debug_str     0x000003b5       0xe6 zombies.o
                                0x289 (size before relaxing)
 .debug_str     0x0000049b       0x16 game_over.o
                                 0x8b (size before relaxing)
 .debug_str     0x000004b1        0xb game_set.o
                                0x154 (size before relaxing)
 .debug_str     0x000004bc       0x34 pit.o
                                0x18d (size before relaxing)
 .debug_str     0x000004f0       0x14 random_seed.o
                                 0xed (size before relaxing)
 .debug_str     0x00000504      0x191 items.o
                                0x3ab (size before relaxing)
 .debug_str     0x00000695      0x10d ../teensy_graphics/libteensy_graphics.a(graphics.o)
                                0x1d9 (size before relaxing)
 .debug_str     0x000007a2       0x35 ../teensy_graphics/libteensy_graphics.a(lcd.o)
                                0x17c (size before relaxing)
 .debug_str     0x000007d7       0x23 ../teensy_graphics/libteensy_graphics.a(sprite.o)
                                0x16a (size before relaxing)
 .debug_str     0x000007fa       0x8c /usr/local/bin/../lib/gcc/avr/4.7.2/../../../../avr/lib/avr5/libc.a(rand.o)
                                 0xd0 (size before relaxing)
 .debug_str     0x00000886       0x66 /usr/local/bin/../lib/gcc/avr/4.7.2/../../../../avr/lib/avr5/libc.a(sprintf.o)
                                0x152 (size before relaxing)
 .debug_str     0x000008ec       0x88 /usr/local/bin/../lib/gcc/avr/4.7.2/../../../../avr/lib/avr5/libc.a(vfprintf_std.o)
                                0x1c3 (size before relaxing)
 .debug_str     0x00000974       0x1c /usr/local/bin/../lib/gcc/avr/4.7.2/../../../../avr/lib/avr5/libc.a(fputc.o)
                                0x123 (size before relaxing)

.debug_loc      0x00000000     0x2d3d
 *(.debug_loc)
 .debug_loc     0x00000000       0xc8 main.o
 .debug_loc     0x000000c8       0x70 lives.o
 .debug_loc     0x00000138       0xe0 score.o
 .debug_loc     0x00000218      0x464 hero.o
 .debug_loc     0x0000067c      0x906 zombies.o
 .debug_loc     0x00000f82      0x1db pit.o
 .debug_loc     0x0000115d       0x24 random_seed.o
 .debug_loc     0x00001181      0x4d9 items.o
 .debug_loc     0x0000165a      0x872 ../teensy_graphics/libteensy_graphics.a(graphics.o)
 .debug_loc     0x00001ecc      0x238 ../teensy_graphics/libteensy_graphics.a(lcd.o)
 .debug_loc     0x00002104      0x420 ../teensy_graphics/libteensy_graphics.a(sprite.o)
 .debug_loc     0x00002524      0x1e8 /usr/local/bin/../lib/gcc/avr/4.7.2/../../../../avr/lib/avr5/libc.a(rand.o)
 .debug_loc     0x0000270c       0x21 /usr/local/bin/../lib/gcc/avr/4.7.2/../../../../avr/lib/avr5/libc.a(sprintf.o)
 .debug_loc     0x0000272d      0x51d /usr/local/bin/../lib/gcc/avr/4.7.2/../../../../avr/lib/avr5/libc.a(vfprintf_std.o)
 .debug_loc     0x00002c4a       0xf3 /usr/local/bin/../lib/gcc/avr/4.7.2/../../../../avr/lib/avr5/libc.a(fputc.o)

.debug_macinfo
 *(.debug_macinfo)

.debug_pubtypes
 *(.debug_pubtypes)

.debug_ranges   0x00000000      0x2f8
 *(.debug_ranges)
 .debug_ranges  0x00000000       0x18 main.o
 .debug_ranges  0x00000018       0x18 start_screen.o
 .debug_ranges  0x00000030       0x10 screen.o
 .debug_ranges  0x00000040       0x20 lives.o
 .debug_ranges  0x00000060       0x28 score.o
 .debug_ranges  0x00000088       0x30 hero.o
 .debug_ranges  0x000000b8       0x70 zombies.o
 .debug_ranges  0x00000128       0x10 game_over.o
 .debug_ranges  0x00000138       0x10 game_set.o
 .debug_ranges  0x00000148       0x20 pit.o
 .debug_ranges  0x00000168       0x10 random_seed.o
 .debug_ranges  0x00000178       0x70 items.o
 .debug_ranges  0x000001e8       0x50 ../teensy_graphics/libteensy_graphics.a(graphics.o)
 .debug_ranges  0x00000238       0x38 ../teensy_graphics/libteensy_graphics.a(lcd.o)
 .debug_ranges  0x00000270       0x30 ../teensy_graphics/libteensy_graphics.a(sprite.o)
 .debug_ranges  0x000002a0       0x28 /usr/local/bin/../lib/gcc/avr/4.7.2/../../../../avr/lib/avr5/libc.a(rand.o)
 .debug_ranges  0x000002c8       0x10 /usr/local/bin/../lib/gcc/avr/4.7.2/../../../../avr/lib/avr5/libc.a(sprintf.o)
 .debug_ranges  0x000002d8       0x10 /usr/local/bin/../lib/gcc/avr/4.7.2/../../../../avr/lib/avr5/libc.a(vfprintf_std.o)
 .debug_ranges  0x000002e8       0x10 /usr/local/bin/../lib/gcc/avr/4.7.2/../../../../avr/lib/avr5/libc.a(fputc.o)

.debug_macro
 *(.debug_macro)
OUTPUT(main.elf elf32-avr)
LOAD linker stubs

Cross Reference Table

Symbol                                            File
LCDCharacter                                      ../teensy_graphics/libteensy_graphics.a(lcd.o)
LCDClear                                          ../teensy_graphics/libteensy_graphics.a(lcd.o)
LCDInitialise                                     ../teensy_graphics/libteensy_graphics.a(lcd.o)
                                                  main.o
LCDPosition                                       ../teensy_graphics/libteensy_graphics.a(lcd.o)
                                                  ../teensy_graphics/libteensy_graphics.a(graphics.o)
LCDString                                         ../teensy_graphics/libteensy_graphics.a(lcd.o)
LCDWrite                                          ../teensy_graphics/libteensy_graphics.a(lcd.o)
                                                  ../teensy_graphics/libteensy_graphics.a(graphics.o)
__addsf3                                          /usr/local/bin/../lib/gcc/avr/4.7.2/../../../../avr/lib/avr5/libm.a(addsf3.o)
                                                  ../teensy_graphics/libteensy_graphics.a(sprite.o)
                                                  ../teensy_graphics/libteensy_graphics.a(graphics.o)
                                                  items.o
                                                  pit.o
                                                  zombies.o
                                                  hero.o
__addsf3x                                         /usr/local/bin/../lib/gcc/avr/4.7.2/../../../../avr/lib/avr5/libm.a(addsf3x.o)
                                                  /usr/local/bin/../lib/gcc/avr/4.7.2/../../../../avr/lib/avr5/libm.a(addsf3.o)
__bad_interrupt                                   /usr/local/bin/../lib/gcc/avr/4.7.2/../../../../avr/lib/avr5/crtm32u4.o
__bss_end                                         /usr/local/bin/../lib/gcc/avr/4.7.2/avr5/libgcc.a(_clear_bss.o)
__bss_start                                       /usr/local/bin/../lib/gcc/avr/4.7.2/avr5/libgcc.a(_clear_bss.o)
__cmpsf2                                          /usr/local/bin/../lib/gcc/avr/4.7.2/../../../../avr/lib/avr5/libm.a(cmpsf2.o)
__data_end                                        /usr/local/bin/../lib/gcc/avr/4.7.2/avr5/libgcc.a(_copy_data.o)
__data_load_start                                 /usr/local/bin/../lib/gcc/avr/4.7.2/avr5/libgcc.a(_copy_data.o)
__data_start                                      /usr/local/bin/../lib/gcc/avr/4.7.2/avr5/libgcc.a(_copy_data.o)
__divmodhi4                                       /usr/local/bin/../lib/gcc/avr/4.7.2/avr5/libgcc.a(_divmodhi4.o)
                                                  items.o
                                                  pit.o
                                                  zombies.o
__divmodsi4                                       /usr/local/bin/../lib/gcc/avr/4.7.2/avr5/libgcc.a(_divmodsi4.o)
                                                  /usr/local/bin/../lib/gcc/avr/4.7.2/../../../../avr/lib/avr5/libc.a(rand.o)
__divsf3                                          /usr/local/bin/../lib/gcc/avr/4.7.2/../../../../avr/lib/avr5/libm.a(divsf3.o)
                                                  ../teensy_graphics/libteensy_graphics.a(graphics.o)
__divsf3_pse                                      /usr/local/bin/../lib/gcc/avr/4.7.2/../../../../avr/lib/avr5/libm.a(divsf3x.o)
__divsf3x                                         /usr/local/bin/../lib/gcc/avr/4.7.2/../../../../avr/lib/avr5/libm.a(divsf3x.o)
                                                  /usr/local/bin/../lib/gcc/avr/4.7.2/../../../../avr/lib/avr5/libm.a(divsf3.o)
__do_clear_bss                                    /usr/local/bin/../lib/gcc/avr/4.7.2/avr5/libgcc.a(_clear_bss.o)
                                                  ../teensy_graphics/libteensy_graphics.a(graphics.o)
                                                  items.o
                                                  pit.o
                                                  game_set.o
                                                  zombies.o
                                                  hero.o
                                                  score.o
                                                  lives.o
                                                  main.o
__do_copy_data                                    /usr/local/bin/../lib/gcc/avr/4.7.2/avr5/libgcc.a(_copy_data.o)
                                                  /usr/local/bin/../lib/gcc/avr/4.7.2/../../../../avr/lib/avr5/libc.a(rand.o)
                                                  items.o
                                                  pit.o
                                                  zombies.o
                                                  hero.o
                                                  score.o
                                                  lives.o
                                                  start_screen.o
                                                  main.o
__epilogue_restores__                             /usr/local/bin/../lib/gcc/avr/4.7.2/avr5/libgcc.a(_epilogue.o)
                                                  /usr/local/bin/../lib/gcc/avr/4.7.2/../../../../avr/lib/avr5/libc.a(vfprintf_std.o)
                                                  /usr/local/bin/../lib/gcc/avr/4.7.2/../../../../avr/lib/avr5/libc.a(sprintf.o)
__eqsf2                                           /usr/local/bin/../lib/gcc/avr/4.7.2/../../../../avr/lib/avr5/libm.a(cmpsf2.o)
                                                  hero.o
__fixunssfsi                                      /usr/local/bin/../lib/gcc/avr/4.7.2/../../../../avr/lib/avr5/libm.a(fixunssfsi.o)
                                                  ../teensy_graphics/libteensy_graphics.a(sprite.o)
__floatsisf                                       /usr/local/bin/../lib/gcc/avr/4.7.2/../../../../avr/lib/avr5/libm.a(floatsisf.o)
                                                  ../teensy_graphics/libteensy_graphics.a(sprite.o)
                                                  ../teensy_graphics/libteensy_graphics.a(graphics.o)
                                                  zombies.o
                                                  hero.o
__floatunsisf                                     /usr/local/bin/../lib/gcc/avr/4.7.2/../../../../avr/lib/avr5/libm.a(floatsisf.o)
                                                  ../teensy_graphics/libteensy_graphics.a(sprite.o)
                                                  ../teensy_graphics/libteensy_graphics.a(graphics.o)
__fp_cmp                                          /usr/local/bin/../lib/gcc/avr/4.7.2/../../../../avr/lib/avr5/libm.a(fp_cmp.o)
                                                  /usr/local/bin/../lib/gcc/avr/4.7.2/../../../../avr/lib/avr5/libm.a(gesf2.o)
                                                  /usr/local/bin/../lib/gcc/avr/4.7.2/../../../../avr/lib/avr5/libm.a(cmpsf2.o)
__fp_inf                                          /usr/local/bin/../lib/gcc/avr/4.7.2/../../../../avr/lib/avr5/libm.a(fp_inf.o)
                                                  /usr/local/bin/../lib/gcc/avr/4.7.2/../../../../avr/lib/avr5/libm.a(mulsf3x.o)
                                                  /usr/local/bin/../lib/gcc/avr/4.7.2/../../../../avr/lib/avr5/libm.a(divsf3x.o)
                                                  /usr/local/bin/../lib/gcc/avr/4.7.2/../../../../avr/lib/avr5/libm.a(addsf3x.o)
__fp_nan                                          /usr/local/bin/../lib/gcc/avr/4.7.2/../../../../avr/lib/avr5/libm.a(fp_nan.o)
                                                  /usr/local/bin/../lib/gcc/avr/4.7.2/../../../../avr/lib/avr5/libm.a(mulsf3x.o)
                                                  /usr/local/bin/../lib/gcc/avr/4.7.2/../../../../avr/lib/avr5/libm.a(divsf3x.o)
                                                  /usr/local/bin/../lib/gcc/avr/4.7.2/../../../../avr/lib/avr5/libm.a(addsf3x.o)
__fp_pscA                                         /usr/local/bin/../lib/gcc/avr/4.7.2/../../../../avr/lib/avr5/libm.a(fp_pscA.o)
                                                  /usr/local/bin/../lib/gcc/avr/4.7.2/../../../../avr/lib/avr5/libm.a(mulsf3x.o)
                                                  /usr/local/bin/../lib/gcc/avr/4.7.2/../../../../avr/lib/avr5/libm.a(divsf3x.o)
                                                  /usr/local/bin/../lib/gcc/avr/4.7.2/../../../../avr/lib/avr5/libm.a(addsf3x.o)
__fp_pscB                                         /usr/local/bin/../lib/gcc/avr/4.7.2/../../../../avr/lib/avr5/libm.a(fp_pscB.o)
                                                  /usr/local/bin/../lib/gcc/avr/4.7.2/../../../../avr/lib/avr5/libm.a(mulsf3x.o)
                                                  /usr/local/bin/../lib/gcc/avr/4.7.2/../../../../avr/lib/avr5/libm.a(divsf3x.o)
                                                  /usr/local/bin/../lib/gcc/avr/4.7.2/../../../../avr/lib/avr5/libm.a(addsf3x.o)
__fp_round                                        /usr/local/bin/../lib/gcc/avr/4.7.2/../../../../avr/lib/avr5/libm.a(fp_round.o)
                                                  /usr/local/bin/../lib/gcc/avr/4.7.2/../../../../avr/lib/avr5/libm.a(mulsf3.o)
                                                  /usr/local/bin/../lib/gcc/avr/4.7.2/../../../../avr/lib/avr5/libm.a(divsf3.o)
                                                  /usr/local/bin/../lib/gcc/avr/4.7.2/../../../../avr/lib/avr5/libm.a(addsf3.o)
__fp_split3                                       /usr/local/bin/../lib/gcc/avr/4.7.2/../../../../avr/lib/avr5/libm.a(fp_split3.o)
                                                  /usr/local/bin/../lib/gcc/avr/4.7.2/../../../../avr/lib/avr5/libm.a(mulsf3x.o)
                                                  /usr/local/bin/../lib/gcc/avr/4.7.2/../../../../avr/lib/avr5/libm.a(divsf3x.o)
                                                  /usr/local/bin/../lib/gcc/avr/4.7.2/../../../../avr/lib/avr5/libm.a(addsf3x.o)
__fp_splitA                                       /usr/local/bin/../lib/gcc/avr/4.7.2/../../../../avr/lib/avr5/libm.a(fp_split3.o)
                                                  /usr/local/bin/../lib/gcc/avr/4.7.2/../../../../avr/lib/avr5/libm.a(fixunssfsi.o)
__fp_szero                                        /usr/local/bin/../lib/gcc/avr/4.7.2/../../../../avr/lib/avr5/libm.a(fp_zero.o)
                                                  /usr/local/bin/../lib/gcc/avr/4.7.2/../../../../avr/lib/avr5/libm.a(mulsf3x.o)
                                                  /usr/local/bin/../lib/gcc/avr/4.7.2/../../../../avr/lib/avr5/libm.a(divsf3x.o)
__fp_zero                                         /usr/local/bin/../lib/gcc/avr/4.7.2/../../../../avr/lib/avr5/libm.a(fp_zero.o)
                                                  /usr/local/bin/../lib/gcc/avr/4.7.2/../../../../avr/lib/avr5/libm.a(fixunssfsi.o)
                                                  /usr/local/bin/../lib/gcc/avr/4.7.2/../../../../avr/lib/avr5/libm.a(addsf3x.o)
__gesf2                                           /usr/local/bin/../lib/gcc/avr/4.7.2/../../../../avr/lib/avr5/libm.a(gesf2.o)
                                                  ../teensy_graphics/libteensy_graphics.a(sprite.o)
                                                  ../teensy_graphics/libteensy_graphics.a(graphics.o)
                                                  zombies.o
                                                  hero.o
__gtsf2                                           /usr/local/bin/../lib/gcc/avr/4.7.2/../../../../avr/lib/avr5/libm.a(gesf2.o)
                                                  ../teensy_graphics/libteensy_graphics.a(graphics.o)
                                                  items.o
                                                  pit.o
                                                  zombies.o
                                                  hero.o
__heap_end                                        /usr/local/bin/../lib/gcc/avr/4.7.2/../../../../avr/lib/avr5/crtm32u4.o
__init                                            /usr/local/bin/../lib/gcc/avr/4.7.2/../../../../avr/lib/avr5/crtm32u4.o
__lesf2                                           /usr/local/bin/../lib/gcc/avr/4.7.2/../../../../avr/lib/avr5/libm.a(cmpsf2.o)
                                                  ../teensy_graphics/libteensy_graphics.a(graphics.o)
                                                  zombies.o
__ltsf2                                           /usr/local/bin/../lib/gcc/avr/4.7.2/../../../../avr/lib/avr5/libm.a(cmpsf2.o)
                                                  ../teensy_graphics/libteensy_graphics.a(sprite.o)
                                                  ../teensy_graphics/libteensy_graphics.a(graphics.o)
                                                  items.o
                                                  pit.o
                                                  zombies.o
                                                  hero.o
__mulohisi3                                       /usr/local/bin/../lib/gcc/avr/4.7.2/avr5/libgcc.a(_mulshisi3.o)
                                                  /usr/local/bin/../lib/gcc/avr/4.7.2/../../../../avr/lib/avr5/libc.a(rand.o)
__mulsf3                                          /usr/local/bin/../lib/gcc/avr/4.7.2/../../../../avr/lib/avr5/libm.a(mulsf3.o)
                                                  ../teensy_graphics/libteensy_graphics.a(graphics.o)
__mulsf3_pse                                      /usr/local/bin/../lib/gcc/avr/4.7.2/../../../../avr/lib/avr5/libm.a(mulsf3x.o)
__mulsf3x                                         /usr/local/bin/../lib/gcc/avr/4.7.2/../../../../avr/lib/avr5/libm.a(mulsf3x.o)
                                                  /usr/local/bin/../lib/gcc/avr/4.7.2/../../../../avr/lib/avr5/libm.a(mulsf3.o)
__mulshisi3                                       /usr/local/bin/../lib/gcc/avr/4.7.2/avr5/libgcc.a(_mulshisi3.o)
__muluhisi3                                       /usr/local/bin/../lib/gcc/avr/4.7.2/avr5/libgcc.a(_muluhisi3.o)
                                                  /usr/local/bin/../lib/gcc/avr/4.7.2/avr5/libgcc.a(_mulshisi3.o)
                                                  /usr/local/bin/../lib/gcc/avr/4.7.2/../../../../avr/lib/avr5/libc.a(rand.o)
__nesf2                                           /usr/local/bin/../lib/gcc/avr/4.7.2/../../../../avr/lib/avr5/libm.a(cmpsf2.o)
__prologue_saves__                                /usr/local/bin/../lib/gcc/avr/4.7.2/avr5/libgcc.a(_prologue.o)
                                                  /usr/local/bin/../lib/gcc/avr/4.7.2/../../../../avr/lib/avr5/libc.a(vfprintf_std.o)
                                                  /usr/local/bin/../lib/gcc/avr/4.7.2/../../../../avr/lib/avr5/libc.a(sprintf.o)
__stack                                           /usr/local/bin/../lib/gcc/avr/4.7.2/../../../../avr/lib/avr5/crtm32u4.o
__subsf3                                          /usr/local/bin/../lib/gcc/avr/4.7.2/../../../../avr/lib/avr5/libm.a(addsf3.o)
                                                  ../teensy_graphics/libteensy_graphics.a(graphics.o)
                                                  zombies.o
                                                  hero.o
__udivmodhi4                                      /usr/local/bin/../lib/gcc/avr/4.7.2/avr5/libgcc.a(_udivmodhi4.o)
                                                  /usr/local/bin/../lib/gcc/avr/4.7.2/avr5/libgcc.a(_divmodhi4.o)
__udivmodsi4                                      /usr/local/bin/../lib/gcc/avr/4.7.2/avr5/libgcc.a(_udivmodsi4.o)
                                                  /usr/local/bin/../lib/gcc/avr/4.7.2/avr5/libgcc.a(_divmodsi4.o)
__ultoa_invert                                    /usr/local/bin/../lib/gcc/avr/4.7.2/../../../../avr/lib/avr5/libc.a(ultoa_invert.o)
                                                  /usr/local/bin/../lib/gcc/avr/4.7.2/../../../../avr/lib/avr5/libc.a(vfprintf_std.o)
__umulhisi3                                       /usr/local/bin/../lib/gcc/avr/4.7.2/avr5/libgcc.a(_umulhisi3.o)
                                                  /usr/local/bin/../lib/gcc/avr/4.7.2/avr5/libgcc.a(_muluhisi3.o)
__vector_1                                        /usr/local/bin/../lib/gcc/avr/4.7.2/../../../../avr/lib/avr5/crtm32u4.o
__vector_10                                       /usr/local/bin/../lib/gcc/avr/4.7.2/../../../../avr/lib/avr5/crtm32u4.o
__vector_11                                       /usr/local/bin/../lib/gcc/avr/4.7.2/../../../../avr/lib/avr5/crtm32u4.o
__vector_12                                       /usr/local/bin/../lib/gcc/avr/4.7.2/../../../../avr/lib/avr5/crtm32u4.o
__vector_13                                       /usr/local/bin/../lib/gcc/avr/4.7.2/../../../../avr/lib/avr5/crtm32u4.o
__vector_14                                       /usr/local/bin/../lib/gcc/avr/4.7.2/../../../../avr/lib/avr5/crtm32u4.o
__vector_15                                       /usr/local/bin/../lib/gcc/avr/4.7.2/../../../../avr/lib/avr5/crtm32u4.o
__vector_16                                       /usr/local/bin/../lib/gcc/avr/4.7.2/../../../../avr/lib/avr5/crtm32u4.o
__vector_17                                       /usr/local/bin/../lib/gcc/avr/4.7.2/../../../../avr/lib/avr5/crtm32u4.o
__vector_18                                       /usr/local/bin/../lib/gcc/avr/4.7.2/../../../../avr/lib/avr5/crtm32u4.o
__vector_19                                       /usr/local/bin/../lib/gcc/avr/4.7.2/../../../../avr/lib/avr5/crtm32u4.o
__vector_2                                        /usr/local/bin/../lib/gcc/avr/4.7.2/../../../../avr/lib/avr5/crtm32u4.o
__vector_20                                       /usr/local/bin/../lib/gcc/avr/4.7.2/../../../../avr/lib/avr5/crtm32u4.o
__vector_21                                       /usr/local/bin/../lib/gcc/avr/4.7.2/../../../../avr/lib/avr5/crtm32u4.o
__vector_22                                       /usr/local/bin/../lib/gcc/avr/4.7.2/../../../../avr/lib/avr5/crtm32u4.o
__vector_23                                       /usr/local/bin/../lib/gcc/avr/4.7.2/../../../../avr/lib/avr5/crtm32u4.o
__vector_24                                       /usr/local/bin/../lib/gcc/avr/4.7.2/../../../../avr/lib/avr5/crtm32u4.o
__vector_25                                       /usr/local/bin/../lib/gcc/avr/4.7.2/../../../../avr/lib/avr5/crtm32u4.o
__vector_26                                       /usr/local/bin/../lib/gcc/avr/4.7.2/../../../../avr/lib/avr5/crtm32u4.o
__vector_27                                       /usr/local/bin/../lib/gcc/avr/4.7.2/../../../../avr/lib/avr5/crtm32u4.o
__vector_28                                       /usr/local/bin/../lib/gcc/avr/4.7.2/../../../../avr/lib/avr5/crtm32u4.o
__vector_29                                       /usr/local/bin/../lib/gcc/avr/4.7.2/../../../../avr/lib/avr5/crtm32u4.o
__vector_3                                        /usr/local/bin/../lib/gcc/avr/4.7.2/../../../../avr/lib/avr5/crtm32u4.o
__vector_30                                       /usr/local/bin/../lib/gcc/avr/4.7.2/../../../../avr/lib/avr5/crtm32u4.o
__vector_31                                       /usr/local/bin/../lib/gcc/avr/4.7.2/../../../../avr/lib/avr5/crtm32u4.o
__vector_32                                       /usr/local/bin/../lib/gcc/avr/4.7.2/../../../../avr/lib/avr5/crtm32u4.o
__vector_33                                       /usr/local/bin/../lib/gcc/avr/4.7.2/../../../../avr/lib/avr5/crtm32u4.o
__vector_34                                       /usr/local/bin/../lib/gcc/avr/4.7.2/../../../../avr/lib/avr5/crtm32u4.o
__vector_35                                       /usr/local/bin/../lib/gcc/avr/4.7.2/../../../../avr/lib/avr5/crtm32u4.o
__vector_36                                       /usr/local/bin/../lib/gcc/avr/4.7.2/../../../../avr/lib/avr5/crtm32u4.o
__vector_37                                       /usr/local/bin/../lib/gcc/avr/4.7.2/../../../../avr/lib/avr5/crtm32u4.o
__vector_38                                       /usr/local/bin/../lib/gcc/avr/4.7.2/../../../../avr/lib/avr5/crtm32u4.o
__vector_39                                       /usr/local/bin/../lib/gcc/avr/4.7.2/../../../../avr/lib/avr5/crtm32u4.o
__vector_4                                        /usr/local/bin/../lib/gcc/avr/4.7.2/../../../../avr/lib/avr5/crtm32u4.o
__vector_40                                       /usr/local/bin/../lib/gcc/avr/4.7.2/../../../../avr/lib/avr5/crtm32u4.o
__vector_41                                       /usr/local/bin/../lib/gcc/avr/4.7.2/../../../../avr/lib/avr5/crtm32u4.o
__vector_42                                       /usr/local/bin/../lib/gcc/avr/4.7.2/../../../../avr/lib/avr5/crtm32u4.o
__vector_5                                        /usr/local/bin/../lib/gcc/avr/4.7.2/../../../../avr/lib/avr5/crtm32u4.o
__vector_6                                        /usr/local/bin/../lib/gcc/avr/4.7.2/../../../../avr/lib/avr5/crtm32u4.o
__vector_7                                        /usr/local/bin/../lib/gcc/avr/4.7.2/../../../../avr/lib/avr5/crtm32u4.o
__vector_8                                        /usr/local/bin/../lib/gcc/avr/4.7.2/../../../../avr/lib/avr5/crtm32u4.o
__vector_9                                        /usr/local/bin/../lib/gcc/avr/4.7.2/../../../../avr/lib/avr5/crtm32u4.o
__vector_default                                  /usr/local/bin/../lib/gcc/avr/4.7.2/../../../../avr/lib/avr5/crtm32u4.o
__vectors                                         /usr/local/bin/../lib/gcc/avr/4.7.2/../../../../avr/lib/avr5/crtm32u4.o
_div                                              /usr/local/bin/../lib/gcc/avr/4.7.2/avr5/libgcc.a(_divmodhi4.o)
_exit                                             /usr/local/bin/../lib/gcc/avr/4.7.2/avr5/libgcc.a(_exit.o)
bang_setup                                        items.o
                                                  main.o
bitmap1                                           zombies.o
bitmap_grenades                                   items.o
bitmap_hero                                       hero.o
bitmap_pit                                        pit.o
bitmap_sword                                      items.o
bitmap_sword_bottom                               items.o
bitmap_sword_left                                 items.o
bitmap_sword_right                                items.o
bitmap_sword_top                                  items.o
bomb                                              items.o
                                                  zombies.o
                                                  main.o
bomb_prt                                          items.o
check_zombie                                      zombies.o
                                                  main.o
clear                                             ../teensy_graphics/libteensy_graphics.a(graphics.o)
                                                  game_set.o
                                                  zombies.o
                                                  start_screen.o
                                                  main.o
dead_zombies                                      zombies.o
                                                  main.o
draw_character                                    ../teensy_graphics/libteensy_graphics.a(graphics.o)
draw_granades                                     items.o
                                                  main.o
draw_line                                         ../teensy_graphics/libteensy_graphics.a(graphics.o)
                                                  screen.o
draw_pit                                          pit.o
                                                  main.o
draw_sprite                                       ../teensy_graphics/libteensy_graphics.a(sprite.o)
                                                  items.o
                                                  pit.o
                                                  zombies.o
                                                  hero.o
draw_string                                       ../teensy_graphics/libteensy_graphics.a(graphics.o)
                                                  items.o
                                                  game_over.o
                                                  score.o
                                                  lives.o
                                                  start_screen.o
                                                  main.o
draw_sword                                        items.o
                                                  main.o
draw_zombies                                      zombies.o
exit                                              /usr/local/bin/../lib/gcc/avr/4.7.2/avr5/libgcc.a(_exit.o)
                                                  /usr/local/bin/../lib/gcc/avr/4.7.2/../../../../avr/lib/avr5/crtm32u4.o
fputc                                             /usr/local/bin/../lib/gcc/avr/4.7.2/../../../../avr/lib/avr5/libc.a(fputc.o)
                                                  /usr/local/bin/../lib/gcc/avr/4.7.2/../../../../avr/lib/avr5/libc.a(vfprintf_std.o)
g                                                 items.o
game_countdown                                    start_screen.o
game_over                                         game_over.o
game_over_score                                   score.o
                                                  game_over.o
granade_use                                       items.o
                                                  main.o
grenade_count                                     items.o
grenade_drop                                      items.o
grenades                                          items.o
                                                  zombies.o
                                                  main.o
grenades_pickup                                   items.o
grenades_pickup_title                             items.o
grenades_prt                                      items.o
grenades_setup                                    items.o
                                                  main.o
hero                                              items.o
                                                  pit.o
                                                  game_set.o
                                                  zombies.o
                                                  hero.o
                                                  main.o
hero_d                                            hero.o
hero_die                                          game_set.o
                                                  zombies.o
hero_prt                                          hero.o
                                                  items.o
in_pit                                            pit.o
                                                  items.o
                                                  hero.o
init_sprite                                       ../teensy_graphics/libteensy_graphics.a(sprite.o)
                                                  items.o
                                                  pit.o
                                                  zombies.o
                                                  hero.o
kill_zombie                                       zombies.o
kill_zombies                                      zombies.o
                                                  items.o
l                                                 lives.o
lives                                             lives.o
                                                  zombies.o
                                                  main.o
lives_setup                                       lives.o
                                                  main.o
main                                              main.o
                                                  /usr/local/bin/../lib/gcc/avr/4.7.2/../../../../avr/lib/avr5/crtm32u4.o
move_hero                                         hero.o
pickup_granades                                   items.o
                                                  main.o
pickup_sword                                      items.o
                                                  main.o
pit                                               items.o
                                                  pit.o
                                                  zombies.o
                                                  hero.o
                                                  main.o
pit_collision                                     pit.o
                                                  main.o
pit_hero                                          hero.o
pit_prt                                           pit.o
                                                  zombies.o
rand                                              /usr/local/bin/../lib/gcc/avr/4.7.2/../../../../avr/lib/avr5/libc.a(rand.o)
                                                  items.o
                                                  pit.o
                                                  zombies.o
rand_r                                            /usr/local/bin/../lib/gcc/avr/4.7.2/../../../../avr/lib/avr5/libc.a(rand.o)
random_seed                                       random_seed.o
                                                  start_screen.o
randx                                             zombies.o
randy                                             zombies.o
refresh                                           ../teensy_graphics/libteensy_graphics.a(graphics.o)
                                                  start_screen.o
                                                  main.o
reset_lives                                       lives.o
                                                  main.o
reset_score                                       score.o
                                                  main.o
s                                                 score.o
score                                             score.o
                                                  items.o
                                                  zombies.o
score_setup                                       score.o
                                                  main.o
screenBuffer                                      ../teensy_graphics/libteensy_graphics.a(graphics.o)
screen_lines                                      screen.o
                                                  game_set.o
                                                  main.o
section_selector                                  zombies.o
set_pixel                                         ../teensy_graphics/libteensy_graphics.a(graphics.o)
                                                  ../teensy_graphics/libteensy_graphics.a(sprite.o)
setup_device                                      main.o
setup_start_screen                                start_screen.o
                                                  main.o
setup_zombies                                     zombies.o
sprintf                                           /usr/local/bin/../lib/gcc/avr/4.7.2/../../../../avr/lib/avr5/libc.a(sprintf.o)
                                                  items.o
                                                  score.o
                                                  lives.o
srand                                             /usr/local/bin/../lib/gcc/avr/4.7.2/../../../../avr/lib/avr5/libc.a(rand.o)
                                                  random_seed.o
start_hero                                        hero.o
                                                  game_set.o
                                                  main.o
start_pit                                         pit.o
                                                  main.o
start_zombies                                     zombies.o
                                                  game_set.o
                                                  main.o
strnlen                                           /usr/local/bin/../lib/gcc/avr/4.7.2/../../../../avr/lib/avr5/libc.a(strnlen.o)
                                                  /usr/local/bin/../lib/gcc/avr/4.7.2/../../../../avr/lib/avr5/libc.a(vfprintf_std.o)
strnlen_P                                         /usr/local/bin/../lib/gcc/avr/4.7.2/../../../../avr/lib/avr5/libc.a(strnlen_P.o)
                                                  /usr/local/bin/../lib/gcc/avr/4.7.2/../../../../avr/lib/avr5/libc.a(vfprintf_std.o)
sword                                             items.o
                                                  zombies.o
                                                  main.o
sword_pickup                                      items.o
sword_pickup_title                                items.o
sword_prt                                         items.o
                                                  zombies.o
sword_setup                                       items.o
                                                  main.o
update_checker                                    hero.o
update_hero                                       hero.o
                                                  main.o
update_lives                                      lives.o
update_one_zombie_pit                             zombies.o
update_score_time                                 score.o
                                                  main.o
update_zombies                                    zombies.o
vfprintf                                          /usr/local/bin/../lib/gcc/avr/4.7.2/../../../../avr/lib/avr5/libc.a(vfprintf_std.o)
                                                  /usr/local/bin/../lib/gcc/avr/4.7.2/../../../../avr/lib/avr5/libc.a(sprintf.o)
z                                                 zombies.o
                                                  game_set.o
                                                  hero.o
                                                  main.o
zombie_collision                                  zombies.o
zombie_drawer                                     zombies.o
                                                  main.o
zombie_updater                                    zombies.o
                                                  main.o
zombies                                           game_set.o
                                                  zombies.o
                                                  hero.o
                                                  main.o
zombies_collission                                zombies.o
