Archive member included because of file (symbol)

/usr/local/bin/../lib/gcc/avr/4.7.2/../../../../avr/lib/avr5/libm.a(addsf3.o)
                              hero.o (__subsf3)
/usr/local/bin/../lib/gcc/avr/4.7.2/../../../../avr/lib/avr5/libm.a(addsf3x.o)
                              /usr/local/bin/../lib/gcc/avr/4.7.2/../../../../avr/lib/avr5/libm.a(addsf3.o) (__addsf3x)
/usr/local/bin/../lib/gcc/avr/4.7.2/../../../../avr/lib/avr5/libm.a(cmpsf2.o)
                              hero.o (__eqsf2)
/usr/local/bin/../lib/gcc/avr/4.7.2/../../../../avr/lib/avr5/libm.a(floatsisf.o)
                              hero.o (__floatsisf)
/usr/local/bin/../lib/gcc/avr/4.7.2/../../../../avr/lib/avr5/libm.a(fp_cmp.o)
                              /usr/local/bin/../lib/gcc/avr/4.7.2/../../../../avr/lib/avr5/libm.a(cmpsf2.o) (__fp_cmp)
/usr/local/bin/../lib/gcc/avr/4.7.2/../../../../avr/lib/avr5/libm.a(fp_inf.o)
                              /usr/local/bin/../lib/gcc/avr/4.7.2/../../../../avr/lib/avr5/libm.a(addsf3x.o) (__fp_inf)
/usr/local/bin/../lib/gcc/avr/4.7.2/../../../../avr/lib/avr5/libm.a(fp_nan.o)
                              /usr/local/bin/../lib/gcc/avr/4.7.2/../../../../avr/lib/avr5/libm.a(addsf3x.o) (__fp_nan)
/usr/local/bin/../lib/gcc/avr/4.7.2/../../../../avr/lib/avr5/libm.a(fp_pscA.o)
                              /usr/local/bin/../lib/gcc/avr/4.7.2/../../../../avr/lib/avr5/libm.a(addsf3x.o) (__fp_pscA)
/usr/local/bin/../lib/gcc/avr/4.7.2/../../../../avr/lib/avr5/libm.a(fp_pscB.o)
                              /usr/local/bin/../lib/gcc/avr/4.7.2/../../../../avr/lib/avr5/libm.a(addsf3x.o) (__fp_pscB)
/usr/local/bin/../lib/gcc/avr/4.7.2/../../../../avr/lib/avr5/libm.a(fp_round.o)
                              /usr/local/bin/../lib/gcc/avr/4.7.2/../../../../avr/lib/avr5/libm.a(addsf3.o) (__fp_round)
/usr/local/bin/../lib/gcc/avr/4.7.2/../../../../avr/lib/avr5/libm.a(fp_split3.o)
                              /usr/local/bin/../lib/gcc/avr/4.7.2/../../../../avr/lib/avr5/libm.a(addsf3x.o) (__fp_split3)
/usr/local/bin/../lib/gcc/avr/4.7.2/../../../../avr/lib/avr5/libm.a(fp_zero.o)
                              /usr/local/bin/../lib/gcc/avr/4.7.2/../../../../avr/lib/avr5/libm.a(addsf3x.o) (__fp_zero)
/usr/local/bin/../lib/gcc/avr/4.7.2/../../../../avr/lib/avr5/libm.a(gesf2.o)
                              hero.o (__gesf2)
../teensy_graphics/libteensy_graphics.a(graphics.o)
                              main.o (refresh)
../teensy_graphics/libteensy_graphics.a(lcd.o)
                              ../teensy_graphics/libteensy_graphics.a(graphics.o) (LCDWrite)
../teensy_graphics/libteensy_graphics.a(sprite.o)
                              hero.o (init_sprite)
/usr/local/bin/../lib/gcc/avr/4.7.2/avr5/libgcc.a(_divmodhi4.o)
                              zombies.o (__divmodhi4)
/usr/local/bin/../lib/gcc/avr/4.7.2/avr5/libgcc.a(_exit.o)
                              /usr/local/bin/../lib/gcc/avr/4.7.2/../../../../avr/lib/avr5/crtm32u4.o (exit)
/usr/local/bin/../lib/gcc/avr/4.7.2/avr5/libgcc.a(_copy_data.o)
                              main.o (__do_copy_data)
/usr/local/bin/../lib/gcc/avr/4.7.2/avr5/libgcc.a(_clear_bss.o)
                              main.o (__do_clear_bss)
/usr/local/bin/../lib/gcc/avr/4.7.2/avr5/libgcc.a(_udivmodhi4.o)
                              /usr/local/bin/../lib/gcc/avr/4.7.2/avr5/libgcc.a(_divmodhi4.o) (__udivmodhi4)
/usr/local/bin/../lib/gcc/avr/4.7.2/../../../../avr/lib/avr5/libm.a(divsf3.o)
                              ../teensy_graphics/libteensy_graphics.a(graphics.o) (__divsf3)
/usr/local/bin/../lib/gcc/avr/4.7.2/../../../../avr/lib/avr5/libm.a(divsf3x.o)
                              /usr/local/bin/../lib/gcc/avr/4.7.2/../../../../avr/lib/avr5/libm.a(divsf3.o) (__divsf3x)
/usr/local/bin/../lib/gcc/avr/4.7.2/../../../../avr/lib/avr5/libm.a(fixunssfsi.o)
                              ../teensy_graphics/libteensy_graphics.a(sprite.o) (__fixunssfsi)
/usr/local/bin/../lib/gcc/avr/4.7.2/../../../../avr/lib/avr5/libm.a(mulsf3.o)
                              ../teensy_graphics/libteensy_graphics.a(graphics.o) (__mulsf3)
/usr/local/bin/../lib/gcc/avr/4.7.2/../../../../avr/lib/avr5/libm.a(mulsf3x.o)
                              /usr/local/bin/../lib/gcc/avr/4.7.2/../../../../avr/lib/avr5/libm.a(mulsf3.o) (__mulsf3x)
/usr/local/bin/../lib/gcc/avr/4.7.2/../../../../avr/lib/avr5/libc.a(rand.o)
                              zombies.o (rand)
/usr/local/bin/../lib/gcc/avr/4.7.2/../../../../avr/lib/avr5/libc.a(sprintf.o)
                              lives.o (sprintf)
/usr/local/bin/../lib/gcc/avr/4.7.2/../../../../avr/lib/avr5/libc.a(vfprintf_std.o)
                              /usr/local/bin/../lib/gcc/avr/4.7.2/../../../../avr/lib/avr5/libc.a(sprintf.o) (vfprintf)
/usr/local/bin/../lib/gcc/avr/4.7.2/../../../../avr/lib/avr5/libc.a(strnlen_P.o)
                              /usr/local/bin/../lib/gcc/avr/4.7.2/../../../../avr/lib/avr5/libc.a(vfprintf_std.o) (strnlen_P)
/usr/local/bin/../lib/gcc/avr/4.7.2/../../../../avr/lib/avr5/libc.a(strnlen.o)
                              /usr/local/bin/../lib/gcc/avr/4.7.2/../../../../avr/lib/avr5/libc.a(vfprintf_std.o) (strnlen)
/usr/local/bin/../lib/gcc/avr/4.7.2/../../../../avr/lib/avr5/libc.a(fputc.o)
                              /usr/local/bin/../lib/gcc/avr/4.7.2/../../../../avr/lib/avr5/libc.a(vfprintf_std.o) (fputc)
/usr/local/bin/../lib/gcc/avr/4.7.2/../../../../avr/lib/avr5/libc.a(ultoa_invert.o)
                              /usr/local/bin/../lib/gcc/avr/4.7.2/../../../../avr/lib/avr5/libc.a(vfprintf_std.o) (__ultoa_invert)
/usr/local/bin/../lib/gcc/avr/4.7.2/avr5/libgcc.a(_divmodsi4.o)
                              /usr/local/bin/../lib/gcc/avr/4.7.2/../../../../avr/lib/avr5/libc.a(rand.o) (__divmodsi4)
/usr/local/bin/../lib/gcc/avr/4.7.2/avr5/libgcc.a(_muluhisi3.o)
                              /usr/local/bin/../lib/gcc/avr/4.7.2/../../../../avr/lib/avr5/libc.a(rand.o) (__muluhisi3)
/usr/local/bin/../lib/gcc/avr/4.7.2/avr5/libgcc.a(_mulshisi3.o)
                              /usr/local/bin/../lib/gcc/avr/4.7.2/../../../../avr/lib/avr5/libc.a(rand.o) (__mulohisi3)
/usr/local/bin/../lib/gcc/avr/4.7.2/avr5/libgcc.a(_prologue.o)
                              /usr/local/bin/../lib/gcc/avr/4.7.2/../../../../avr/lib/avr5/libc.a(sprintf.o) (__prologue_saves__)
/usr/local/bin/../lib/gcc/avr/4.7.2/avr5/libgcc.a(_epilogue.o)
                              /usr/local/bin/../lib/gcc/avr/4.7.2/../../../../avr/lib/avr5/libc.a(sprintf.o) (__epilogue_restores__)
/usr/local/bin/../lib/gcc/avr/4.7.2/avr5/libgcc.a(_udivmodsi4.o)
                              /usr/local/bin/../lib/gcc/avr/4.7.2/avr5/libgcc.a(_divmodsi4.o) (__udivmodsi4)
/usr/local/bin/../lib/gcc/avr/4.7.2/avr5/libgcc.a(_umulhisi3.o)
                              /usr/local/bin/../lib/gcc/avr/4.7.2/avr5/libgcc.a(_muluhisi3.o) (__umulhisi3)

Allocating common symbols
Common symbol       size              file

screenBuffer        0x1f8             ../teensy_graphics/libteensy_graphics.a(graphics.o)
randy               0x2               zombies.o
l                   0xf               lives.o
hero                0x15              main.o
randx               0x2               zombies.o
s                   0xf               score.o
zombies             0xa8              main.o

Discarded input sections

 .bss           0x00000000        0x0 /usr/local/bin/../lib/gcc/avr/4.7.2/../../../../avr/lib/avr5/crtm32u4.o
 .text          0x00000000        0x0 main.o
 .bss           0x00000000        0x0 main.o
 .text          0x00000000        0x0 start_screen.o
 .bss           0x00000000        0x0 start_screen.o
 .text          0x00000000        0x0 screen.o
 .bss           0x00000000        0x0 screen.o
 .text          0x00000000        0x0 lives.o
 .bss           0x00000000        0x0 lives.o
 .text.update_lives
                0x00000000       0x14 lives.o
 .text          0x00000000        0x0 score.o
 .text          0x00000000        0x0 hero.o
 .text          0x00000000        0x0 zombies.o
 .bss           0x00000000        0x0 zombies.o
 .text.update_one_zombie
                0x00000000       0x24 zombies.o
 .text          0x00000000        0x0 /usr/local/bin/../lib/gcc/avr/4.7.2/../../../../avr/lib/avr5/libm.a(addsf3.o)
 .bss           0x00000000        0x0 /usr/local/bin/../lib/gcc/avr/4.7.2/../../../../avr/lib/avr5/libm.a(addsf3.o)
 .text          0x00000000        0x0 /usr/local/bin/../lib/gcc/avr/4.7.2/../../../../avr/lib/avr5/libm.a(addsf3x.o)
 .bss           0x00000000        0x0 /usr/local/bin/../lib/gcc/avr/4.7.2/../../../../avr/lib/avr5/libm.a(addsf3x.o)
 .text          0x00000000        0x0 /usr/local/bin/../lib/gcc/avr/4.7.2/../../../../avr/lib/avr5/libm.a(cmpsf2.o)
 .bss           0x00000000        0x0 /usr/local/bin/../lib/gcc/avr/4.7.2/../../../../avr/lib/avr5/libm.a(cmpsf2.o)
 .text          0x00000000        0x0 /usr/local/bin/../lib/gcc/avr/4.7.2/../../../../avr/lib/avr5/libm.a(floatsisf.o)
 .bss           0x00000000        0x0 /usr/local/bin/../lib/gcc/avr/4.7.2/../../../../avr/lib/avr5/libm.a(floatsisf.o)
 .text          0x00000000        0x0 /usr/local/bin/../lib/gcc/avr/4.7.2/../../../../avr/lib/avr5/libm.a(fp_cmp.o)
 .bss           0x00000000        0x0 /usr/local/bin/../lib/gcc/avr/4.7.2/../../../../avr/lib/avr5/libm.a(fp_cmp.o)
 .text          0x00000000        0x0 /usr/local/bin/../lib/gcc/avr/4.7.2/../../../../avr/lib/avr5/libm.a(fp_inf.o)
 .bss           0x00000000        0x0 /usr/local/bin/../lib/gcc/avr/4.7.2/../../../../avr/lib/avr5/libm.a(fp_inf.o)
 .text          0x00000000        0x0 /usr/local/bin/../lib/gcc/avr/4.7.2/../../../../avr/lib/avr5/libm.a(fp_nan.o)
 .bss           0x00000000        0x0 /usr/local/bin/../lib/gcc/avr/4.7.2/../../../../avr/lib/avr5/libm.a(fp_nan.o)
 .text          0x00000000        0x0 /usr/local/bin/../lib/gcc/avr/4.7.2/../../../../avr/lib/avr5/libm.a(fp_pscA.o)
 .bss           0x00000000        0x0 /usr/local/bin/../lib/gcc/avr/4.7.2/../../../../avr/lib/avr5/libm.a(fp_pscA.o)
 .text          0x00000000        0x0 /usr/local/bin/../lib/gcc/avr/4.7.2/../../../../avr/lib/avr5/libm.a(fp_pscB.o)
 .bss           0x00000000        0x0 /usr/local/bin/../lib/gcc/avr/4.7.2/../../../../avr/lib/avr5/libm.a(fp_pscB.o)
 .text          0x00000000        0x0 /usr/local/bin/../lib/gcc/avr/4.7.2/../../../../avr/lib/avr5/libm.a(fp_round.o)
 .bss           0x00000000        0x0 /usr/local/bin/../lib/gcc/avr/4.7.2/../../../../avr/lib/avr5/libm.a(fp_round.o)
 .text          0x00000000        0x0 /usr/local/bin/../lib/gcc/avr/4.7.2/../../../../avr/lib/avr5/libm.a(fp_split3.o)
 .bss           0x00000000        0x0 /usr/local/bin/../lib/gcc/avr/4.7.2/../../../../avr/lib/avr5/libm.a(fp_split3.o)
 .text          0x00000000        0x0 /usr/local/bin/../lib/gcc/avr/4.7.2/../../../../avr/lib/avr5/libm.a(fp_zero.o)
 .bss           0x00000000        0x0 /usr/local/bin/../lib/gcc/avr/4.7.2/../../../../avr/lib/avr5/libm.a(fp_zero.o)
 .text          0x00000000        0x0 /usr/local/bin/../lib/gcc/avr/4.7.2/../../../../avr/lib/avr5/libm.a(gesf2.o)
 .bss           0x00000000        0x0 /usr/local/bin/../lib/gcc/avr/4.7.2/../../../../avr/lib/avr5/libm.a(gesf2.o)
 .text          0x00000000        0x0 ../teensy_graphics/libteensy_graphics.a(graphics.o)
 .bss           0x00000000        0x0 ../teensy_graphics/libteensy_graphics.a(graphics.o)
 .text          0x00000000        0x0 ../teensy_graphics/libteensy_graphics.a(lcd.o)
 .bss           0x00000000        0x0 ../teensy_graphics/libteensy_graphics.a(lcd.o)
 .text.LCDClear
                0x00000000       0x1a ../teensy_graphics/libteensy_graphics.a(lcd.o)
 .text.LCDCharacter
                0x00000000       0x52 ../teensy_graphics/libteensy_graphics.a(lcd.o)
 .text.LCDString
                0x00000000       0x18 ../teensy_graphics/libteensy_graphics.a(lcd.o)
 .progmem.data  0x00000000      0x1e0 ../teensy_graphics/libteensy_graphics.a(lcd.o)
 .text          0x00000000        0x0 ../teensy_graphics/libteensy_graphics.a(sprite.o)
 .bss           0x00000000        0x0 ../teensy_graphics/libteensy_graphics.a(sprite.o)
 .text          0x00000000        0x0 /usr/local/bin/../lib/gcc/avr/4.7.2/avr5/libgcc.a(_divmodhi4.o)
 .bss           0x00000000        0x0 /usr/local/bin/../lib/gcc/avr/4.7.2/avr5/libgcc.a(_divmodhi4.o)
 .text.libgcc.mul
                0x00000000        0x0 /usr/local/bin/../lib/gcc/avr/4.7.2/avr5/libgcc.a(_divmodhi4.o)
 .text.libgcc   0x00000000        0x0 /usr/local/bin/../lib/gcc/avr/4.7.2/avr5/libgcc.a(_divmodhi4.o)
 .text.libgcc.prologue
                0x00000000        0x0 /usr/local/bin/../lib/gcc/avr/4.7.2/avr5/libgcc.a(_divmodhi4.o)
 .text.libgcc.builtins
                0x00000000        0x0 /usr/local/bin/../lib/gcc/avr/4.7.2/avr5/libgcc.a(_divmodhi4.o)
 .text.libgcc.fmul
                0x00000000        0x0 /usr/local/bin/../lib/gcc/avr/4.7.2/avr5/libgcc.a(_divmodhi4.o)
 .text          0x00000000        0x0 /usr/local/bin/../lib/gcc/avr/4.7.2/avr5/libgcc.a(_exit.o)
 .bss           0x00000000        0x0 /usr/local/bin/../lib/gcc/avr/4.7.2/avr5/libgcc.a(_exit.o)
 .text.libgcc.mul
                0x00000000        0x0 /usr/local/bin/../lib/gcc/avr/4.7.2/avr5/libgcc.a(_exit.o)
 .text.libgcc.div
                0x00000000        0x0 /usr/local/bin/../lib/gcc/avr/4.7.2/avr5/libgcc.a(_exit.o)
 .text.libgcc   0x00000000        0x0 /usr/local/bin/../lib/gcc/avr/4.7.2/avr5/libgcc.a(_exit.o)
 .text.libgcc.prologue
                0x00000000        0x0 /usr/local/bin/../lib/gcc/avr/4.7.2/avr5/libgcc.a(_exit.o)
 .text.libgcc.builtins
                0x00000000        0x0 /usr/local/bin/../lib/gcc/avr/4.7.2/avr5/libgcc.a(_exit.o)
 .text.libgcc.fmul
                0x00000000        0x0 /usr/local/bin/../lib/gcc/avr/4.7.2/avr5/libgcc.a(_exit.o)
 .text          0x00000000        0x0 /usr/local/bin/../lib/gcc/avr/4.7.2/avr5/libgcc.a(_copy_data.o)
 .bss           0x00000000        0x0 /usr/local/bin/../lib/gcc/avr/4.7.2/avr5/libgcc.a(_copy_data.o)
 .text.libgcc.mul
                0x00000000        0x0 /usr/local/bin/../lib/gcc/avr/4.7.2/avr5/libgcc.a(_copy_data.o)
 .text.libgcc.div
                0x00000000        0x0 /usr/local/bin/../lib/gcc/avr/4.7.2/avr5/libgcc.a(_copy_data.o)
 .text.libgcc   0x00000000        0x0 /usr/local/bin/../lib/gcc/avr/4.7.2/avr5/libgcc.a(_copy_data.o)
 .text.libgcc.prologue
                0x00000000        0x0 /usr/local/bin/../lib/gcc/avr/4.7.2/avr5/libgcc.a(_copy_data.o)
 .text.libgcc.builtins
                0x00000000        0x0 /usr/local/bin/../lib/gcc/avr/4.7.2/avr5/libgcc.a(_copy_data.o)
 .text.libgcc.fmul
                0x00000000        0x0 /usr/local/bin/../lib/gcc/avr/4.7.2/avr5/libgcc.a(_copy_data.o)
 .text          0x00000000        0x0 /usr/local/bin/../lib/gcc/avr/4.7.2/avr5/libgcc.a(_clear_bss.o)
 .bss           0x00000000        0x0 /usr/local/bin/../lib/gcc/avr/4.7.2/avr5/libgcc.a(_clear_bss.o)
 .text.libgcc.mul
                0x00000000        0x0 /usr/local/bin/../lib/gcc/avr/4.7.2/avr5/libgcc.a(_clear_bss.o)
 .text.libgcc.div
                0x00000000        0x0 /usr/local/bin/../lib/gcc/avr/4.7.2/avr5/libgcc.a(_clear_bss.o)
 .text.libgcc   0x00000000        0x0 /usr/local/bin/../lib/gcc/avr/4.7.2/avr5/libgcc.a(_clear_bss.o)
 .text.libgcc.prologue
                0x00000000        0x0 /usr/local/bin/../lib/gcc/avr/4.7.2/avr5/libgcc.a(_clear_bss.o)
 .text.libgcc.builtins
                0x00000000        0x0 /usr/local/bin/../lib/gcc/avr/4.7.2/avr5/libgcc.a(_clear_bss.o)
 .text.libgcc.fmul
                0x00000000        0x0 /usr/local/bin/../lib/gcc/avr/4.7.2/avr5/libgcc.a(_clear_bss.o)
 .text          0x00000000        0x0 /usr/local/bin/../lib/gcc/avr/4.7.2/avr5/libgcc.a(_udivmodhi4.o)
 .bss           0x00000000        0x0 /usr/local/bin/../lib/gcc/avr/4.7.2/avr5/libgcc.a(_udivmodhi4.o)
 .text.libgcc.mul
                0x00000000        0x0 /usr/local/bin/../lib/gcc/avr/4.7.2/avr5/libgcc.a(_udivmodhi4.o)
 .text.libgcc   0x00000000        0x0 /usr/local/bin/../lib/gcc/avr/4.7.2/avr5/libgcc.a(_udivmodhi4.o)
 .text.libgcc.prologue
                0x00000000        0x0 /usr/local/bin/../lib/gcc/avr/4.7.2/avr5/libgcc.a(_udivmodhi4.o)
 .text.libgcc.builtins
                0x00000000        0x0 /usr/local/bin/../lib/gcc/avr/4.7.2/avr5/libgcc.a(_udivmodhi4.o)
 .text.libgcc.fmul
                0x00000000        0x0 /usr/local/bin/../lib/gcc/avr/4.7.2/avr5/libgcc.a(_udivmodhi4.o)
 .text          0x00000000        0x0 /usr/local/bin/../lib/gcc/avr/4.7.2/../../../../avr/lib/avr5/libm.a(divsf3.o)
 .bss           0x00000000        0x0 /usr/local/bin/../lib/gcc/avr/4.7.2/../../../../avr/lib/avr5/libm.a(divsf3.o)
 .text          0x00000000        0x0 /usr/local/bin/../lib/gcc/avr/4.7.2/../../../../avr/lib/avr5/libm.a(divsf3x.o)
 .bss           0x00000000        0x0 /usr/local/bin/../lib/gcc/avr/4.7.2/../../../../avr/lib/avr5/libm.a(divsf3x.o)
 .text          0x00000000        0x0 /usr/local/bin/../lib/gcc/avr/4.7.2/../../../../avr/lib/avr5/libm.a(fixunssfsi.o)
 .bss           0x00000000        0x0 /usr/local/bin/../lib/gcc/avr/4.7.2/../../../../avr/lib/avr5/libm.a(fixunssfsi.o)
 .text          0x00000000        0x0 /usr/local/bin/../lib/gcc/avr/4.7.2/../../../../avr/lib/avr5/libm.a(mulsf3.o)
 .bss           0x00000000        0x0 /usr/local/bin/../lib/gcc/avr/4.7.2/../../../../avr/lib/avr5/libm.a(mulsf3.o)
 .text          0x00000000        0x0 /usr/local/bin/../lib/gcc/avr/4.7.2/../../../../avr/lib/avr5/libm.a(mulsf3x.o)
 .bss           0x00000000        0x0 /usr/local/bin/../lib/gcc/avr/4.7.2/../../../../avr/lib/avr5/libm.a(mulsf3x.o)
 .text          0x00000000        0x0 /usr/local/bin/../lib/gcc/avr/4.7.2/../../../../avr/lib/avr5/libc.a(rand.o)
 .bss           0x00000000        0x0 /usr/local/bin/../lib/gcc/avr/4.7.2/../../../../avr/lib/avr5/libc.a(rand.o)
 .text          0x00000000        0x0 /usr/local/bin/../lib/gcc/avr/4.7.2/../../../../avr/lib/avr5/libc.a(sprintf.o)
 .bss           0x00000000        0x0 /usr/local/bin/../lib/gcc/avr/4.7.2/../../../../avr/lib/avr5/libc.a(sprintf.o)
 .text          0x00000000        0x0 /usr/local/bin/../lib/gcc/avr/4.7.2/../../../../avr/lib/avr5/libc.a(vfprintf_std.o)
 .bss           0x00000000        0x0 /usr/local/bin/../lib/gcc/avr/4.7.2/../../../../avr/lib/avr5/libc.a(vfprintf_std.o)
 .text          0x00000000        0x0 /usr/local/bin/../lib/gcc/avr/4.7.2/../../../../avr/lib/avr5/libc.a(strnlen_P.o)
 .bss           0x00000000        0x0 /usr/local/bin/../lib/gcc/avr/4.7.2/../../../../avr/lib/avr5/libc.a(strnlen_P.o)
 .text          0x00000000        0x0 /usr/local/bin/../lib/gcc/avr/4.7.2/../../../../avr/lib/avr5/libc.a(strnlen.o)
 .bss           0x00000000        0x0 /usr/local/bin/../lib/gcc/avr/4.7.2/../../../../avr/lib/avr5/libc.a(strnlen.o)
 .text          0x00000000        0x0 /usr/local/bin/../lib/gcc/avr/4.7.2/../../../../avr/lib/avr5/libc.a(fputc.o)
 .bss           0x00000000        0x0 /usr/local/bin/../lib/gcc/avr/4.7.2/../../../../avr/lib/avr5/libc.a(fputc.o)
 .text          0x00000000        0x0 /usr/local/bin/../lib/gcc/avr/4.7.2/../../../../avr/lib/avr5/libc.a(ultoa_invert.o)
 .bss           0x00000000        0x0 /usr/local/bin/../lib/gcc/avr/4.7.2/../../../../avr/lib/avr5/libc.a(ultoa_invert.o)
 .text          0x00000000        0x0 /usr/local/bin/../lib/gcc/avr/4.7.2/avr5/libgcc.a(_divmodsi4.o)
 .bss           0x00000000        0x0 /usr/local/bin/../lib/gcc/avr/4.7.2/avr5/libgcc.a(_divmodsi4.o)
 .text.libgcc.mul
                0x00000000        0x0 /usr/local/bin/../lib/gcc/avr/4.7.2/avr5/libgcc.a(_divmodsi4.o)
 .text.libgcc   0x00000000        0x0 /usr/local/bin/../lib/gcc/avr/4.7.2/avr5/libgcc.a(_divmodsi4.o)
 .text.libgcc.prologue
                0x00000000        0x0 /usr/local/bin/../lib/gcc/avr/4.7.2/avr5/libgcc.a(_divmodsi4.o)
 .text.libgcc.builtins
                0x00000000        0x0 /usr/local/bin/../lib/gcc/avr/4.7.2/avr5/libgcc.a(_divmodsi4.o)
 .text.libgcc.fmul
                0x00000000        0x0 /usr/local/bin/../lib/gcc/avr/4.7.2/avr5/libgcc.a(_divmodsi4.o)
 .text          0x00000000        0x0 /usr/local/bin/../lib/gcc/avr/4.7.2/avr5/libgcc.a(_muluhisi3.o)
 .bss           0x00000000        0x0 /usr/local/bin/../lib/gcc/avr/4.7.2/avr5/libgcc.a(_muluhisi3.o)
 .text.libgcc.div
                0x00000000        0x0 /usr/local/bin/../lib/gcc/avr/4.7.2/avr5/libgcc.a(_muluhisi3.o)
 .text.libgcc   0x00000000        0x0 /usr/local/bin/../lib/gcc/avr/4.7.2/avr5/libgcc.a(_muluhisi3.o)
 .text.libgcc.prologue
                0x00000000        0x0 /usr/local/bin/../lib/gcc/avr/4.7.2/avr5/libgcc.a(_muluhisi3.o)
 .text.libgcc.builtins
                0x00000000        0x0 /usr/local/bin/../lib/gcc/avr/4.7.2/avr5/libgcc.a(_muluhisi3.o)
 .text.libgcc.fmul
                0x00000000        0x0 /usr/local/bin/../lib/gcc/avr/4.7.2/avr5/libgcc.a(_muluhisi3.o)
 .text          0x00000000        0x0 /usr/local/bin/../lib/gcc/avr/4.7.2/avr5/libgcc.a(_mulshisi3.o)
 .bss           0x00000000        0x0 /usr/local/bin/../lib/gcc/avr/4.7.2/avr5/libgcc.a(_mulshisi3.o)
 .text.libgcc.div
                0x00000000        0x0 /usr/local/bin/../lib/gcc/avr/4.7.2/avr5/libgcc.a(_mulshisi3.o)
 .text.libgcc   0x00000000        0x0 /usr/local/bin/../lib/gcc/avr/4.7.2/avr5/libgcc.a(_mulshisi3.o)
 .text.libgcc.prologue
                0x00000000        0x0 /usr/local/bin/../lib/gcc/avr/4.7.2/avr5/libgcc.a(_mulshisi3.o)
 .text.libgcc.builtins
                0x00000000        0x0 /usr/local/bin/../lib/gcc/avr/4.7.2/avr5/libgcc.a(_mulshisi3.o)
 .text.libgcc.fmul
                0x00000000        0x0 /usr/local/bin/../lib/gcc/avr/4.7.2/avr5/libgcc.a(_mulshisi3.o)
 .text          0x00000000        0x0 /usr/local/bin/../lib/gcc/avr/4.7.2/avr5/libgcc.a(_prologue.o)
 .bss           0x00000000        0x0 /usr/local/bin/../lib/gcc/avr/4.7.2/avr5/libgcc.a(_prologue.o)
 .text.libgcc.mul
                0x00000000        0x0 /usr/local/bin/../lib/gcc/avr/4.7.2/avr5/libgcc.a(_prologue.o)
 .text.libgcc.div
                0x00000000        0x0 /usr/local/bin/../lib/gcc/avr/4.7.2/avr5/libgcc.a(_prologue.o)
 .text.libgcc   0x00000000        0x0 /usr/local/bin/../lib/gcc/avr/4.7.2/avr5/libgcc.a(_prologue.o)
 .text.libgcc.builtins
                0x00000000        0x0 /usr/local/bin/../lib/gcc/avr/4.7.2/avr5/libgcc.a(_prologue.o)
 .text.libgcc.fmul
                0x00000000        0x0 /usr/local/bin/../lib/gcc/avr/4.7.2/avr5/libgcc.a(_prologue.o)
 .text          0x00000000        0x0 /usr/local/bin/../lib/gcc/avr/4.7.2/avr5/libgcc.a(_epilogue.o)
 .bss           0x00000000        0x0 /usr/local/bin/../lib/gcc/avr/4.7.2/avr5/libgcc.a(_epilogue.o)
 .text.libgcc.mul
                0x00000000        0x0 /usr/local/bin/../lib/gcc/avr/4.7.2/avr5/libgcc.a(_epilogue.o)
 .text.libgcc.div
                0x00000000        0x0 /usr/local/bin/../lib/gcc/avr/4.7.2/avr5/libgcc.a(_epilogue.o)
 .text.libgcc   0x00000000        0x0 /usr/local/bin/../lib/gcc/avr/4.7.2/avr5/libgcc.a(_epilogue.o)
 .text.libgcc.builtins
                0x00000000        0x0 /usr/local/bin/../lib/gcc/avr/4.7.2/avr5/libgcc.a(_epilogue.o)
 .text.libgcc.fmul
                0x00000000        0x0 /usr/local/bin/../lib/gcc/avr/4.7.2/avr5/libgcc.a(_epilogue.o)
 .text          0x00000000        0x0 /usr/local/bin/../lib/gcc/avr/4.7.2/avr5/libgcc.a(_udivmodsi4.o)
 .bss           0x00000000        0x0 /usr/local/bin/../lib/gcc/avr/4.7.2/avr5/libgcc.a(_udivmodsi4.o)
 .text.libgcc.mul
                0x00000000        0x0 /usr/local/bin/../lib/gcc/avr/4.7.2/avr5/libgcc.a(_udivmodsi4.o)
 .text.libgcc   0x00000000        0x0 /usr/local/bin/../lib/gcc/avr/4.7.2/avr5/libgcc.a(_udivmodsi4.o)
 .text.libgcc.prologue
                0x00000000        0x0 /usr/local/bin/../lib/gcc/avr/4.7.2/avr5/libgcc.a(_udivmodsi4.o)
 .text.libgcc.builtins
                0x00000000        0x0 /usr/local/bin/../lib/gcc/avr/4.7.2/avr5/libgcc.a(_udivmodsi4.o)
 .text.libgcc.fmul
                0x00000000        0x0 /usr/local/bin/../lib/gcc/avr/4.7.2/avr5/libgcc.a(_udivmodsi4.o)
 .text          0x00000000        0x0 /usr/local/bin/../lib/gcc/avr/4.7.2/avr5/libgcc.a(_umulhisi3.o)
 .bss           0x00000000        0x0 /usr/local/bin/../lib/gcc/avr/4.7.2/avr5/libgcc.a(_umulhisi3.o)
 .text.libgcc.div
                0x00000000        0x0 /usr/local/bin/../lib/gcc/avr/4.7.2/avr5/libgcc.a(_umulhisi3.o)
 .text.libgcc   0x00000000        0x0 /usr/local/bin/../lib/gcc/avr/4.7.2/avr5/libgcc.a(_umulhisi3.o)
 .text.libgcc.prologue
                0x00000000        0x0 /usr/local/bin/../lib/gcc/avr/4.7.2/avr5/libgcc.a(_umulhisi3.o)
 .text.libgcc.builtins
                0x00000000        0x0 /usr/local/bin/../lib/gcc/avr/4.7.2/avr5/libgcc.a(_umulhisi3.o)
 .text.libgcc.fmul
                0x00000000        0x0 /usr/local/bin/../lib/gcc/avr/4.7.2/avr5/libgcc.a(_umulhisi3.o)

Memory Configuration

Name             Origin             Length             Attributes
text             0x00000000         0x00020000         xr
data             0x00800060         0x0000ffa0         rw !x
eeprom           0x00810000         0x00010000         rw !x
fuse             0x00820000         0x00000400         rw !x
lock             0x00830000         0x00000400         rw !x
signature        0x00840000         0x00000400         rw !x
user_signatures  0x00850000         0x00000400         rw !x
*default*        0x00000000         0xffffffff

Linker script and memory map

Address of section .data set to 0x800100
LOAD /usr/local/bin/../lib/gcc/avr/4.7.2/../../../../avr/lib/avr5/crtm32u4.o
LOAD main.o
LOAD start_screen.o
LOAD screen.o
LOAD lives.o
LOAD score.o
LOAD hero.o
LOAD zombies.o
LOAD /usr/local/bin/../lib/gcc/avr/4.7.2/../../../../avr/lib/avr5/libm.a
LOAD ../teensy_graphics/libteensy_graphics.a
START GROUP
LOAD /usr/local/bin/../lib/gcc/avr/4.7.2/avr5/libgcc.a
LOAD /usr/local/bin/../lib/gcc/avr/4.7.2/../../../../avr/lib/avr5/libm.a
LOAD /usr/local/bin/../lib/gcc/avr/4.7.2/../../../../avr/lib/avr5/libc.a
END GROUP

.hash
 *(.hash)

.dynsym
 *(.dynsym)

.dynstr
 *(.dynstr)

.gnu.version
 *(.gnu.version)

.gnu.version_d
 *(.gnu.version_d)

.gnu.version_r
 *(.gnu.version_r)

.rel.init
 *(.rel.init)

.rela.init
 *(.rela.init)

.rel.text
 *(.rel.text)
 *(.rel.text.*)
 *(.rel.gnu.linkonce.t*)

.rela.text
 *(.rela.text)
 *(.rela.text.*)
 *(.rela.gnu.linkonce.t*)

.rel.fini
 *(.rel.fini)

.rela.fini
 *(.rela.fini)

.rel.rodata
 *(.rel.rodata)
 *(.rel.rodata.*)
 *(.rel.gnu.linkonce.r*)

.rela.rodata
 *(.rela.rodata)
 *(.rela.rodata.*)
 *(.rela.gnu.linkonce.r*)

.rel.data
 *(.rel.data)
 *(.rel.data.*)
 *(.rel.gnu.linkonce.d*)

.rela.data
 *(.rela.data)
 *(.rela.data.*)
 *(.rela.gnu.linkonce.d*)

.rel.ctors
 *(.rel.ctors)

.rela.ctors
 *(.rela.ctors)

.rel.dtors
 *(.rel.dtors)

.rela.dtors
 *(.rela.dtors)

.rel.got
 *(.rel.got)

.rela.got
 *(.rela.got)

.rel.bss
 *(.rel.bss)

.rela.bss
 *(.rela.bss)

.rel.plt
 *(.rel.plt)

.rela.plt
 *(.rela.plt)

.text           0x00000000     0x1f22
 *(.vectors)
 .vectors       0x00000000       0xac /usr/local/bin/../lib/gcc/avr/4.7.2/../../../../avr/lib/avr5/crtm32u4.o
                0x00000000                __vectors
                0x00000000                __vector_default
 *(.vectors)
 *(.progmem.gcc*)
 *(.progmem*)
 .progmem.data  0x000000ac      0x1e0 ../teensy_graphics/libteensy_graphics.a(graphics.o)
                0x0000028c                . = ALIGN (0x2)
                0x0000028c                __trampolines_start = .
 *(.trampolines)
 .trampolines   0x0000028c        0x0 linker stubs
 *(.trampolines*)
                0x0000028c                __trampolines_end = .
 *(.jumptables)
 *(.jumptables*)
 *(.lowtext)
 *(.lowtext*)
                0x0000028c                __ctors_start = .
 *(.ctors)
                0x0000028c                __ctors_end = .
                0x0000028c                __dtors_start = .
 *(.dtors)
                0x0000028c                __dtors_end = .
 SORT(*)(.ctors)
 SORT(*)(.dtors)
 *(.init0)
 .init0         0x0000028c        0x0 /usr/local/bin/../lib/gcc/avr/4.7.2/../../../../avr/lib/avr5/crtm32u4.o
                0x0000028c                __init
 *(.init0)
 *(.init1)
 *(.init1)
 *(.init2)
 .init2         0x0000028c        0xc /usr/local/bin/../lib/gcc/avr/4.7.2/../../../../avr/lib/avr5/crtm32u4.o
 *(.init2)
 *(.init3)
 *(.init3)
 *(.init4)
 .init4         0x00000298       0x16 /usr/local/bin/../lib/gcc/avr/4.7.2/avr5/libgcc.a(_copy_data.o)
                0x00000298                __do_copy_data
 .init4         0x000002ae       0x10 /usr/local/bin/../lib/gcc/avr/4.7.2/avr5/libgcc.a(_clear_bss.o)
                0x000002ae                __do_clear_bss
 *(.init4)
 *(.init5)
 *(.init5)
 *(.init6)
 *(.init6)
 *(.init7)
 *(.init7)
 *(.init8)
 *(.init8)
 *(.init9)
 .init9         0x000002be        0x6 /usr/local/bin/../lib/gcc/avr/4.7.2/../../../../avr/lib/avr5/crtm32u4.o
 *(.init9)
 *(.text)
 .text          0x000002c4        0x2 /usr/local/bin/../lib/gcc/avr/4.7.2/../../../../avr/lib/avr5/crtm32u4.o
                0x000002c4                __vector_42
                0x000002c4                __vector_22
                0x000002c4                __vector_28
                0x000002c4                __vector_1
                0x000002c4                __vector_32
                0x000002c4                __vector_34
                0x000002c4                __vector_24
                0x000002c4                __vector_12
                0x000002c4                __bad_interrupt
                0x000002c4                __vector_6
                0x000002c4                __vector_31
                0x000002c4                __vector_35
                0x000002c4                __vector_39
                0x000002c4                __vector_3
                0x000002c4                __vector_23
                0x000002c4                __vector_30
                0x000002c4                __vector_25
                0x000002c4                __vector_11
                0x000002c4                __vector_13
                0x000002c4                __vector_17
                0x000002c4                __vector_19
                0x000002c4                __vector_7
                0x000002c4                __vector_41
                0x000002c4                __vector_27
                0x000002c4                __vector_5
                0x000002c4                __vector_33
                0x000002c4                __vector_37
                0x000002c4                __vector_4
                0x000002c4                __vector_9
                0x000002c4                __vector_2
                0x000002c4                __vector_21
                0x000002c4                __vector_15
                0x000002c4                __vector_36
                0x000002c4                __vector_29
                0x000002c4                __vector_40
                0x000002c4                __vector_8
                0x000002c4                __vector_26
                0x000002c4                __vector_14
                0x000002c4                __vector_10
                0x000002c4                __vector_16
                0x000002c4                __vector_18
                0x000002c4                __vector_20
                0x000002c4                __vector_38
                0x000002c6                . = ALIGN (0x2)
 *(.text.*)
 .text.setup_device
                0x000002c6       0x20 main.o
                0x000002c6                setup_device
 .text.startup.main
                0x000002e6       0x92 main.o
                0x000002e6                main
 .text.game_countdown
                0x00000378       0x8a start_screen.o
                0x00000378                game_countdown
 .text.setup_start_screen
                0x00000402       0x48 start_screen.o
                0x00000402                setup_start_screen
 .text.screen_lines
                0x0000044a       0xa2 screen.o
                0x0000044a                screen_lines
 .text.lives_setup
                0x000004ec       0x48 lives.o
                0x000004ec                lives_setup
 .text.score_setup
                0x00000534       0x48 score.o
                0x00000534                score_setup
 .text.update_score_time
                0x0000057c       0x14 score.o
                0x0000057c                update_score_time
 .text.start_hero
                0x00000590       0x60 hero.o
                0x00000590                start_hero
 .text.move_hero
                0x000005f0      0x42e hero.o
                0x000005f0                move_hero
 .text.update_hero
                0x00000a1e       0x14 hero.o
                0x00000a1e                update_hero
 .text.section_selector
                0x00000a32       0x52 zombies.o
                0x00000a32                section_selector
 .text.setup_zombies
                0x00000a84       0xa0 zombies.o
                0x00000a84                setup_zombies
 .text.draw_zombies
                0x00000b24       0x28 zombies.o
                0x00000b24                draw_zombies
 .text.start_zombies
                0x00000b4c       0x48 zombies.o
                0x00000b4c                start_zombies
 .text.update_zombies
                0x00000b94       0x2c zombies.o
                0x00000b94                update_zombies
 .text.zombie_updater
                0x00000bc0        0xc zombies.o
                0x00000bc0                zombie_updater
 .text.avr-libc.fplib
                0x00000bcc        0xa /usr/local/bin/../lib/gcc/avr/4.7.2/../../../../avr/lib/avr5/libm.a(addsf3.o)
                0x00000bcc                __subsf3
                0x00000bce                __addsf3
 .text.avr-libc.fplib
                0x00000bd6       0xc0 /usr/local/bin/../lib/gcc/avr/4.7.2/../../../../avr/lib/avr5/libm.a(addsf3x.o)
                0x00000bf0                __addsf3x
 .text.avr-libc.fplib
                0x00000c96        0x8 /usr/local/bin/../lib/gcc/avr/4.7.2/../../../../avr/lib/avr5/libm.a(cmpsf2.o)
                0x00000c96                __lesf2
                0x00000c96                __nesf2
                0x00000c96                __eqsf2
                0x00000c96                __cmpsf2
                0x00000c96                __ltsf2
 .text.avr-libc.fplib
                0x00000c9e       0x7a /usr/local/bin/../lib/gcc/avr/4.7.2/../../../../avr/lib/avr5/libm.a(floatsisf.o)
                0x00000c9e                __floatunsisf
                0x00000ca2                __floatsisf
 .text.avr-libc.fplib
                0x00000d18       0x48 /usr/local/bin/../lib/gcc/avr/4.7.2/../../../../avr/lib/avr5/libm.a(fp_cmp.o)
                0x00000d18                __fp_cmp
 .text.avr-libc.fplib
                0x00000d60        0xc /usr/local/bin/../lib/gcc/avr/4.7.2/../../../../avr/lib/avr5/libm.a(fp_inf.o)
                0x00000d60                __fp_inf
 .text.avr-libc.fplib
                0x00000d6c        0x6 /usr/local/bin/../lib/gcc/avr/4.7.2/../../../../avr/lib/avr5/libm.a(fp_nan.o)
                0x00000d6c                __fp_nan
 .text.avr-libc.fplib
                0x00000d72        0xe /usr/local/bin/../lib/gcc/avr/4.7.2/../../../../avr/lib/avr5/libm.a(fp_pscA.o)
                0x00000d72                __fp_pscA
 .text.avr-libc.fplib
                0x00000d80        0xe /usr/local/bin/../lib/gcc/avr/4.7.2/../../../../avr/lib/avr5/libm.a(fp_pscB.o)
                0x00000d80                __fp_pscB
 .text.avr-libc.fplib
                0x00000d8e       0x22 /usr/local/bin/../lib/gcc/avr/4.7.2/../../../../avr/lib/avr5/libm.a(fp_round.o)
                0x00000d8e                __fp_round
 .text.avr-libc.fplib
                0x00000db0       0x44 /usr/local/bin/../lib/gcc/avr/4.7.2/../../../../avr/lib/avr5/libm.a(fp_split3.o)
                0x00000db0                __fp_split3
                0x00000dc0                __fp_splitA
 .text.avr-libc.fplib
                0x00000df4        0xe /usr/local/bin/../lib/gcc/avr/4.7.2/../../../../avr/lib/avr5/libm.a(fp_zero.o)
                0x00000df4                __fp_zero
                0x00000df6                __fp_szero
 .text.avr-libc.fplib
                0x00000e02        0x8 /usr/local/bin/../lib/gcc/avr/4.7.2/../../../../avr/lib/avr5/libm.a(gesf2.o)
                0x00000e02                __gtsf2
                0x00000e02                __gesf2
 .text.refresh  0x00000e0a       0x22 ../teensy_graphics/libteensy_graphics.a(graphics.o)
                0x00000e0a                refresh
 .text.clear    0x00000e2c       0x10 ../teensy_graphics/libteensy_graphics.a(graphics.o)
                0x00000e2c                clear
 .text.set_pixel
                0x00000e3c       0x46 ../teensy_graphics/libteensy_graphics.a(graphics.o)
                0x00000e3c                set_pixel
 .text.draw_line
                0x00000e82      0x3fc ../teensy_graphics/libteensy_graphics.a(graphics.o)
                0x00000e82                draw_line
 .text.draw_character
                0x0000127e       0xa8 ../teensy_graphics/libteensy_graphics.a(graphics.o)
                0x0000127e                draw_character
 .text.draw_string
                0x00001326       0x28 ../teensy_graphics/libteensy_graphics.a(graphics.o)
                0x00001326                draw_string
 .text.LCDWrite
                0x0000134e       0x3c ../teensy_graphics/libteensy_graphics.a(lcd.o)
                0x0000134e                LCDWrite
 .text.LCDInitialise
                0x0000138a       0x4e ../teensy_graphics/libteensy_graphics.a(lcd.o)
                0x0000138a                LCDInitialise
 .text.LCDPosition
                0x000013d8       0x14 ../teensy_graphics/libteensy_graphics.a(lcd.o)
                0x000013d8                LCDPosition
 .text.init_sprite
                0x000013ec       0x60 ../teensy_graphics/libteensy_graphics.a(sprite.o)
                0x000013ec                init_sprite
 .text.draw_sprite
                0x0000144c      0x1aa ../teensy_graphics/libteensy_graphics.a(sprite.o)
                0x0000144c                draw_sprite
 .text.libgcc.div
                0x000015f6       0x26 /usr/local/bin/../lib/gcc/avr/4.7.2/avr5/libgcc.a(_divmodhi4.o)
                0x000015f6                __divmodhi4
                0x000015f6                _div
 .text.libgcc.div
                0x0000161c       0x28 /usr/local/bin/../lib/gcc/avr/4.7.2/avr5/libgcc.a(_udivmodhi4.o)
                0x0000161c                __udivmodhi4
 .text.avr-libc.fplib
                0x00001644        0x4 /usr/local/bin/../lib/gcc/avr/4.7.2/../../../../avr/lib/avr5/libm.a(divsf3.o)
                0x00001644                __divsf3
 .text.avr-libc.fplib
                0x00001648       0xcc /usr/local/bin/../lib/gcc/avr/4.7.2/../../../../avr/lib/avr5/libm.a(divsf3x.o)
                0x0000165e                __divsf3x
                0x00001662                __divsf3_pse
 .text.avr-libc.fplib
                0x00001714       0x58 /usr/local/bin/../lib/gcc/avr/4.7.2/../../../../avr/lib/avr5/libm.a(fixunssfsi.o)
                0x00001714                __fixunssfsi
 .text.avr-libc.fplib
                0x0000176c        0x4 /usr/local/bin/../lib/gcc/avr/4.7.2/../../../../avr/lib/avr5/libm.a(mulsf3.o)
                0x0000176c                __mulsf3
 .text.avr-libc.fplib
                0x00001770       0xc2 /usr/local/bin/../lib/gcc/avr/4.7.2/../../../../avr/lib/avr5/libm.a(mulsf3x.o)
                0x00001784                __mulsf3x
                0x00001788                __mulsf3_pse
 .text.avr-libc
                0x00001832       0xb4 /usr/local/bin/../lib/gcc/avr/4.7.2/../../../../avr/lib/avr5/libc.a(rand.o)
                0x000018c8                rand_r
                0x000018ca                rand
                0x000018d0                srand
 .text.avr-libc
                0x000018e6       0x3e /usr/local/bin/../lib/gcc/avr/4.7.2/../../../../avr/lib/avr5/libc.a(sprintf.o)
                0x000018e6                sprintf
 .text.avr-libc
                0x00001924      0x39a /usr/local/bin/../lib/gcc/avr/4.7.2/../../../../avr/lib/avr5/libc.a(vfprintf_std.o)
                0x00001924                vfprintf
 .text.avr-libc
                0x00001cbe       0x16 /usr/local/bin/../lib/gcc/avr/4.7.2/../../../../avr/lib/avr5/libc.a(strnlen_P.o)
                0x00001cbe                strnlen_P
 .text.avr-libc
                0x00001cd4       0x16 /usr/local/bin/../lib/gcc/avr/4.7.2/../../../../avr/lib/avr5/libc.a(strnlen.o)
                0x00001cd4                strnlen
 .text.avr-libc
                0x00001cea       0x58 /usr/local/bin/../lib/gcc/avr/4.7.2/../../../../avr/lib/avr5/libc.a(fputc.o)
                0x00001cea                fputc
 .text.avr-libc
                0x00001d42       0xbc /usr/local/bin/../lib/gcc/avr/4.7.2/../../../../avr/lib/avr5/libc.a(ultoa_invert.o)
                0x00001d42                __ultoa_invert
 .text.libgcc.div
                0x00001dfe       0x36 /usr/local/bin/../lib/gcc/avr/4.7.2/avr5/libgcc.a(_divmodsi4.o)
                0x00001dfe                __divmodsi4
 .text.libgcc.mul
                0x00001e34       0x14 /usr/local/bin/../lib/gcc/avr/4.7.2/avr5/libgcc.a(_muluhisi3.o)
                0x00001e34                __muluhisi3
 .text.libgcc.mul
                0x00001e48        0xc /usr/local/bin/../lib/gcc/avr/4.7.2/avr5/libgcc.a(_mulshisi3.o)
                0x00001e48                __mulshisi3
                0x00001e4c                __mulohisi3
 .text.libgcc.prologue
                0x00001e54       0x38 /usr/local/bin/../lib/gcc/avr/4.7.2/avr5/libgcc.a(_prologue.o)
                0x00001e54                __prologue_saves__
 .text.libgcc.prologue
                0x00001e8c       0x36 /usr/local/bin/../lib/gcc/avr/4.7.2/avr5/libgcc.a(_epilogue.o)
                0x00001e8c                __epilogue_restores__
 .text.libgcc.div
                0x00001ec2       0x44 /usr/local/bin/../lib/gcc/avr/4.7.2/avr5/libgcc.a(_udivmodsi4.o)
                0x00001ec2                __udivmodsi4
 .text.libgcc.mul
                0x00001f06       0x18 /usr/local/bin/../lib/gcc/avr/4.7.2/avr5/libgcc.a(_umulhisi3.o)
                0x00001f06                __umulhisi3
                0x00001f1e                . = ALIGN (0x2)
 *(.fini9)
 .fini9         0x00001f1e        0x0 /usr/local/bin/../lib/gcc/avr/4.7.2/avr5/libgcc.a(_exit.o)
                0x00001f1e                exit
                0x00001f1e                _exit
 *(.fini9)
 *(.fini8)
 *(.fini8)
 *(.fini7)
 *(.fini7)
 *(.fini6)
 *(.fini6)
 *(.fini5)
 *(.fini5)
 *(.fini4)
 *(.fini4)
 *(.fini3)
 *(.fini3)
 *(.fini2)
 *(.fini2)
 *(.fini1)
 *(.fini1)
 *(.fini0)
 .fini0         0x00001f1e        0x4 /usr/local/bin/../lib/gcc/avr/4.7.2/avr5/libgcc.a(_exit.o)
 *(.fini0)
                0x00001f22                _etext = .

.data           0x00800100       0x5a load address 0x00001f22
                0x00800100                PROVIDE (__data_start, .)
 *(.data)
 .data          0x00800100        0x0 /usr/local/bin/../lib/gcc/avr/4.7.2/../../../../avr/lib/avr5/crtm32u4.o
 .data          0x00800100        0x0 main.o
 .data          0x00800100        0x0 start_screen.o
 .data          0x00800100        0x0 screen.o
 .data          0x00800100        0x2 lives.o
                0x00800100                lives
 .data          0x00800102        0x0 score.o
 .data          0x00800102        0x7 hero.o
                0x00800102                bitmap_hero
                0x00800105                hero_prt
                0x00800107                px
 .data          0x00800109        0x5 zombies.o
                0x00800109                bitmap1
                0x0080010c                z
 .data          0x0080010e        0x0 /usr/local/bin/../lib/gcc/avr/4.7.2/../../../../avr/lib/avr5/libm.a(addsf3.o)
 .data          0x0080010e        0x0 /usr/local/bin/../lib/gcc/avr/4.7.2/../../../../avr/lib/avr5/libm.a(addsf3x.o)
 .data          0x0080010e        0x0 /usr/local/bin/../lib/gcc/avr/4.7.2/../../../../avr/lib/avr5/libm.a(cmpsf2.o)
 .data          0x0080010e        0x0 /usr/local/bin/../lib/gcc/avr/4.7.2/../../../../avr/lib/avr5/libm.a(floatsisf.o)
 .data          0x0080010e        0x0 /usr/local/bin/../lib/gcc/avr/4.7.2/../../../../avr/lib/avr5/libm.a(fp_cmp.o)
 .data          0x0080010e        0x0 /usr/local/bin/../lib/gcc/avr/4.7.2/../../../../avr/lib/avr5/libm.a(fp_inf.o)
 .data          0x0080010e        0x0 /usr/local/bin/../lib/gcc/avr/4.7.2/../../../../avr/lib/avr5/libm.a(fp_nan.o)
 .data          0x0080010e        0x0 /usr/local/bin/../lib/gcc/avr/4.7.2/../../../../avr/lib/avr5/libm.a(fp_pscA.o)
 .data          0x0080010e        0x0 /usr/local/bin/../lib/gcc/avr/4.7.2/../../../../avr/lib/avr5/libm.a(fp_pscB.o)
 .data          0x0080010e        0x0 /usr/local/bin/../lib/gcc/avr/4.7.2/../../../../avr/lib/avr5/libm.a(fp_round.o)
 .data          0x0080010e        0x0 /usr/local/bin/../lib/gcc/avr/4.7.2/../../../../avr/lib/avr5/libm.a(fp_split3.o)
 .data          0x0080010e        0x0 /usr/local/bin/../lib/gcc/avr/4.7.2/../../../../avr/lib/avr5/libm.a(fp_zero.o)
 .data          0x0080010e        0x0 /usr/local/bin/../lib/gcc/avr/4.7.2/../../../../avr/lib/avr5/libm.a(gesf2.o)
 .data          0x0080010e        0x0 ../teensy_graphics/libteensy_graphics.a(graphics.o)
 .data          0x0080010e        0x0 ../teensy_graphics/libteensy_graphics.a(lcd.o)
 .data          0x0080010e        0x0 ../teensy_graphics/libteensy_graphics.a(sprite.o)
 .data          0x0080010e        0x0 /usr/local/bin/../lib/gcc/avr/4.7.2/avr5/libgcc.a(_divmodhi4.o)
 .data          0x0080010e        0x0 /usr/local/bin/../lib/gcc/avr/4.7.2/avr5/libgcc.a(_exit.o)
 .data          0x0080010e        0x0 /usr/local/bin/../lib/gcc/avr/4.7.2/avr5/libgcc.a(_copy_data.o)
 .data          0x0080010e        0x0 /usr/local/bin/../lib/gcc/avr/4.7.2/avr5/libgcc.a(_clear_bss.o)
 .data          0x0080010e        0x0 /usr/local/bin/../lib/gcc/avr/4.7.2/avr5/libgcc.a(_udivmodhi4.o)
 .data          0x0080010e        0x0 /usr/local/bin/../lib/gcc/avr/4.7.2/../../../../avr/lib/avr5/libm.a(divsf3.o)
 .data          0x0080010e        0x0 /usr/local/bin/../lib/gcc/avr/4.7.2/../../../../avr/lib/avr5/libm.a(divsf3x.o)
 .data          0x0080010e        0x0 /usr/local/bin/../lib/gcc/avr/4.7.2/../../../../avr/lib/avr5/libm.a(fixunssfsi.o)
 .data          0x0080010e        0x0 /usr/local/bin/../lib/gcc/avr/4.7.2/../../../../avr/lib/avr5/libm.a(mulsf3.o)
 .data          0x0080010e        0x0 /usr/local/bin/../lib/gcc/avr/4.7.2/../../../../avr/lib/avr5/libm.a(mulsf3x.o)
 .data          0x0080010e        0x4 /usr/local/bin/../lib/gcc/avr/4.7.2/../../../../avr/lib/avr5/libc.a(rand.o)
 .data          0x00800112        0x0 /usr/local/bin/../lib/gcc/avr/4.7.2/../../../../avr/lib/avr5/libc.a(sprintf.o)
 .data          0x00800112        0x0 /usr/local/bin/../lib/gcc/avr/4.7.2/../../../../avr/lib/avr5/libc.a(vfprintf_std.o)
 .data          0x00800112        0x0 /usr/local/bin/../lib/gcc/avr/4.7.2/../../../../avr/lib/avr5/libc.a(strnlen_P.o)
 .data          0x00800112        0x0 /usr/local/bin/../lib/gcc/avr/4.7.2/../../../../avr/lib/avr5/libc.a(strnlen.o)
 .data          0x00800112        0x0 /usr/local/bin/../lib/gcc/avr/4.7.2/../../../../avr/lib/avr5/libc.a(fputc.o)
 .data          0x00800112        0x0 /usr/local/bin/../lib/gcc/avr/4.7.2/../../../../avr/lib/avr5/libc.a(ultoa_invert.o)
 .data          0x00800112        0x0 /usr/local/bin/../lib/gcc/avr/4.7.2/avr5/libgcc.a(_divmodsi4.o)
 .data          0x00800112        0x0 /usr/local/bin/../lib/gcc/avr/4.7.2/avr5/libgcc.a(_muluhisi3.o)
 .data          0x00800112        0x0 /usr/local/bin/../lib/gcc/avr/4.7.2/avr5/libgcc.a(_mulshisi3.o)
 .data          0x00800112        0x0 /usr/local/bin/../lib/gcc/avr/4.7.2/avr5/libgcc.a(_prologue.o)
 .data          0x00800112        0x0 /usr/local/bin/../lib/gcc/avr/4.7.2/avr5/libgcc.a(_epilogue.o)
 .data          0x00800112        0x0 /usr/local/bin/../lib/gcc/avr/4.7.2/avr5/libgcc.a(_udivmodsi4.o)
 .data          0x00800112        0x0 /usr/local/bin/../lib/gcc/avr/4.7.2/avr5/libgcc.a(_umulhisi3.o)
 *(.data*)
 *(.rodata)
 *(.rodata*)
 .rodata.str1.1
                0x00800112        0xa main.o
 .rodata.str1.1
                0x0080011c       0x34 start_screen.o
 .rodata.str1.1
                0x00800150        0x6 lives.o
 .rodata.str1.1
                0x00800156        0x3 score.o
                                  0x6 (size before relaxing)
 *(.gnu.linkonce.d*)
                0x0080015a                . = ALIGN (0x2)
 *fill*         0x00800159        0x1 
                0x0080015a                _edata = .
                0x0080015a                PROVIDE (__data_end, .)

.bss            0x0080015a      0x2db
                0x0080015a                PROVIDE (__bss_start, .)
 *(.bss)
 .bss           0x0080015a        0x2 score.o
                0x0080015a                score
 .bss           0x0080015c        0x2 hero.o
                0x0080015c                py
 *(.bss*)
 *(COMMON)
 COMMON         0x0080015e       0xbd main.o
                0x0080015e                hero
                0x00800173                zombies
 COMMON         0x0080021b        0xf lives.o
                0x0080021b                l
 COMMON         0x0080022a        0xf score.o
                0x0080022a                s
 COMMON         0x00800239        0x4 zombies.o
                0x00800239                randy
                0x0080023b                randx
 COMMON         0x0080023d      0x1f8 ../teensy_graphics/libteensy_graphics.a(graphics.o)
                0x0080023d                screenBuffer
                0x00800435                PROVIDE (__bss_end, .)
                0x00001f22                __data_load_start = LOADADDR (.data)
                0x00001f7c                __data_load_end = (__data_load_start + SIZEOF (.data))

.noinit         0x00800435        0x0
                0x00800435                PROVIDE (__noinit_start, .)
 *(.noinit*)
                0x00800435                PROVIDE (__noinit_end, .)
                0x00800435                _end = .
                0x00800435                PROVIDE (__heap_start, .)

.eeprom         0x00810000        0x0
 *(.eeprom*)
                0x00810000                __eeprom_end = .

.fuse
 *(.fuse)
 *(.lfuse)
 *(.hfuse)
 *(.efuse)

.lock
 *(.lock*)

.signature
 *(.signature*)

.user_signatures
 *(.user_signatures*)

.stab           0x00000000     0x2994
 *(.stab)
 .stab          0x00000000      0x6cc /usr/local/bin/../lib/gcc/avr/4.7.2/../../../../avr/lib/avr5/crtm32u4.o
 .stab          0x000006cc       0x78 /usr/local/bin/../lib/gcc/avr/4.7.2/../../../../avr/lib/avr5/libm.a(addsf3.o)
                                 0x84 (size before relaxing)
 .stab          0x00000744      0x4bc /usr/local/bin/../lib/gcc/avr/4.7.2/../../../../avr/lib/avr5/libm.a(addsf3x.o)
                                0x4c8 (size before relaxing)
 .stab          0x00000c00       0x90 /usr/local/bin/../lib/gcc/avr/4.7.2/../../../../avr/lib/avr5/libm.a(cmpsf2.o)
                                 0x9c (size before relaxing)
 .stab          0x00000c90      0x318 /usr/local/bin/../lib/gcc/avr/4.7.2/../../../../avr/lib/avr5/libm.a(floatsisf.o)
                                0x324 (size before relaxing)
 .stab          0x00000fa8      0x1e0 /usr/local/bin/../lib/gcc/avr/4.7.2/../../../../avr/lib/avr5/libm.a(fp_cmp.o)
                                0x1ec (size before relaxing)
 .stab          0x00001188       0x78 /usr/local/bin/../lib/gcc/avr/4.7.2/../../../../avr/lib/avr5/libm.a(fp_inf.o)
                                 0x84 (size before relaxing)
 .stab          0x00001200       0x54 /usr/local/bin/../lib/gcc/avr/4.7.2/../../../../avr/lib/avr5/libm.a(fp_nan.o)
                                 0x60 (size before relaxing)
 .stab          0x00001254       0x84 /usr/local/bin/../lib/gcc/avr/4.7.2/../../../../avr/lib/avr5/libm.a(fp_pscA.o)
                                 0x90 (size before relaxing)
 .stab          0x000012d8       0x84 /usr/local/bin/../lib/gcc/avr/4.7.2/../../../../avr/lib/avr5/libm.a(fp_pscB.o)
                                 0x90 (size before relaxing)
 .stab          0x0000135c       0xfc /usr/local/bin/../lib/gcc/avr/4.7.2/../../../../avr/lib/avr5/libm.a(fp_round.o)
                                0x108 (size before relaxing)
 .stab          0x00001458      0x1d4 /usr/local/bin/../lib/gcc/avr/4.7.2/../../../../avr/lib/avr5/libm.a(fp_split3.o)
                                0x1e0 (size before relaxing)
 .stab          0x0000162c       0x90 /usr/local/bin/../lib/gcc/avr/4.7.2/../../../../avr/lib/avr5/libm.a(fp_zero.o)
                                 0x9c (size before relaxing)
 .stab          0x000016bc       0x6c /usr/local/bin/../lib/gcc/avr/4.7.2/../../../../avr/lib/avr5/libm.a(gesf2.o)
                                 0x78 (size before relaxing)
 .stab          0x00001728       0x48 /usr/local/bin/../lib/gcc/avr/4.7.2/../../../../avr/lib/avr5/libm.a(divsf3.o)
                                 0x54 (size before relaxing)
 .stab          0x00001770      0x510 /usr/local/bin/../lib/gcc/avr/4.7.2/../../../../avr/lib/avr5/libm.a(divsf3x.o)
                                0x51c (size before relaxing)
 .stab          0x00001c80      0x240 /usr/local/bin/../lib/gcc/avr/4.7.2/../../../../avr/lib/avr5/libm.a(fixunssfsi.o)
                                0x24c (size before relaxing)
 .stab          0x00001ec0       0x48 /usr/local/bin/../lib/gcc/avr/4.7.2/../../../../avr/lib/avr5/libm.a(mulsf3.o)
                                 0x54 (size before relaxing)
 .stab          0x00001f08      0x4d4 /usr/local/bin/../lib/gcc/avr/4.7.2/../../../../avr/lib/avr5/libm.a(mulsf3x.o)
                                0x4e0 (size before relaxing)
 .stab          0x000023dc       0x9c /usr/local/bin/../lib/gcc/avr/4.7.2/../../../../avr/lib/avr5/libc.a(strnlen_P.o)
                                 0xa8 (size before relaxing)
 .stab          0x00002478       0x9c /usr/local/bin/../lib/gcc/avr/4.7.2/../../../../avr/lib/avr5/libc.a(strnlen.o)
                                 0xa8 (size before relaxing)
 .stab          0x00002514      0x480 /usr/local/bin/../lib/gcc/avr/4.7.2/../../../../avr/lib/avr5/libc.a(ultoa_invert.o)
                                0x48c (size before relaxing)

.stabstr        0x00000000      0x802
 *(.stabstr)
 .stabstr       0x00000000      0x802 /usr/local/bin/../lib/gcc/avr/4.7.2/../../../../avr/lib/avr5/crtm32u4.o

.stab.excl
 *(.stab.excl)

.stab.exclstr
 *(.stab.exclstr)

.stab.index
 *(.stab.index)

.stab.indexstr
 *(.stab.indexstr)

.comment        0x00000000       0x11
 *(.comment)
 .comment       0x00000000       0x11 main.o
                                 0x12 (size before relaxing)
 .comment       0x00000000       0x12 start_screen.o
 .comment       0x00000000       0x12 screen.o
 .comment       0x00000000       0x12 lives.o
 .comment       0x00000000       0x12 score.o
 .comment       0x00000000       0x12 hero.o
 .comment       0x00000000       0x12 zombies.o
 .comment       0x00000000       0x12 ../teensy_graphics/libteensy_graphics.a(graphics.o)
 .comment       0x00000000       0x12 ../teensy_graphics/libteensy_graphics.a(lcd.o)
 .comment       0x00000000       0x12 ../teensy_graphics/libteensy_graphics.a(sprite.o)
 .comment       0x00000000       0x12 /usr/local/bin/../lib/gcc/avr/4.7.2/../../../../avr/lib/avr5/libc.a(rand.o)
 .comment       0x00000000       0x12 /usr/local/bin/../lib/gcc/avr/4.7.2/../../../../avr/lib/avr5/libc.a(sprintf.o)
 .comment       0x00000000       0x12 /usr/local/bin/../lib/gcc/avr/4.7.2/../../../../avr/lib/avr5/libc.a(vfprintf_std.o)
 .comment       0x00000000       0x12 /usr/local/bin/../lib/gcc/avr/4.7.2/../../../../avr/lib/avr5/libc.a(fputc.o)

.debug
 *(.debug)

.line
 *(.line)

.debug_srcinfo
 *(.debug_srcinfo)

.debug_sfnames
 *(.debug_sfnames)

.debug_aranges  0x00000000      0x410
 *(.debug_aranges)
 .debug_aranges
                0x00000000       0x28 main.o
 .debug_aranges
                0x00000028       0x28 start_screen.o
 .debug_aranges
                0x00000050       0x20 screen.o
 .debug_aranges
                0x00000070       0x28 lives.o
 .debug_aranges
                0x00000098       0x28 score.o
 .debug_aranges
                0x000000c0       0x30 hero.o
 .debug_aranges
                0x000000f0       0x50 zombies.o
 .debug_aranges
                0x00000140       0x48 ../teensy_graphics/libteensy_graphics.a(graphics.o)
 .debug_aranges
                0x00000188       0x48 ../teensy_graphics/libteensy_graphics.a(lcd.o)
 .debug_aranges
                0x000001d0       0x28 ../teensy_graphics/libteensy_graphics.a(sprite.o)
 .debug_aranges
                0x000001f8       0x20 /usr/local/bin/../lib/gcc/avr/4.7.2/avr5/libgcc.a(_divmodhi4.o)
 .debug_aranges
                0x00000218       0x20 /usr/local/bin/../lib/gcc/avr/4.7.2/avr5/libgcc.a(_exit.o)
 .debug_aranges
                0x00000238       0x20 /usr/local/bin/../lib/gcc/avr/4.7.2/avr5/libgcc.a(_copy_data.o)
 .debug_aranges
                0x00000258       0x20 /usr/local/bin/../lib/gcc/avr/4.7.2/avr5/libgcc.a(_clear_bss.o)
 .debug_aranges
                0x00000278       0x20 /usr/local/bin/../lib/gcc/avr/4.7.2/avr5/libgcc.a(_udivmodhi4.o)
 .debug_aranges
                0x00000298       0x38 /usr/local/bin/../lib/gcc/avr/4.7.2/../../../../avr/lib/avr5/libc.a(rand.o)
 .debug_aranges
                0x000002d0       0x20 /usr/local/bin/../lib/gcc/avr/4.7.2/../../../../avr/lib/avr5/libc.a(sprintf.o)
 .debug_aranges
                0x000002f0       0x20 /usr/local/bin/../lib/gcc/avr/4.7.2/../../../../avr/lib/avr5/libc.a(vfprintf_std.o)
 .debug_aranges
                0x00000310       0x20 /usr/local/bin/../lib/gcc/avr/4.7.2/../../../../avr/lib/avr5/libc.a(fputc.o)
 .debug_aranges
                0x00000330       0x20 /usr/local/bin/../lib/gcc/avr/4.7.2/avr5/libgcc.a(_divmodsi4.o)
 .debug_aranges
                0x00000350       0x20 /usr/local/bin/../lib/gcc/avr/4.7.2/avr5/libgcc.a(_muluhisi3.o)
 .debug_aranges
                0x00000370       0x20 /usr/local/bin/../lib/gcc/avr/4.7.2/avr5/libgcc.a(_mulshisi3.o)
 .debug_aranges
                0x00000390       0x20 /usr/local/bin/../lib/gcc/avr/4.7.2/avr5/libgcc.a(_prologue.o)
 .debug_aranges
                0x000003b0       0x20 /usr/local/bin/../lib/gcc/avr/4.7.2/avr5/libgcc.a(_epilogue.o)
 .debug_aranges
                0x000003d0       0x20 /usr/local/bin/../lib/gcc/avr/4.7.2/avr5/libgcc.a(_udivmodsi4.o)
 .debug_aranges
                0x000003f0       0x20 /usr/local/bin/../lib/gcc/avr/4.7.2/avr5/libgcc.a(_umulhisi3.o)

.debug_pubnames
 *(.debug_pubnames)

.debug_info     0x00000000     0x3695
 *(.debug_info)
 .debug_info    0x00000000      0x437 main.o
 .debug_info    0x00000437      0x451 start_screen.o
 .debug_info    0x00000888      0x262 screen.o
 .debug_info    0x00000aea      0x176 lives.o
 .debug_info    0x00000c60      0x177 score.o
 .debug_info    0x00000dd7      0x54b hero.o
 .debug_info    0x00001322      0x598 zombies.o
 .debug_info    0x000018ba      0x4de ../teensy_graphics/libteensy_graphics.a(graphics.o)
 .debug_info    0x00001d98      0x377 ../teensy_graphics/libteensy_graphics.a(lcd.o)
 .debug_info    0x0000210f      0x276 ../teensy_graphics/libteensy_graphics.a(sprite.o)
 .debug_info    0x00002385       0xbe /usr/local/bin/../lib/gcc/avr/4.7.2/avr5/libgcc.a(_divmodhi4.o)
 .debug_info    0x00002443       0xbe /usr/local/bin/../lib/gcc/avr/4.7.2/avr5/libgcc.a(_exit.o)
 .debug_info    0x00002501       0xbe /usr/local/bin/../lib/gcc/avr/4.7.2/avr5/libgcc.a(_copy_data.o)
 .debug_info    0x000025bf       0xbe /usr/local/bin/../lib/gcc/avr/4.7.2/avr5/libgcc.a(_clear_bss.o)
 .debug_info    0x0000267d       0xbe /usr/local/bin/../lib/gcc/avr/4.7.2/avr5/libgcc.a(_udivmodhi4.o)
 .debug_info    0x0000273b      0x15b /usr/local/bin/../lib/gcc/avr/4.7.2/../../../../avr/lib/avr5/libc.a(rand.o)
 .debug_info    0x00002896      0x208 /usr/local/bin/../lib/gcc/avr/4.7.2/../../../../avr/lib/avr5/libc.a(sprintf.o)
 .debug_info    0x00002a9e      0x54d /usr/local/bin/../lib/gcc/avr/4.7.2/../../../../avr/lib/avr5/libc.a(vfprintf_std.o)
 .debug_info    0x00002feb      0x178 /usr/local/bin/../lib/gcc/avr/4.7.2/../../../../avr/lib/avr5/libc.a(fputc.o)
 .debug_info    0x00003163       0xbe /usr/local/bin/../lib/gcc/avr/4.7.2/avr5/libgcc.a(_divmodsi4.o)
 .debug_info    0x00003221       0xbe /usr/local/bin/../lib/gcc/avr/4.7.2/avr5/libgcc.a(_muluhisi3.o)
 .debug_info    0x000032df       0xbe /usr/local/bin/../lib/gcc/avr/4.7.2/avr5/libgcc.a(_mulshisi3.o)
 .debug_info    0x0000339d       0xbe /usr/local/bin/../lib/gcc/avr/4.7.2/avr5/libgcc.a(_prologue.o)
 .debug_info    0x0000345b       0xbe /usr/local/bin/../lib/gcc/avr/4.7.2/avr5/libgcc.a(_epilogue.o)
 .debug_info    0x00003519       0xbe /usr/local/bin/../lib/gcc/avr/4.7.2/avr5/libgcc.a(_udivmodsi4.o)
 .debug_info    0x000035d7       0xbe /usr/local/bin/../lib/gcc/avr/4.7.2/avr5/libgcc.a(_umulhisi3.o)
 *(.gnu.linkonce.wi.*)

.debug_abbrev   0x00000000     0x1424
 *(.debug_abbrev)
 .debug_abbrev  0x00000000      0x1ca main.o
 .debug_abbrev  0x000001ca      0x154 start_screen.o
 .debug_abbrev  0x0000031e       0x8b screen.o
 .debug_abbrev  0x000003a9      0x119 lives.o
 .debug_abbrev  0x000004c2      0x11b score.o
 .debug_abbrev  0x000005dd      0x1ee hero.o
 .debug_abbrev  0x000007cb      0x214 zombies.o
 .debug_abbrev  0x000009df      0x21e ../teensy_graphics/libteensy_graphics.a(graphics.o)
 .debug_abbrev  0x00000bfd      0x13e ../teensy_graphics/libteensy_graphics.a(lcd.o)
 .debug_abbrev  0x00000d3b      0x12a ../teensy_graphics/libteensy_graphics.a(sprite.o)
 .debug_abbrev  0x00000e65       0x14 /usr/local/bin/../lib/gcc/avr/4.7.2/avr5/libgcc.a(_divmodhi4.o)
 .debug_abbrev  0x00000e79       0x14 /usr/local/bin/../lib/gcc/avr/4.7.2/avr5/libgcc.a(_exit.o)
 .debug_abbrev  0x00000e8d       0x14 /usr/local/bin/../lib/gcc/avr/4.7.2/avr5/libgcc.a(_copy_data.o)
 .debug_abbrev  0x00000ea1       0x14 /usr/local/bin/../lib/gcc/avr/4.7.2/avr5/libgcc.a(_clear_bss.o)
 .debug_abbrev  0x00000eb5       0x14 /usr/local/bin/../lib/gcc/avr/4.7.2/avr5/libgcc.a(_udivmodhi4.o)
 .debug_abbrev  0x00000ec9       0xd8 /usr/local/bin/../lib/gcc/avr/4.7.2/../../../../avr/lib/avr5/libc.a(rand.o)
 .debug_abbrev  0x00000fa1      0x12c /usr/local/bin/../lib/gcc/avr/4.7.2/../../../../avr/lib/avr5/libc.a(sprintf.o)
 .debug_abbrev  0x000010cd      0x1d8 /usr/local/bin/../lib/gcc/avr/4.7.2/../../../../avr/lib/avr5/libc.a(vfprintf_std.o)
 .debug_abbrev  0x000012a5       0xf3 /usr/local/bin/../lib/gcc/avr/4.7.2/../../../../avr/lib/avr5/libc.a(fputc.o)
 .debug_abbrev  0x00001398       0x14 /usr/local/bin/../lib/gcc/avr/4.7.2/avr5/libgcc.a(_divmodsi4.o)
 .debug_abbrev  0x000013ac       0x14 /usr/local/bin/../lib/gcc/avr/4.7.2/avr5/libgcc.a(_muluhisi3.o)
 .debug_abbrev  0x000013c0       0x14 /usr/local/bin/../lib/gcc/avr/4.7.2/avr5/libgcc.a(_mulshisi3.o)
 .debug_abbrev  0x000013d4       0x14 /usr/local/bin/../lib/gcc/avr/4.7.2/avr5/libgcc.a(_prologue.o)
 .debug_abbrev  0x000013e8       0x14 /usr/local/bin/../lib/gcc/avr/4.7.2/avr5/libgcc.a(_epilogue.o)
 .debug_abbrev  0x000013fc       0x14 /usr/local/bin/../lib/gcc/avr/4.7.2/avr5/libgcc.a(_udivmodsi4.o)
 .debug_abbrev  0x00001410       0x14 /usr/local/bin/../lib/gcc/avr/4.7.2/avr5/libgcc.a(_umulhisi3.o)

.debug_line     0x00000000     0x1382
 *(.debug_line)
 .debug_line    0x00000000      0x1ab main.o
 .debug_line    0x000001ab      0x125 start_screen.o
 .debug_line    0x000002d0       0x3e screen.o
 .debug_line    0x0000030e       0x55 lives.o
 .debug_line    0x00000363       0x55 score.o
 .debug_line    0x000003b8      0x1fd hero.o
 .debug_line    0x000005b5      0x122 zombies.o
 .debug_line    0x000006d7      0x1f6 ../teensy_graphics/libteensy_graphics.a(graphics.o)
 .debug_line    0x000008cd      0x124 ../teensy_graphics/libteensy_graphics.a(lcd.o)
 .debug_line    0x000009f1       0xb9 ../teensy_graphics/libteensy_graphics.a(sprite.o)
 .debug_line    0x00000aaa       0x69 /usr/local/bin/../lib/gcc/avr/4.7.2/avr5/libgcc.a(_divmodhi4.o)
 .debug_line    0x00000b13       0x58 /usr/local/bin/../lib/gcc/avr/4.7.2/avr5/libgcc.a(_exit.o)
 .debug_line    0x00000b6b       0x61 /usr/local/bin/../lib/gcc/avr/4.7.2/avr5/libgcc.a(_copy_data.o)
 .debug_line    0x00000bcc       0x5e /usr/local/bin/../lib/gcc/avr/4.7.2/avr5/libgcc.a(_clear_bss.o)
 .debug_line    0x00000c2a       0x6a /usr/local/bin/../lib/gcc/avr/4.7.2/avr5/libgcc.a(_udivmodhi4.o)
 .debug_line    0x00000c94       0x5b /usr/local/bin/../lib/gcc/avr/4.7.2/../../../../avr/lib/avr5/libc.a(rand.o)
 .debug_line    0x00000cef       0xd7 /usr/local/bin/../lib/gcc/avr/4.7.2/../../../../avr/lib/avr5/libc.a(sprintf.o)
 .debug_line    0x00000dc6      0x256 /usr/local/bin/../lib/gcc/avr/4.7.2/../../../../avr/lib/avr5/libc.a(vfprintf_std.o)
 .debug_line    0x0000101c       0x78 /usr/local/bin/../lib/gcc/avr/4.7.2/../../../../avr/lib/avr5/libc.a(fputc.o)
 .debug_line    0x00001094       0x71 /usr/local/bin/../lib/gcc/avr/4.7.2/avr5/libgcc.a(_divmodsi4.o)
 .debug_line    0x00001105       0x60 /usr/local/bin/../lib/gcc/avr/4.7.2/avr5/libgcc.a(_muluhisi3.o)
 .debug_line    0x00001165       0x5c /usr/local/bin/../lib/gcc/avr/4.7.2/avr5/libgcc.a(_mulshisi3.o)
 .debug_line    0x000011c1       0x74 /usr/local/bin/../lib/gcc/avr/4.7.2/avr5/libgcc.a(_prologue.o)
 .debug_line    0x00001235       0x73 /usr/local/bin/../lib/gcc/avr/4.7.2/avr5/libgcc.a(_epilogue.o)
 .debug_line    0x000012a8       0x78 /usr/local/bin/../lib/gcc/avr/4.7.2/avr5/libgcc.a(_udivmodsi4.o)
 .debug_line    0x00001320       0x62 /usr/local/bin/../lib/gcc/avr/4.7.2/avr5/libgcc.a(_umulhisi3.o)

.debug_frame    0x00000000      0x728
 *(.debug_frame)
 .debug_frame   0x00000000       0x4c main.o
 .debug_frame   0x0000004c       0x34 start_screen.o
 .debug_frame   0x00000080       0x24 screen.o
 .debug_frame   0x000000a4       0x4c lives.o
 .debug_frame   0x000000f0       0x4c score.o
 .debug_frame   0x0000013c       0xa0 hero.o
 .debug_frame   0x000001dc      0x128 zombies.o
 .debug_frame   0x00000304      0x15c ../teensy_graphics/libteensy_graphics.a(graphics.o)
 .debug_frame   0x00000460       0xb4 ../teensy_graphics/libteensy_graphics.a(lcd.o)
 .debug_frame   0x00000514       0xd8 ../teensy_graphics/libteensy_graphics.a(sprite.o)
 .debug_frame   0x000005ec       0x88 /usr/local/bin/../lib/gcc/avr/4.7.2/../../../../avr/lib/avr5/libc.a(rand.o)
 .debug_frame   0x00000674       0x30 /usr/local/bin/../lib/gcc/avr/4.7.2/../../../../avr/lib/avr5/libc.a(sprintf.o)
 .debug_frame   0x000006a4       0x4c /usr/local/bin/../lib/gcc/avr/4.7.2/../../../../avr/lib/avr5/libc.a(vfprintf_std.o)
 .debug_frame   0x000006f0       0x38 /usr/local/bin/../lib/gcc/avr/4.7.2/../../../../avr/lib/avr5/libc.a(fputc.o)

.debug_str      0x00000000      0x634
 *(.debug_str)
 .debug_str     0x00000000      0x20c main.o
                                0x26c (size before relaxing)
 .debug_str     0x0000020c       0x24 start_screen.o
                                0x175 (size before relaxing)
 .debug_str     0x00000230        0xa screen.o
                                 0x79 (size before relaxing)
 .debug_str     0x0000023a       0x1d lives.o
                                 0xa2 (size before relaxing)
 .debug_str     0x00000257        0xe score.o
                                 0xa7 (size before relaxing)
 .debug_str     0x00000265       0x55 hero.o
                                0x1e4 (size before relaxing)
 .debug_str     0x000002ba       0x74 zombies.o
                                0x1d3 (size before relaxing)
 .debug_str     0x0000032e      0x10d ../teensy_graphics/libteensy_graphics.a(graphics.o)
                                0x1d9 (size before relaxing)
 .debug_str     0x0000043b       0x35 ../teensy_graphics/libteensy_graphics.a(lcd.o)
                                0x17c (size before relaxing)
 .debug_str     0x00000470       0x23 ../teensy_graphics/libteensy_graphics.a(sprite.o)
                                0x16a (size before relaxing)
 .debug_str     0x00000493       0x97 /usr/local/bin/../lib/gcc/avr/4.7.2/../../../../avr/lib/avr5/libc.a(rand.o)
                                 0xd0 (size before relaxing)
 .debug_str     0x0000052a       0x66 /usr/local/bin/../lib/gcc/avr/4.7.2/../../../../avr/lib/avr5/libc.a(sprintf.o)
                                0x152 (size before relaxing)
 .debug_str     0x00000590       0x88 /usr/local/bin/../lib/gcc/avr/4.7.2/../../../../avr/lib/avr5/libc.a(vfprintf_std.o)
                                0x1c3 (size before relaxing)
 .debug_str     0x00000618       0x1c /usr/local/bin/../lib/gcc/avr/4.7.2/../../../../avr/lib/avr5/libc.a(fputc.o)
                                0x123 (size before relaxing)

.debug_loc      0x00000000     0x1fdf
 *(.debug_loc)
 .debug_loc     0x00000000      0x111 main.o
 .debug_loc     0x00000111       0x70 lives.o
 .debug_loc     0x00000181       0x70 score.o
 .debug_loc     0x000001f1      0x363 hero.o
 .debug_loc     0x00000554      0x3a8 zombies.o
 .debug_loc     0x000008fc      0x872 ../teensy_graphics/libteensy_graphics.a(graphics.o)
 .debug_loc     0x0000116e      0x238 ../teensy_graphics/libteensy_graphics.a(lcd.o)
 .debug_loc     0x000013a6      0x420 ../teensy_graphics/libteensy_graphics.a(sprite.o)
 .debug_loc     0x000017c6      0x1e8 /usr/local/bin/../lib/gcc/avr/4.7.2/../../../../avr/lib/avr5/libc.a(rand.o)
 .debug_loc     0x000019ae       0x21 /usr/local/bin/../lib/gcc/avr/4.7.2/../../../../avr/lib/avr5/libc.a(sprintf.o)
 .debug_loc     0x000019cf      0x51d /usr/local/bin/../lib/gcc/avr/4.7.2/../../../../avr/lib/avr5/libc.a(vfprintf_std.o)
 .debug_loc     0x00001eec       0xf3 /usr/local/bin/../lib/gcc/avr/4.7.2/../../../../avr/lib/avr5/libc.a(fputc.o)

.debug_macinfo
 *(.debug_macinfo)

.debug_pubtypes
 *(.debug_pubtypes)

.debug_ranges   0x00000000      0x1e0
 *(.debug_ranges)
 .debug_ranges  0x00000000       0x18 main.o
 .debug_ranges  0x00000018       0x18 start_screen.o
 .debug_ranges  0x00000030       0x10 screen.o
 .debug_ranges  0x00000040       0x18 lives.o
 .debug_ranges  0x00000058       0x18 score.o
 .debug_ranges  0x00000070       0x20 hero.o
 .debug_ranges  0x00000090       0x40 zombies.o
 .debug_ranges  0x000000d0       0x50 ../teensy_graphics/libteensy_graphics.a(graphics.o)
 .debug_ranges  0x00000120       0x38 ../teensy_graphics/libteensy_graphics.a(lcd.o)
 .debug_ranges  0x00000158       0x30 ../teensy_graphics/libteensy_graphics.a(sprite.o)
 .debug_ranges  0x00000188       0x28 /usr/local/bin/../lib/gcc/avr/4.7.2/../../../../avr/lib/avr5/libc.a(rand.o)
 .debug_ranges  0x000001b0       0x10 /usr/local/bin/../lib/gcc/avr/4.7.2/../../../../avr/lib/avr5/libc.a(sprintf.o)
 .debug_ranges  0x000001c0       0x10 /usr/local/bin/../lib/gcc/avr/4.7.2/../../../../avr/lib/avr5/libc.a(vfprintf_std.o)
 .debug_ranges  0x000001d0       0x10 /usr/local/bin/../lib/gcc/avr/4.7.2/../../../../avr/lib/avr5/libc.a(fputc.o)

.debug_macro
 *(.debug_macro)
OUTPUT(main.elf elf32-avr)
LOAD linker stubs

Cross Reference Table

Symbol                                            File
LCDCharacter                                      ../teensy_graphics/libteensy_graphics.a(lcd.o)
LCDClear                                          ../teensy_graphics/libteensy_graphics.a(lcd.o)
LCDInitialise                                     ../teensy_graphics/libteensy_graphics.a(lcd.o)
                                                  main.o
LCDPosition                                       ../teensy_graphics/libteensy_graphics.a(lcd.o)
                                                  ../teensy_graphics/libteensy_graphics.a(graphics.o)
LCDString                                         ../teensy_graphics/libteensy_graphics.a(lcd.o)
LCDWrite                                          ../teensy_graphics/libteensy_graphics.a(lcd.o)
                                                  ../teensy_graphics/libteensy_graphics.a(graphics.o)
__addsf3                                          /usr/local/bin/../lib/gcc/avr/4.7.2/../../../../avr/lib/avr5/libm.a(addsf3.o)
                                                  ../teensy_graphics/libteensy_graphics.a(sprite.o)
                                                  ../teensy_graphics/libteensy_graphics.a(graphics.o)
                                                  hero.o
__addsf3x                                         /usr/local/bin/../lib/gcc/avr/4.7.2/../../../../avr/lib/avr5/libm.a(addsf3x.o)
                                                  /usr/local/bin/../lib/gcc/avr/4.7.2/../../../../avr/lib/avr5/libm.a(addsf3.o)
__bad_interrupt                                   /usr/local/bin/../lib/gcc/avr/4.7.2/../../../../avr/lib/avr5/crtm32u4.o
__bss_end                                         /usr/local/bin/../lib/gcc/avr/4.7.2/avr5/libgcc.a(_clear_bss.o)
__bss_start                                       /usr/local/bin/../lib/gcc/avr/4.7.2/avr5/libgcc.a(_clear_bss.o)
__cmpsf2                                          /usr/local/bin/../lib/gcc/avr/4.7.2/../../../../avr/lib/avr5/libm.a(cmpsf2.o)
__data_end                                        /usr/local/bin/../lib/gcc/avr/4.7.2/avr5/libgcc.a(_copy_data.o)
__data_load_start                                 /usr/local/bin/../lib/gcc/avr/4.7.2/avr5/libgcc.a(_copy_data.o)
__data_start                                      /usr/local/bin/../lib/gcc/avr/4.7.2/avr5/libgcc.a(_copy_data.o)
__divmodhi4                                       /usr/local/bin/../lib/gcc/avr/4.7.2/avr5/libgcc.a(_divmodhi4.o)
                                                  zombies.o
__divmodsi4                                       /usr/local/bin/../lib/gcc/avr/4.7.2/avr5/libgcc.a(_divmodsi4.o)
                                                  /usr/local/bin/../lib/gcc/avr/4.7.2/../../../../avr/lib/avr5/libc.a(rand.o)
__divsf3                                          /usr/local/bin/../lib/gcc/avr/4.7.2/../../../../avr/lib/avr5/libm.a(divsf3.o)
                                                  ../teensy_graphics/libteensy_graphics.a(graphics.o)
__divsf3_pse                                      /usr/local/bin/../lib/gcc/avr/4.7.2/../../../../avr/lib/avr5/libm.a(divsf3x.o)
__divsf3x                                         /usr/local/bin/../lib/gcc/avr/4.7.2/../../../../avr/lib/avr5/libm.a(divsf3x.o)
                                                  /usr/local/bin/../lib/gcc/avr/4.7.2/../../../../avr/lib/avr5/libm.a(divsf3.o)
__do_clear_bss                                    /usr/local/bin/../lib/gcc/avr/4.7.2/avr5/libgcc.a(_clear_bss.o)
                                                  ../teensy_graphics/libteensy_graphics.a(graphics.o)
                                                  zombies.o
                                                  hero.o
                                                  score.o
                                                  lives.o
                                                  main.o
__do_copy_data                                    /usr/local/bin/../lib/gcc/avr/4.7.2/avr5/libgcc.a(_copy_data.o)
                                                  /usr/local/bin/../lib/gcc/avr/4.7.2/../../../../avr/lib/avr5/libc.a(rand.o)
                                                  zombies.o
                                                  hero.o
                                                  score.o
                                                  lives.o
                                                  start_screen.o
                                                  main.o
__epilogue_restores__                             /usr/local/bin/../lib/gcc/avr/4.7.2/avr5/libgcc.a(_epilogue.o)
                                                  /usr/local/bin/../lib/gcc/avr/4.7.2/../../../../avr/lib/avr5/libc.a(vfprintf_std.o)
                                                  /usr/local/bin/../lib/gcc/avr/4.7.2/../../../../avr/lib/avr5/libc.a(sprintf.o)
__eqsf2                                           /usr/local/bin/../lib/gcc/avr/4.7.2/../../../../avr/lib/avr5/libm.a(cmpsf2.o)
                                                  hero.o
__fixunssfsi                                      /usr/local/bin/../lib/gcc/avr/4.7.2/../../../../avr/lib/avr5/libm.a(fixunssfsi.o)
                                                  ../teensy_graphics/libteensy_graphics.a(sprite.o)
__floatsisf                                       /usr/local/bin/../lib/gcc/avr/4.7.2/../../../../avr/lib/avr5/libm.a(floatsisf.o)
                                                  ../teensy_graphics/libteensy_graphics.a(sprite.o)
                                                  ../teensy_graphics/libteensy_graphics.a(graphics.o)
                                                  hero.o
__floatunsisf                                     /usr/local/bin/../lib/gcc/avr/4.7.2/../../../../avr/lib/avr5/libm.a(floatsisf.o)
                                                  ../teensy_graphics/libteensy_graphics.a(sprite.o)
                                                  ../teensy_graphics/libteensy_graphics.a(graphics.o)
__fp_cmp                                          /usr/local/bin/../lib/gcc/avr/4.7.2/../../../../avr/lib/avr5/libm.a(fp_cmp.o)
                                                  /usr/local/bin/../lib/gcc/avr/4.7.2/../../../../avr/lib/avr5/libm.a(gesf2.o)
                                                  /usr/local/bin/../lib/gcc/avr/4.7.2/../../../../avr/lib/avr5/libm.a(cmpsf2.o)
__fp_inf                                          /usr/local/bin/../lib/gcc/avr/4.7.2/../../../../avr/lib/avr5/libm.a(fp_inf.o)
                                                  /usr/local/bin/../lib/gcc/avr/4.7.2/../../../../avr/lib/avr5/libm.a(mulsf3x.o)
                                                  /usr/local/bin/../lib/gcc/avr/4.7.2/../../../../avr/lib/avr5/libm.a(divsf3x.o)
                                                  /usr/local/bin/../lib/gcc/avr/4.7.2/../../../../avr/lib/avr5/libm.a(addsf3x.o)
__fp_nan                                          /usr/local/bin/../lib/gcc/avr/4.7.2/../../../../avr/lib/avr5/libm.a(fp_nan.o)
                                                  /usr/local/bin/../lib/gcc/avr/4.7.2/../../../../avr/lib/avr5/libm.a(mulsf3x.o)
                                                  /usr/local/bin/../lib/gcc/avr/4.7.2/../../../../avr/lib/avr5/libm.a(divsf3x.o)
                                                  /usr/local/bin/../lib/gcc/avr/4.7.2/../../../../avr/lib/avr5/libm.a(addsf3x.o)
__fp_pscA                                         /usr/local/bin/../lib/gcc/avr/4.7.2/../../../../avr/lib/avr5/libm.a(fp_pscA.o)
                                                  /usr/local/bin/../lib/gcc/avr/4.7.2/../../../../avr/lib/avr5/libm.a(mulsf3x.o)
                                                  /usr/local/bin/../lib/gcc/avr/4.7.2/../../../../avr/lib/avr5/libm.a(divsf3x.o)
                                                  /usr/local/bin/../lib/gcc/avr/4.7.2/../../../../avr/lib/avr5/libm.a(addsf3x.o)
__fp_pscB                                         /usr/local/bin/../lib/gcc/avr/4.7.2/../../../../avr/lib/avr5/libm.a(fp_pscB.o)
                                                  /usr/local/bin/../lib/gcc/avr/4.7.2/../../../../avr/lib/avr5/libm.a(mulsf3x.o)
                                                  /usr/local/bin/../lib/gcc/avr/4.7.2/../../../../avr/lib/avr5/libm.a(divsf3x.o)
                                                  /usr/local/bin/../lib/gcc/avr/4.7.2/../../../../avr/lib/avr5/libm.a(addsf3x.o)
__fp_round                                        /usr/local/bin/../lib/gcc/avr/4.7.2/../../../../avr/lib/avr5/libm.a(fp_round.o)
                                                  /usr/local/bin/../lib/gcc/avr/4.7.2/../../../../avr/lib/avr5/libm.a(mulsf3.o)
                                                  /usr/local/bin/../lib/gcc/avr/4.7.2/../../../../avr/lib/avr5/libm.a(divsf3.o)
                                                  /usr/local/bin/../lib/gcc/avr/4.7.2/../../../../avr/lib/avr5/libm.a(addsf3.o)
__fp_split3                                       /usr/local/bin/../lib/gcc/avr/4.7.2/../../../../avr/lib/avr5/libm.a(fp_split3.o)
                                                  /usr/local/bin/../lib/gcc/avr/4.7.2/../../../../avr/lib/avr5/libm.a(mulsf3x.o)
                                                  /usr/local/bin/../lib/gcc/avr/4.7.2/../../../../avr/lib/avr5/libm.a(divsf3x.o)
                                                  /usr/local/bin/../lib/gcc/avr/4.7.2/../../../../avr/lib/avr5/libm.a(addsf3x.o)
__fp_splitA                                       /usr/local/bin/../lib/gcc/avr/4.7.2/../../../../avr/lib/avr5/libm.a(fp_split3.o)
                                                  /usr/local/bin/../lib/gcc/avr/4.7.2/../../../../avr/lib/avr5/libm.a(fixunssfsi.o)
__fp_szero                                        /usr/local/bin/../lib/gcc/avr/4.7.2/../../../../avr/lib/avr5/libm.a(fp_zero.o)
                                                  /usr/local/bin/../lib/gcc/avr/4.7.2/../../../../avr/lib/avr5/libm.a(mulsf3x.o)
                                                  /usr/local/bin/../lib/gcc/avr/4.7.2/../../../../avr/lib/avr5/libm.a(divsf3x.o)
__fp_zero                                         /usr/local/bin/../lib/gcc/avr/4.7.2/../../../../avr/lib/avr5/libm.a(fp_zero.o)
                                                  /usr/local/bin/../lib/gcc/avr/4.7.2/../../../../avr/lib/avr5/libm.a(fixunssfsi.o)
                                                  /usr/local/bin/../lib/gcc/avr/4.7.2/../../../../avr/lib/avr5/libm.a(addsf3x.o)
__gesf2                                           /usr/local/bin/../lib/gcc/avr/4.7.2/../../../../avr/lib/avr5/libm.a(gesf2.o)
                                                  ../teensy_graphics/libteensy_graphics.a(sprite.o)
                                                  ../teensy_graphics/libteensy_graphics.a(graphics.o)
                                                  hero.o
__gtsf2                                           /usr/local/bin/../lib/gcc/avr/4.7.2/../../../../avr/lib/avr5/libm.a(gesf2.o)
                                                  ../teensy_graphics/libteensy_graphics.a(graphics.o)
__heap_end                                        /usr/local/bin/../lib/gcc/avr/4.7.2/../../../../avr/lib/avr5/crtm32u4.o
__init                                            /usr/local/bin/../lib/gcc/avr/4.7.2/../../../../avr/lib/avr5/crtm32u4.o
__lesf2                                           /usr/local/bin/../lib/gcc/avr/4.7.2/../../../../avr/lib/avr5/libm.a(cmpsf2.o)
                                                  ../teensy_graphics/libteensy_graphics.a(graphics.o)
__ltsf2                                           /usr/local/bin/../lib/gcc/avr/4.7.2/../../../../avr/lib/avr5/libm.a(cmpsf2.o)
                                                  ../teensy_graphics/libteensy_graphics.a(sprite.o)
                                                  ../teensy_graphics/libteensy_graphics.a(graphics.o)
                                                  hero.o
__mulohisi3                                       /usr/local/bin/../lib/gcc/avr/4.7.2/avr5/libgcc.a(_mulshisi3.o)
                                                  /usr/local/bin/../lib/gcc/avr/4.7.2/../../../../avr/lib/avr5/libc.a(rand.o)
__mulsf3                                          /usr/local/bin/../lib/gcc/avr/4.7.2/../../../../avr/lib/avr5/libm.a(mulsf3.o)
                                                  ../teensy_graphics/libteensy_graphics.a(graphics.o)
__mulsf3_pse                                      /usr/local/bin/../lib/gcc/avr/4.7.2/../../../../avr/lib/avr5/libm.a(mulsf3x.o)
__mulsf3x                                         /usr/local/bin/../lib/gcc/avr/4.7.2/../../../../avr/lib/avr5/libm.a(mulsf3x.o)
                                                  /usr/local/bin/../lib/gcc/avr/4.7.2/../../../../avr/lib/avr5/libm.a(mulsf3.o)
__mulshisi3                                       /usr/local/bin/../lib/gcc/avr/4.7.2/avr5/libgcc.a(_mulshisi3.o)
__muluhisi3                                       /usr/local/bin/../lib/gcc/avr/4.7.2/avr5/libgcc.a(_muluhisi3.o)
                                                  /usr/local/bin/../lib/gcc/avr/4.7.2/avr5/libgcc.a(_mulshisi3.o)
                                                  /usr/local/bin/../lib/gcc/avr/4.7.2/../../../../avr/lib/avr5/libc.a(rand.o)
__nesf2                                           /usr/local/bin/../lib/gcc/avr/4.7.2/../../../../avr/lib/avr5/libm.a(cmpsf2.o)
__prologue_saves__                                /usr/local/bin/../lib/gcc/avr/4.7.2/avr5/libgcc.a(_prologue.o)
                                                  /usr/local/bin/../lib/gcc/avr/4.7.2/../../../../avr/lib/avr5/libc.a(vfprintf_std.o)
                                                  /usr/local/bin/../lib/gcc/avr/4.7.2/../../../../avr/lib/avr5/libc.a(sprintf.o)
__stack                                           /usr/local/bin/../lib/gcc/avr/4.7.2/../../../../avr/lib/avr5/crtm32u4.o
__subsf3                                          /usr/local/bin/../lib/gcc/avr/4.7.2/../../../../avr/lib/avr5/libm.a(addsf3.o)
                                                  ../teensy_graphics/libteensy_graphics.a(graphics.o)
                                                  hero.o
__udivmodhi4                                      /usr/local/bin/../lib/gcc/avr/4.7.2/avr5/libgcc.a(_udivmodhi4.o)
                                                  /usr/local/bin/../lib/gcc/avr/4.7.2/avr5/libgcc.a(_divmodhi4.o)
__udivmodsi4                                      /usr/local/bin/../lib/gcc/avr/4.7.2/avr5/libgcc.a(_udivmodsi4.o)
                                                  /usr/local/bin/../lib/gcc/avr/4.7.2/avr5/libgcc.a(_divmodsi4.o)
__ultoa_invert                                    /usr/local/bin/../lib/gcc/avr/4.7.2/../../../../avr/lib/avr5/libc.a(ultoa_invert.o)
                                                  /usr/local/bin/../lib/gcc/avr/4.7.2/../../../../avr/lib/avr5/libc.a(vfprintf_std.o)
__umulhisi3                                       /usr/local/bin/../lib/gcc/avr/4.7.2/avr5/libgcc.a(_umulhisi3.o)
                                                  /usr/local/bin/../lib/gcc/avr/4.7.2/avr5/libgcc.a(_muluhisi3.o)
__vector_1                                        /usr/local/bin/../lib/gcc/avr/4.7.2/../../../../avr/lib/avr5/crtm32u4.o
__vector_10                                       /usr/local/bin/../lib/gcc/avr/4.7.2/../../../../avr/lib/avr5/crtm32u4.o
__vector_11                                       /usr/local/bin/../lib/gcc/avr/4.7.2/../../../../avr/lib/avr5/crtm32u4.o
__vector_12                                       /usr/local/bin/../lib/gcc/avr/4.7.2/../../../../avr/lib/avr5/crtm32u4.o
__vector_13                                       /usr/local/bin/../lib/gcc/avr/4.7.2/../../../../avr/lib/avr5/crtm32u4.o
__vector_14                                       /usr/local/bin/../lib/gcc/avr/4.7.2/../../../../avr/lib/avr5/crtm32u4.o
__vector_15                                       /usr/local/bin/../lib/gcc/avr/4.7.2/../../../../avr/lib/avr5/crtm32u4.o
__vector_16                                       /usr/local/bin/../lib/gcc/avr/4.7.2/../../../../avr/lib/avr5/crtm32u4.o
__vector_17                                       /usr/local/bin/../lib/gcc/avr/4.7.2/../../../../avr/lib/avr5/crtm32u4.o
__vector_18                                       /usr/local/bin/../lib/gcc/avr/4.7.2/../../../../avr/lib/avr5/crtm32u4.o
__vector_19                                       /usr/local/bin/../lib/gcc/avr/4.7.2/../../../../avr/lib/avr5/crtm32u4.o
__vector_2                                        /usr/local/bin/../lib/gcc/avr/4.7.2/../../../../avr/lib/avr5/crtm32u4.o
__vector_20                                       /usr/local/bin/../lib/gcc/avr/4.7.2/../../../../avr/lib/avr5/crtm32u4.o
__vector_21                                       /usr/local/bin/../lib/gcc/avr/4.7.2/../../../../avr/lib/avr5/crtm32u4.o
__vector_22                                       /usr/local/bin/../lib/gcc/avr/4.7.2/../../../../avr/lib/avr5/crtm32u4.o
__vector_23                                       /usr/local/bin/../lib/gcc/avr/4.7.2/../../../../avr/lib/avr5/crtm32u4.o
__vector_24                                       /usr/local/bin/../lib/gcc/avr/4.7.2/../../../../avr/lib/avr5/crtm32u4.o
__vector_25                                       /usr/local/bin/../lib/gcc/avr/4.7.2/../../../../avr/lib/avr5/crtm32u4.o
__vector_26                                       /usr/local/bin/../lib/gcc/avr/4.7.2/../../../../avr/lib/avr5/crtm32u4.o
__vector_27                                       /usr/local/bin/../lib/gcc/avr/4.7.2/../../../../avr/lib/avr5/crtm32u4.o
__vector_28                                       /usr/local/bin/../lib/gcc/avr/4.7.2/../../../../avr/lib/avr5/crtm32u4.o
__vector_29                                       /usr/local/bin/../lib/gcc/avr/4.7.2/../../../../avr/lib/avr5/crtm32u4.o
__vector_3                                        /usr/local/bin/../lib/gcc/avr/4.7.2/../../../../avr/lib/avr5/crtm32u4.o
__vector_30                                       /usr/local/bin/../lib/gcc/avr/4.7.2/../../../../avr/lib/avr5/crtm32u4.o
__vector_31                                       /usr/local/bin/../lib/gcc/avr/4.7.2/../../../../avr/lib/avr5/crtm32u4.o
__vector_32                                       /usr/local/bin/../lib/gcc/avr/4.7.2/../../../../avr/lib/avr5/crtm32u4.o
__vector_33                                       /usr/local/bin/../lib/gcc/avr/4.7.2/../../../../avr/lib/avr5/crtm32u4.o
__vector_34                                       /usr/local/bin/../lib/gcc/avr/4.7.2/../../../../avr/lib/avr5/crtm32u4.o
__vector_35                                       /usr/local/bin/../lib/gcc/avr/4.7.2/../../../../avr/lib/avr5/crtm32u4.o
__vector_36                                       /usr/local/bin/../lib/gcc/avr/4.7.2/../../../../avr/lib/avr5/crtm32u4.o
__vector_37                                       /usr/local/bin/../lib/gcc/avr/4.7.2/../../../../avr/lib/avr5/crtm32u4.o
__vector_38                                       /usr/local/bin/../lib/gcc/avr/4.7.2/../../../../avr/lib/avr5/crtm32u4.o
__vector_39                                       /usr/local/bin/../lib/gcc/avr/4.7.2/../../../../avr/lib/avr5/crtm32u4.o
__vector_4                                        /usr/local/bin/../lib/gcc/avr/4.7.2/../../../../avr/lib/avr5/crtm32u4.o
__vector_40                                       /usr/local/bin/../lib/gcc/avr/4.7.2/../../../../avr/lib/avr5/crtm32u4.o
__vector_41                                       /usr/local/bin/../lib/gcc/avr/4.7.2/../../../../avr/lib/avr5/crtm32u4.o
__vector_42                                       /usr/local/bin/../lib/gcc/avr/4.7.2/../../../../avr/lib/avr5/crtm32u4.o
__vector_5                                        /usr/local/bin/../lib/gcc/avr/4.7.2/../../../../avr/lib/avr5/crtm32u4.o
__vector_6                                        /usr/local/bin/../lib/gcc/avr/4.7.2/../../../../avr/lib/avr5/crtm32u4.o
__vector_7                                        /usr/local/bin/../lib/gcc/avr/4.7.2/../../../../avr/lib/avr5/crtm32u4.o
__vector_8                                        /usr/local/bin/../lib/gcc/avr/4.7.2/../../../../avr/lib/avr5/crtm32u4.o
__vector_9                                        /usr/local/bin/../lib/gcc/avr/4.7.2/../../../../avr/lib/avr5/crtm32u4.o
__vector_default                                  /usr/local/bin/../lib/gcc/avr/4.7.2/../../../../avr/lib/avr5/crtm32u4.o
__vectors                                         /usr/local/bin/../lib/gcc/avr/4.7.2/../../../../avr/lib/avr5/crtm32u4.o
_div                                              /usr/local/bin/../lib/gcc/avr/4.7.2/avr5/libgcc.a(_divmodhi4.o)
_exit                                             /usr/local/bin/../lib/gcc/avr/4.7.2/avr5/libgcc.a(_exit.o)
bitmap1                                           zombies.o
bitmap_hero                                       hero.o
clear                                             ../teensy_graphics/libteensy_graphics.a(graphics.o)
                                                  start_screen.o
                                                  main.o
draw_character                                    ../teensy_graphics/libteensy_graphics.a(graphics.o)
draw_line                                         ../teensy_graphics/libteensy_graphics.a(graphics.o)
                                                  screen.o
draw_sprite                                       ../teensy_graphics/libteensy_graphics.a(sprite.o)
                                                  zombies.o
                                                  hero.o
draw_string                                       ../teensy_graphics/libteensy_graphics.a(graphics.o)
                                                  score.o
                                                  lives.o
                                                  start_screen.o
                                                  main.o
draw_zombies                                      zombies.o
exit                                              /usr/local/bin/../lib/gcc/avr/4.7.2/avr5/libgcc.a(_exit.o)
                                                  /usr/local/bin/../lib/gcc/avr/4.7.2/../../../../avr/lib/avr5/crtm32u4.o
fputc                                             /usr/local/bin/../lib/gcc/avr/4.7.2/../../../../avr/lib/avr5/libc.a(fputc.o)
                                                  /usr/local/bin/../lib/gcc/avr/4.7.2/../../../../avr/lib/avr5/libc.a(vfprintf_std.o)
game_countdown                                    start_screen.o
hero                                              hero.o
                                                  main.o
hero_prt                                          hero.o
init_sprite                                       ../teensy_graphics/libteensy_graphics.a(sprite.o)
                                                  zombies.o
                                                  hero.o
l                                                 lives.o
lives                                             lives.o
                                                  main.o
lives_setup                                       lives.o
                                                  main.o
main                                              main.o
                                                  /usr/local/bin/../lib/gcc/avr/4.7.2/../../../../avr/lib/avr5/crtm32u4.o
move_hero                                         hero.o
px                                                hero.o
py                                                hero.o
rand                                              /usr/local/bin/../lib/gcc/avr/4.7.2/../../../../avr/lib/avr5/libc.a(rand.o)
                                                  zombies.o
rand_r                                            /usr/local/bin/../lib/gcc/avr/4.7.2/../../../../avr/lib/avr5/libc.a(rand.o)
randx                                             zombies.o
randy                                             zombies.o
refresh                                           ../teensy_graphics/libteensy_graphics.a(graphics.o)
                                                  start_screen.o
                                                  main.o
s                                                 score.o
score                                             score.o
score_setup                                       score.o
                                                  main.o
screenBuffer                                      ../teensy_graphics/libteensy_graphics.a(graphics.o)
screen_lines                                      screen.o
                                                  main.o
section_selector                                  zombies.o
set_pixel                                         ../teensy_graphics/libteensy_graphics.a(graphics.o)
                                                  ../teensy_graphics/libteensy_graphics.a(sprite.o)
setup_device                                      main.o
setup_start_screen                                start_screen.o
                                                  main.o
setup_zombies                                     zombies.o
sprintf                                           /usr/local/bin/../lib/gcc/avr/4.7.2/../../../../avr/lib/avr5/libc.a(sprintf.o)
                                                  score.o
                                                  lives.o
srand                                             /usr/local/bin/../lib/gcc/avr/4.7.2/../../../../avr/lib/avr5/libc.a(rand.o)
start_hero                                        hero.o
                                                  main.o
start_zombies                                     zombies.o
                                                  main.o
strnlen                                           /usr/local/bin/../lib/gcc/avr/4.7.2/../../../../avr/lib/avr5/libc.a(strnlen.o)
                                                  /usr/local/bin/../lib/gcc/avr/4.7.2/../../../../avr/lib/avr5/libc.a(vfprintf_std.o)
strnlen_P                                         /usr/local/bin/../lib/gcc/avr/4.7.2/../../../../avr/lib/avr5/libc.a(strnlen_P.o)
                                                  /usr/local/bin/../lib/gcc/avr/4.7.2/../../../../avr/lib/avr5/libc.a(vfprintf_std.o)
update_hero                                       hero.o
                                                  main.o
update_lives                                      lives.o
update_one_zombie                                 zombies.o
update_score_time                                 score.o
                                                  main.o
update_zombies                                    zombies.o
                                                  main.o
vfprintf                                          /usr/local/bin/../lib/gcc/avr/4.7.2/../../../../avr/lib/avr5/libc.a(vfprintf_std.o)
                                                  /usr/local/bin/../lib/gcc/avr/4.7.2/../../../../avr/lib/avr5/libc.a(sprintf.o)
z                                                 zombies.o
                                                  hero.o
                                                  main.o
zombie_updater                                    zombies.o
                                                  main.o
zombies                                           zombies.o
                                                  hero.o
                                                  main.o
