   1               		.file	"main.c"
   2               	__SP_H__ = 0x3e
   3               	__SP_L__ = 0x3d
   4               	__SREG__ = 0x3f
   5               	__tmp_reg__ = 0
   6               	__zero_reg__ = 1
   7               		.text
   8               	.Ltext0:
   9               		.cfi_sections	.debug_frame
  10               		.section	.text.startup.main,"ax",@progbits
  11               	.global	main
  13               	main:
  14               	.LFB7:
  15               		.file 1 "main.c"
   1:main.c        **** /*
   2:main.c        ****  * main.c
   3:main.c        ****  *
   4:main.c        ****  *  Created on: 8 May 2015
   5:main.c        ****  *      Author: Jai Spicer
   6:main.c        ****  */
   7:main.c        **** 
   8:main.c        **** #include <util/delay.h>
   9:main.c        **** 
  10:main.c        **** #include "graphics.h"
  11:main.c        **** #include "friendly_ports.h"
  12:main.c        **** #include "cpu_speed.h"
  13:main.c        **** #include "byte.h"
  14:main.c        **** #include "sprite.h"
  15:main.c        **** 
  16:main.c        **** #include "start_screen.h"
  17:main.c        **** #include "screen.h"
  18:main.c        **** #include "lives.h"
  19:main.c        **** #include "score.h"
  20:main.c        **** #include "hero.h"
  21:main.c        **** #include "zombies.h"
  22:main.c        **** 
  23:main.c        **** int main() {
  16               		.loc 1 23 0
  17               		.cfi_startproc
  18               	/* prologue: function */
  19               	/* frame size = 0 */
  20               	/* stack size = 0 */
  21               	.L__stack_usage = 0
  24:main.c        **** 	LCDInitialise(LCD_DEFAULT_CONTRAST);
  22               		.loc 1 24 0
  23 0000 8FE3      		ldi r24,lo8(63)
  24 0002 0E94 0000 		call LCDInitialise
  25               	.LVL0:
  25:main.c        **** 	clear();
  26               		.loc 1 25 0
  27 0006 0E94 0000 		call clear
  28               	.LVL1:
  26:main.c        **** //	setup_device();
  27:main.c        **** 	setup_start_screen();
  29               		.loc 1 27 0
  30 000a 0E94 0000 		call setup_start_screen
  31               	.LVL2:
  28:main.c        **** 	screen_lines();
  32               		.loc 1 28 0
  33 000e 0E94 0000 		call screen_lines
  34               	.LVL3:
  29:main.c        **** 	lives_setup();
  35               		.loc 1 29 0
  36 0012 0E94 0000 		call lives_setup
  37               	.LVL4:
  30:main.c        **** 	score_setup();
  38               		.loc 1 30 0
  39 0016 0E94 0000 		call score_setup
  40               	.LVL5:
  31:main.c        **** 	start_hero();
  41               		.loc 1 31 0
  42 001a 0E94 0000 		call start_hero
  43               	.LVL6:
  32:main.c        **** 	zombies_start();
  44               		.loc 1 32 0
  45 001e 0E94 0000 		call zombies_start
  46               	.LVL7:
  33:main.c        **** 
  34:main.c        **** 	refresh();
  47               		.loc 1 34 0
  48 0022 0E94 0000 		call refresh
  49               	.LVL8:
  35:main.c        **** 	return 0;
  36:main.c        **** 
  37:main.c        **** }
  50               		.loc 1 37 0
  51 0026 80E0      		ldi r24,0
  52 0028 90E0      		ldi r25,0
  53 002a 0895      		ret
  54               		.cfi_endproc
  55               	.LFE7:
  57               		.section	.text.setup_device,"ax",@progbits
  58               	.global	setup_device
  60               	setup_device:
  61               	.LFB8:
  38:main.c        **** 
  39:main.c        **** void setup_device() {
  62               		.loc 1 39 0
  63               		.cfi_startproc
  64               	/* prologue: function */
  65               	/* frame size = 0 */
  66               	/* stack size = 0 */
  67               	.L__stack_usage = 0
  40:main.c        **** 	set_clock_speed( CPU_8MHz );
  68               		.loc 1 40 0
  69 0000 E1E6      		ldi r30,lo8(97)
  70 0002 F0E0      		ldi r31,0
  71 0004 80E8      		ldi r24,lo8(-128)
  72 0006 8083      		st Z,r24
  73 0008 81E0      		ldi r24,lo8(1)
  74 000a 8083      		st Z,r24
  41:main.c        **** 
  42:main.c        **** 	DDRB = ( LED0 | LED1 ) & ~( SW0 | SW1 ); // Output to LEDs, input from switches.
  75               		.loc 1 42 0
  76 000c 8CE0      		ldi r24,lo8(12)
  77 000e 84B9      		out 0x4,r24
  43:main.c        **** 	DDRD = LED2; // Turn on the little yellow LED.
  78               		.loc 1 43 0
  79 0010 80E4      		ldi r24,lo8(64)
  80 0012 8AB9      		out 0xa,r24
  44:main.c        **** 
  45:main.c        **** 	// Turn everything off to start with
  46:main.c        **** 	PORTB = 0x00;
  81               		.loc 1 46 0
  82 0014 15B8      		out 0x5,__zero_reg__
  47:main.c        **** 	PORTD = 0x00;
  83               		.loc 1 47 0
  84 0016 1BB8      		out 0xb,__zero_reg__
  85 0018 0895      		ret
  86               		.cfi_endproc
  87               	.LFE8:
  89               		.text
  90               	.Letext0:
  91               		.file 2 "../teensy_graphics/graphics.h"
  92               		.file 3 "start_screen.h"
  93               		.file 4 "screen.h"
  94               		.file 5 "lives.h"
  95               		.file 6 "score.h"
  96               		.file 7 "hero.h"
  97               		.file 8 "zombies.h"
  98               		.file 9 "/usr/local/bin/../lib/gcc/avr/4.7.2/../../../../avr/include/stdint.h"
  99               		.file 10 "../teensy_graphics/ascii_font.h"
 100               		.file 11 "../teensy_graphics/lcd.h"
DEFINED SYMBOLS
                            *ABS*:00000000 main.c
/var/folders/dz/7l40hrmj72997lgmj3pdxb_m0000gn/T//cceOzHTu.s:2      *ABS*:0000003e __SP_H__
/var/folders/dz/7l40hrmj72997lgmj3pdxb_m0000gn/T//cceOzHTu.s:3      *ABS*:0000003d __SP_L__
/var/folders/dz/7l40hrmj72997lgmj3pdxb_m0000gn/T//cceOzHTu.s:4      *ABS*:0000003f __SREG__
/var/folders/dz/7l40hrmj72997lgmj3pdxb_m0000gn/T//cceOzHTu.s:5      *ABS*:00000000 __tmp_reg__
/var/folders/dz/7l40hrmj72997lgmj3pdxb_m0000gn/T//cceOzHTu.s:6      *ABS*:00000001 __zero_reg__
/var/folders/dz/7l40hrmj72997lgmj3pdxb_m0000gn/T//cceOzHTu.s:13     .text.startup.main:00000000 main
/var/folders/dz/7l40hrmj72997lgmj3pdxb_m0000gn/T//cceOzHTu.s:60     .text.setup_device:00000000 setup_device

UNDEFINED SYMBOLS
LCDInitialise
clear
setup_start_screen
screen_lines
lives_setup
score_setup
start_hero
zombies_start
refresh
