   1               		.file	"screen.c"
   2               	__SP_H__ = 0x3e
   3               	__SP_L__ = 0x3d
   4               	__SREG__ = 0x3f
   5               	__tmp_reg__ = 0
   6               	__zero_reg__ = 1
   7               		.text
   8               	.Ltext0:
   9               		.cfi_sections	.debug_frame
  10               		.section	.text.screen_lines,"ax",@progbits
  11               	.global	screen_lines
  13               	screen_lines:
  14               	.LFB0:
  15               		.file 1 "screen.c"
   1:screen.c      **** /*
   2:screen.c      ****  * screen.c
   3:screen.c      ****  *
   4:screen.c      ****  *  Created on: 9 May 2015
   5:screen.c      ****  *      Author: Jai Spicer
   6:screen.c      ****  */
   7:screen.c      **** 
   8:screen.c      **** #include "screen.h"
   9:screen.c      **** 
  10:screen.c      **** void screen_lines() {
  16               		.loc 1 10 0
  17               		.cfi_startproc
  18               	/* prologue: function */
  19               	/* frame size = 0 */
  20               	/* stack size = 0 */
  21               	.L__stack_usage = 0
  11:screen.c      **** 	draw_line(0,0,0,47); // Left Line
  22               		.loc 1 11 0
  23 0000 2FE2      		ldi r18,lo8(47)
  24 0002 30E0      		ldi r19,0
  25 0004 40E0      		ldi r20,0
  26 0006 50E0      		ldi r21,0
  27 0008 60E0      		ldi r22,0
  28 000a 70E0      		ldi r23,0
  29 000c 80E0      		ldi r24,0
  30 000e 90E0      		ldi r25,0
  31 0010 0E94 0000 		call draw_line
  32               	.LVL0:
  12:screen.c      **** 	draw_line(83,0,83,47); // Right Line
  33               		.loc 1 12 0
  34 0014 2FE2      		ldi r18,lo8(47)
  35 0016 30E0      		ldi r19,0
  36 0018 43E5      		ldi r20,lo8(83)
  37 001a 50E0      		ldi r21,0
  38 001c 60E0      		ldi r22,0
  39 001e 70E0      		ldi r23,0
  40 0020 83E5      		ldi r24,lo8(83)
  41 0022 90E0      		ldi r25,0
  42 0024 0E94 0000 		call draw_line
  43               	.LVL1:
  13:screen.c      **** 	draw_line(0,0,84,0); // Top Line
  44               		.loc 1 13 0
  45 0028 20E0      		ldi r18,0
  46 002a 30E0      		ldi r19,0
  47 002c 44E5      		ldi r20,lo8(84)
  48 002e 50E0      		ldi r21,0
  49 0030 60E0      		ldi r22,0
  50 0032 70E0      		ldi r23,0
  51 0034 80E0      		ldi r24,0
  52 0036 90E0      		ldi r25,0
  53 0038 0E94 0000 		call draw_line
  54               	.LVL2:
  14:screen.c      **** 	draw_line(0,47,83,47); // Bottom Line
  55               		.loc 1 14 0
  56 003c 2FE2      		ldi r18,lo8(47)
  57 003e 30E0      		ldi r19,0
  58 0040 43E5      		ldi r20,lo8(83)
  59 0042 50E0      		ldi r21,0
  60 0044 6FE2      		ldi r22,lo8(47)
  61 0046 70E0      		ldi r23,0
  62 0048 80E0      		ldi r24,0
  63 004a 90E0      		ldi r25,0
  64 004c 0E94 0000 		call draw_line
  65               	.LVL3:
  15:screen.c      **** 	draw_line(0,12,83,12); // Score area
  66               		.loc 1 15 0
  67 0050 2CE0      		ldi r18,lo8(12)
  68 0052 30E0      		ldi r19,0
  69 0054 43E5      		ldi r20,lo8(83)
  70 0056 50E0      		ldi r21,0
  71 0058 6CE0      		ldi r22,lo8(12)
  72 005a 70E0      		ldi r23,0
  73 005c 80E0      		ldi r24,0
  74 005e 90E0      		ldi r25,0
  75 0060 0C94 0000 		jmp draw_line
  76               	.LVL4:
  77               		.cfi_endproc
  78               	.LFE0:
  80               		.text
  81               	.Letext0:
DEFINED SYMBOLS
                            *ABS*:00000000 screen.c
/var/folders/dz/7l40hrmj72997lgmj3pdxb_m0000gn/T//ccIrkIh6.s:2      *ABS*:0000003e __SP_H__
/var/folders/dz/7l40hrmj72997lgmj3pdxb_m0000gn/T//ccIrkIh6.s:3      *ABS*:0000003d __SP_L__
/var/folders/dz/7l40hrmj72997lgmj3pdxb_m0000gn/T//ccIrkIh6.s:4      *ABS*:0000003f __SREG__
/var/folders/dz/7l40hrmj72997lgmj3pdxb_m0000gn/T//ccIrkIh6.s:5      *ABS*:00000000 __tmp_reg__
/var/folders/dz/7l40hrmj72997lgmj3pdxb_m0000gn/T//ccIrkIh6.s:6      *ABS*:00000001 __zero_reg__
/var/folders/dz/7l40hrmj72997lgmj3pdxb_m0000gn/T//ccIrkIh6.s:13     .text.screen_lines:00000000 screen_lines

UNDEFINED SYMBOLS
draw_line
